Archive member included to satisfy reference by file (symbol)

app/libapp.a(main.c.obj)      (--whole-archive)
zephyr/libzephyr.a(cbprintf_packaged.c.obj)
                              (--whole-archive)
zephyr/libzephyr.a(dec.c.obj)
                              (--whole-archive)
zephyr/libzephyr.a(fdtable.c.obj)
                              (--whole-archive)
zephyr/libzephyr.a(hex.c.obj)
                              (--whole-archive)
zephyr/libzephyr.a(printk.c.obj)
                              (--whole-archive)
zephyr/libzephyr.a(rb.c.obj)  (--whole-archive)
zephyr/libzephyr.a(sem.c.obj)
                              (--whole-archive)
zephyr/libzephyr.a(thread_entry.c.obj)
                              (--whole-archive)
zephyr/libzephyr.a(timeutil.c.obj)
                              (--whole-archive)
zephyr/libzephyr.a(heap.c.obj)
                              (--whole-archive)
zephyr/libzephyr.a(heap-validate.c.obj)
                              (--whole-archive)
zephyr/libzephyr.a(bitarray.c.obj)
                              (--whole-archive)
zephyr/libzephyr.a(multi_heap.c.obj)
                              (--whole-archive)
zephyr/libzephyr.a(onoff.c.obj)
                              (--whole-archive)
zephyr/libzephyr.a(notify.c.obj)
                              (--whole-archive)
zephyr/libzephyr.a(cbprintf_complete.c.obj)
                              (--whole-archive)
zephyr/libzephyr.a(assert.c.obj)
                              (--whole-archive)
zephyr/libzephyr.a(mpsc_pbuf.c.obj)
                              (--whole-archive)
zephyr/libzephyr.a(reboot.c.obj)
                              (--whole-archive)
zephyr/libzephyr.a(configs.c.obj)
                              (--whole-archive)
zephyr/libzephyr.a(soc_nrf_common.S.obj)
                              (--whole-archive)
zephyr/libzephyr.a(validate_base_addresses.c.obj)
                              (--whole-archive)
zephyr/libzephyr.a(validate_enabled_instances.c.obj)
                              (--whole-archive)
zephyr/libzephyr.a(log_core.c.obj)
                              (--whole-archive)
zephyr/libzephyr.a(log_mgmt.c.obj)
                              (--whole-archive)
zephyr/libzephyr.a(log_cache.c.obj)
                              (--whole-archive)
zephyr/libzephyr.a(log_msg.c.obj)
                              (--whole-archive)
zephyr/libzephyr.a(log_output.c.obj)
                              (--whole-archive)
zephyr/libzephyr.a(log_backend_rtt.c.obj)
                              (--whole-archive)
zephyr/libzephyr.a(log_backend_uart.c.obj)
                              (--whole-archive)
zephyr/libzephyr.a(tracing_none.c.obj)
                              (--whole-archive)
zephyr/arch/common/libarch__common.a(sw_isr_common.c.obj)
                              (--whole-archive)
zephyr/arch/arch/arm/core/aarch32/libarch__arm__core__aarch32.a(cpu_idle.S.obj)
                              (--whole-archive)
zephyr/arch/arch/arm/core/aarch32/libarch__arm__core__aarch32.a(fatal.c.obj)
                              (--whole-archive)
zephyr/arch/arch/arm/core/aarch32/libarch__arm__core__aarch32.a(irq_manage.c.obj)
                              (--whole-archive)
zephyr/arch/arch/arm/core/aarch32/libarch__arm__core__aarch32.a(nmi.c.obj)
                              (--whole-archive)
zephyr/arch/arch/arm/core/aarch32/libarch__arm__core__aarch32.a(nmi_on_reset.S.obj)
                              (--whole-archive)
zephyr/arch/arch/arm/core/aarch32/libarch__arm__core__aarch32.a(prep_c.c.obj)
                              (--whole-archive)
zephyr/arch/arch/arm/core/aarch32/libarch__arm__core__aarch32.a(swap.c.obj)
                              (--whole-archive)
zephyr/arch/arch/arm/core/aarch32/libarch__arm__core__aarch32.a(swap_helper.S.obj)
                              (--whole-archive)
zephyr/arch/arch/arm/core/aarch32/libarch__arm__core__aarch32.a(thread.c.obj)
                              (--whole-archive)
zephyr/arch/arch/arm/core/aarch32/libarch__arm__core__aarch32.a(isr_wrapper.S.obj)
                              (--whole-archive)
zephyr/arch/arch/arm/core/aarch32/libarch__arm__core__aarch32.a(tls.c.obj)
                              (--whole-archive)
zephyr/arch/arch/arm/core/aarch32/cortex_m/libarch__arm__core__aarch32__cortex_m.a(exc_exit.S.obj)
                              (--whole-archive)
zephyr/arch/arch/arm/core/aarch32/cortex_m/libarch__arm__core__aarch32__cortex_m.a(fault.c.obj)
                              (--whole-archive)
zephyr/arch/arch/arm/core/aarch32/cortex_m/libarch__arm__core__aarch32__cortex_m.a(fault_s.S.obj)
                              (--whole-archive)
zephyr/arch/arch/arm/core/aarch32/cortex_m/libarch__arm__core__aarch32__cortex_m.a(fpu.c.obj)
                              (--whole-archive)
zephyr/arch/arch/arm/core/aarch32/cortex_m/libarch__arm__core__aarch32__cortex_m.a(irq_init.c.obj)
                              (--whole-archive)
[...]
Memory Configuration

Name             Origin             Length             Attributes
FLASH            0x0000000000000000 0x0000000000080000 xr
RAM              0x0000000020000000 0x0000000000010000 xw
IDT_LIST         0x00000000fffff7ff 0x0000000000000800 xw
*default*        0x0000000000000000 0xffffffffffffffff

Linker script and memory map

                0x000000000000557c                vfprintf = __i_vfprintf
                0x0000000000000000                vfscanf = __i_vfscanf
LOAD zephyr/CMakeFiles/zephyr_final.dir/misc/empty_file.c.obj
LOAD zephyr/CMakeFiles/zephyr_final.dir/isr_tables.c.obj
LOAD zephyr/CMakeFiles/offsets.dir/./arch/arm/core/offsets/offsets.c.obj
LOAD app/libapp.a
LOAD zephyr/libzephyr.a
LOAD zephyr/arch/common/libarch__common.a
LOAD zephyr/arch/arch/arm/core/aarch32/libarch__arm__core__aarch32.a
LOAD zephyr/arch/arch/arm/core/aarch32/cortex_m/libarch__arm__core__aarch32__cortex_m.a
LOAD zephyr/arch/arch/arm/core/aarch32/mpu/libarch__arm__core__aarch32__mpu.a
LOAD zephyr/lib/libc/picolibc/liblib__libc__picolibc.a
LOAD zephyr/lib/libc/common/liblib__libc__common.a
LOAD zephyr/soc/soc/arm/common/cortex_m/libsoc__arm__common__cortex_m.a
LOAD zephyr/soc/soc/arm/nordic_nrf/nrf52/libsoc__arm__nordic_nrf__nrf52.a
LOAD zephyr/drivers/clock_control/libdrivers__clock_control.a
LOAD zephyr/drivers/console/libdrivers__console.a
LOAD zephyr/drivers/gpio/libdrivers__gpio.a
LOAD zephyr/drivers/pinctrl/libdrivers__pinctrl.a
LOAD zephyr/drivers/serial/libdrivers__serial.a
LOAD zephyr/drivers/timer/libdrivers__timer.a
LOAD modules/nrf/lib/fatal_error/lib..__nrf__lib__fatal_error.a
LOAD modules/hal_nordic/nrfx/libmodules__hal_nordic__nrfx.a
LOAD modules/segger/libmodules__segger.a
LOAD zephyr/kernel/libkernel.a
LOAD c:/ncs/toolchains/ce3b5ff664/opt/zephyr-sdk/arm-zephyr-eabi/bin/../lib/gcc/arm-zephyr-eabi/12.2.0/thumb/v7e-m/nofp\libgcc.a
LOAD zephyr/arch/common/libisr_tables.a
LOAD c:\ncs\toolchains\ce3b5ff664\opt\zephyr-sdk\arm-zephyr-eabi\bin\../lib/gcc/../../picolibc/arm-zephyr-eabi/lib/thumb/v7e-m/nofp\libc.a
LOAD c:/ncs/toolchains/ce3b5ff664/opt/zephyr-sdk/arm-zephyr-eabi/bin/../lib/gcc/arm-zephyr-eabi/12.2.0/thumb/v7e-m/nofp\libgcc.a
                0x0000000000000020                _region_min_align = 0x20

.rel.plt        0x0000000000000000        0x0
 *(SORT_BY_ALIGNMENT(.rel.plt))
                [!provide]                        PROVIDE (__rel_iplt_start = .)
 *(SORT_BY_ALIGNMENT(.rel.iplt))
 .rel.iplt      0x0000000000000000        0x0 zephyr/CMakeFiles/zephyr_final.dir/isr_tables.c.obj
                [!provide]                        PROVIDE (__rel_iplt_end = .)

.rela.plt       0x0000000000000000        0x0
 *(SORT_BY_ALIGNMENT(.rela.plt))
                [!provide]                        PROVIDE (__rela_iplt_start = .)
 *(SORT_BY_ALIGNMENT(.rela.iplt))
                [!provide]                        PROVIDE (__rela_iplt_end = .)

.rel.dyn
 *(SORT_BY_ALIGNMENT(.rel.*))

.rela.dyn
 *(SORT_BY_ALIGNMENT(.rela.*))

/DISCARD/
 *(SORT_BY_ALIGNMENT(.plt))

/DISCARD/
 *(SORT_BY_ALIGNMENT(.iplt))
                0x0000000000000000                __rom_region_start = 0x0

rom_start       0x0000000000000000       0xdc
                0x0000000000000000                __rom_start_address = .
                0x0000000000000000                . = (. + (0x0 - (. - __rom_start_address)))
                0x0000000000000000                . = ALIGN (0x4)
                0x0000000000000000                . = ALIGN (0x80)
                0x0000000000000000                . = ALIGN (0x100)
                0x0000000000000000                _vector_start = .
 *(SORT_BY_ALIGNMENT(.exc_vector_table))
 *(SORT_BY_ALIGNMENT(.exc_vector_table.*))
 .exc_vector_table._vector_table_section
                0x0000000000000000       0x40 zephyr/arch/arch/arm/core/aarch32/cortex_m/libarch__arm__core__aarch32__cortex_m.a(vector_table.S.obj)
                0x0000000000000000                _vector_table
 *(SORT_BY_ALIGNMENT(.vectors))
                0x00000000000000dc                _vector_end = .
                0x0000000000000040                . = ALIGN (0x4)
 *(SORT_BY_ALIGNMENT(.gnu.linkonce.irq_vector_table*))
 .gnu.linkonce.irq_vector_table
                0x0000000000000040       0x9c zephyr/CMakeFiles/zephyr_final.dir/isr_tables.c.obj
                0x0000000000000040                _irq_vector_table
                0x00000000000000dc                _vector_end = .

text            0x00000000000000dc     0x69f8
                0x00000000000000dc                __text_region_start = .
 *(SORT_BY_ALIGNMENT(.text))
 .text          0x00000000000000dc       0x30 c:/ncs/toolchains/ce3b5ff664/opt/zephyr-sdk/arm-zephyr-eabi/bin/../lib/gcc/arm-zephyr-eabi/12.2.0/thumb/v7e-m/nofp\libgcc.a(_aeabi_uldivmod.o)
                0x00000000000000dc                __aeabi_uldivmod
 .text          0x000000000000010c        0x4 c:/ncs/toolchains/ce3b5ff664/opt/zephyr-sdk/arm-zephyr-eabi/bin/../lib/gcc/arm-zephyr-eabi/12.2.0/thumb/v7e-m/nofp\libgcc.a(_dvmd_tls.o)
                0x000000000000010c                __aeabi_idiv0
                0x000000000000010c                __aeabi_ldiv0
 .text          0x0000000000000110      0x2a0 c:/ncs/toolchains/ce3b5ff664/opt/zephyr-sdk/arm-zephyr-eabi/bin/../lib/gcc/arm-zephyr-eabi/12.2.0/thumb/v7e-m/nofp\libgcc.a(_udivmoddi4.o)
                0x0000000000000110                __udivmoddi4
 .text          0x00000000000003b0       0x10 c:\ncs\toolchains\ce3b5ff664\opt\zephyr-sdk\arm-zephyr-eabi\bin\../lib/gcc/../../picolibc/arm-zephyr-eabi/lib/thumb/v7e-m/nofp\libc.a(strlen.S.o)
                0x00000000000003b0                strlen
 *(SORT_BY_ALIGNMENT(.text.*))
 .text.button_pressed
                0x00000000000003c0       0x64 app/libapp.a(main.c.obj)
                0x00000000000003c0                button_pressed
 .text.main     0x0000000000000424      0x18c app/libapp.a(main.c.obj)
                0x0000000000000424                main
 .text.cbvprintf_package
                0x00000000000005b0      0x3a4 zephyr/libzephyr.a(cbprintf_packaged.c.obj)
                0x00000000000005b0                cbvprintf_package
 .text.cbprintf_package_convert
                0x0000000000000954      0x3b0 zephyr/libzephyr.a(cbprintf_packaged.c.obj)
                0x0000000000000954                cbprintf_package_convert
 .text.__printk_hook_install
                0x0000000000000d04        0xc zephyr/libzephyr.a(printk.c.obj)
                0x0000000000000d04                __printk_hook_install
 .text.z_thread_entry
                0x0000000000000d10       0x34 zephyr/libzephyr.a(thread_entry.c.obj)
                0x0000000000000d10                z_thread_entry
 .text.process_event
                0x0000000000000d44      0x21c zephyr/libzephyr.a(onoff.c.obj)
 .text.z_arm_platform_init
                0x0000000000000f60        0x4 zephyr/libzephyr.a(soc_nrf_common.S.obj)
                0x0000000000000f60                z_arm_platform_init
 .text.activate_foreach_backend
                0x0000000000000f64       0x64 zephyr/libzephyr.a(log_core.c.obj)
 .text.enable_logger
                0x0000000000000fc8       0x5c zephyr/libzephyr.a(log_core.c.obj)
 .text.log_process_thread_timer_expiry_fn
                0x0000000000001024        0xc zephyr/libzephyr.a(log_core.c.obj)
 .text.z_log_init
                0x0000000000001030       0x90 zephyr/libzephyr.a(log_core.c.obj)
 .text.log_format_func_t_get
                0x00000000000010c0        0xc zephyr/libzephyr.a(log_core.c.obj)
                0x00000000000010c0                log_format_func_t_get
 .text.log_set_timestamp_func
                0x00000000000010cc       0x20 zephyr/libzephyr.a(log_core.c.obj)
                0x00000000000010cc                log_set_timestamp_func
 .text.z_log_notify_backend_enabled
                0x00000000000010ec       0x1c zephyr/libzephyr.a(log_core.c.obj)
                0x00000000000010ec                z_log_notify_backend_enabled
 .text.z_log_dropped
                0x0000000000001108       0x30 zephyr/libzephyr.a(log_core.c.obj)
                0x0000000000001108                z_log_dropped
 .text.z_log_dropped_read_and_clear
                0x0000000000001138       0x20 zephyr/libzephyr.a(log_core.c.obj)
                0x0000000000001138                z_log_dropped_read_and_clear
 .text.dropped_notify
                0x0000000000001158       0x30 zephyr/libzephyr.a(log_core.c.obj)
                0x0000000000001158                dropped_notify
 .text.z_log_msg_init
                0x0000000000001188       0x20 zephyr/libzephyr.a(log_core.c.obj)
                0x0000000000001188                z_log_msg_init
 .text.log_core_init
                0x00000000000011a8       0x34 zephyr/libzephyr.a(log_core.c.obj)
                0x00000000000011a8                log_core_init
 .text.z_log_msg_alloc
                0x00000000000011dc       0x10 zephyr/libzephyr.a(log_core.c.obj)
                0x00000000000011dc                z_log_msg_alloc
 .text.z_log_msg_local_claim
                0x00000000000011ec        0xc zephyr/libzephyr.a(log_core.c.obj)
                0x00000000000011ec                z_log_msg_local_claim
 .text.z_log_msg_free
                0x00000000000011f8       0x10 zephyr/libzephyr.a(log_core.c.obj)
                0x00000000000011f8                z_log_msg_free
 .text.z_log_msg_pending
                0x0000000000001208        0xc zephyr/libzephyr.a(log_core.c.obj)
                0x0000000000001208                z_log_msg_pending
 .text.z_impl_log_process
                0x0000000000001214       0xbc zephyr/libzephyr.a(log_core.c.obj)
                0x0000000000001214                z_impl_log_process
 .text.z_impl_log_panic
                0x00000000000012d0       0x44 zephyr/libzephyr.a(log_core.c.obj)
                0x00000000000012d0                z_impl_log_panic
 .text.log_process_thread_func
                0x0000000000001314       0xa4 zephyr/libzephyr.a(log_core.c.obj)
 .text.z_log_msg_post_finalize
                0x00000000000013b8       0x78 zephyr/libzephyr.a(log_core.c.obj)
 .text.z_log_msg_commit
                0x0000000000001430       0x24 zephyr/libzephyr.a(log_core.c.obj)
                0x0000000000001430                z_log_msg_commit
 .text.log_source_name_get
                0x0000000000001454       0x1c zephyr/libzephyr.a(log_mgmt.c.obj)
                0x0000000000001454                log_source_name_get
 .text.log_backend_enable
                0x0000000000001470       0x28 zephyr/libzephyr.a(log_mgmt.c.obj)
                0x0000000000001470                log_backend_enable
 .text.z_impl_z_log_msg_static_create
                0x0000000000001498      0x108 zephyr/libzephyr.a(log_msg.c.obj)
                0x0000000000001498                z_impl_z_log_msg_static_create
 .text.z_impl_z_log_msg_runtime_vcreate
                0x00000000000015a0       0x8c zephyr/libzephyr.a(log_msg.c.obj)
                0x00000000000015a0                z_impl_z_log_msg_runtime_vcreate
 .text.print_formatted
                0x000000000000162c       0x24 zephyr/libzephyr.a(log_output.c.obj)
 .text.newline_print
                0x0000000000001650       0x1c zephyr/libzephyr.a(log_output.c.obj)
 .text.log_output_process
                0x000000000000166c      0x2a4 zephyr/libzephyr.a(log_output.c.obj)
                0x000000000000166c                log_output_process
 .text.log_output_msg_process
                0x0000000000001910       0x70 zephyr/libzephyr.a(log_output.c.obj)
                0x0000000000001910                log_output_msg_process
 .text.log_output_dropped_process
                0x0000000000001980       0x58 zephyr/libzephyr.a(log_output.c.obj)
                0x0000000000001980                log_output_dropped_process
 .text.log_output_timestamp_freq_set
                0x00000000000019d8       0x2c zephyr/libzephyr.a(log_output.c.obj)
                0x00000000000019d8                log_output_timestamp_freq_set
 .text.log_backend_rtt_init
                0x0000000000001a04        0xc zephyr/libzephyr.a(log_backend_rtt.c.obj)
 .text.format_set
                0x0000000000001a10        0xc zephyr/libzephyr.a(log_backend_rtt.c.obj)
 .text.panic    0x0000000000001a1c       0x14 zephyr/libzephyr.a(log_backend_rtt.c.obj)
 .text.dropped  0x0000000000001a30        0xc zephyr/libzephyr.a(log_backend_rtt.c.obj)
 .text.process  0x0000000000001a3c       0x24 zephyr/libzephyr.a(log_backend_rtt.c.obj)
 .text.on_failed_write
                0x0000000000001a60       0x28 zephyr/libzephyr.a(log_backend_rtt.c.obj)
 .text.data_out_block_mode
                0x0000000000001a88       0x84 zephyr/libzephyr.a(log_backend_rtt.c.obj)
 .text.format_set
                0x0000000000001b0c        0xc zephyr/libzephyr.a(log_backend_uart.c.obj)
 .text.panic    0x0000000000001b18       0x14 zephyr/libzephyr.a(log_backend_uart.c.obj)
 .text.dropped  0x0000000000001b2c        0xc zephyr/libzephyr.a(log_backend_uart.c.obj)
 .text.process  0x0000000000001b38       0x24 zephyr/libzephyr.a(log_backend_uart.c.obj)
 .text.char_out
                0x0000000000001b5c       0x24 zephyr/libzephyr.a(log_backend_uart.c.obj)
 .text.z_arm_cpu_idle_init
                0x0000000000001b80        0xc zephyr/arch/arch/arm/core/aarch32/libarch__arm__core__aarch32.a(cpu_idle.S.obj)
                0x0000000000001b80                z_arm_cpu_idle_init
 .text.arch_cpu_idle
                0x0000000000001b8c       0x1c zephyr/arch/arch/arm/core/aarch32/libarch__arm__core__aarch32.a(cpu_idle.S.obj)
                0x0000000000001b8c                arch_cpu_idle
 .text.arch_cpu_atomic_idle
                0x0000000000001ba8       0x18 zephyr/arch/arch/arm/core/aarch32/libarch__arm__core__aarch32.a(cpu_idle.S.obj)
                0x0000000000001ba8                arch_cpu_atomic_idle
 .text.z_arm_fatal_error
                0x0000000000001bc0       0xcc zephyr/arch/arch/arm/core/aarch32/libarch__arm__core__aarch32.a(fatal.c.obj)
                0x0000000000001bc0                z_arm_fatal_error
 .text.arch_irq_enable
                0x0000000000001c8c       0x1c zephyr/arch/arch/arm/core/aarch32/libarch__arm__core__aarch32.a(irq_manage.c.obj)
                0x0000000000001c8c                arch_irq_enable
 .text.arch_irq_is_enabled
                0x0000000000001ca8       0x1c zephyr/arch/arch/arm/core/aarch32/libarch__arm__core__aarch32.a(irq_manage.c.obj)
                0x0000000000001ca8                arch_irq_is_enabled
 .text.z_arm_irq_priority_set
                0x0000000000001cc4       0x30 zephyr/arch/arch/arm/core/aarch32/libarch__arm__core__aarch32.a(irq_manage.c.obj)
                0x0000000000001cc4                z_arm_irq_priority_set
 .text.z_SysNmiOnReset
                0x0000000000001cf4        0x8 zephyr/arch/arch/arm/core/aarch32/libarch__arm__core__aarch32.a(nmi_on_reset.S.obj)
                0x0000000000001cf4                z_SysNmiOnReset
 .text.z_arm_prep_c
                0x0000000000001cfc       0x38 zephyr/arch/arch/arm/core/aarch32/libarch__arm__core__aarch32.a(prep_c.c.obj)
                0x0000000000001cfc                z_arm_prep_c
 .text.arch_swap
                0x0000000000001d34       0x34 zephyr/arch/arch/arm/core/aarch32/libarch__arm__core__aarch32.a(swap.c.obj)
                0x0000000000001d34                arch_swap
 .text.z_arm_pendsv
                0x0000000000001d68       0x58 zephyr/arch/arch/arm/core/aarch32/libarch__arm__core__aarch32.a(swap_helper.S.obj)
                0x0000000000001d68                z_arm_pendsv
 .text.z_arm_svc
                0x0000000000001dc0       0x20 zephyr/arch/arch/arm/core/aarch32/libarch__arm__core__aarch32.a(swap_helper.S.obj)
                0x0000000000001dc0                z_arm_svc
 .text.arch_new_thread
                0x0000000000001de0       0x38 zephyr/arch/arch/arm/core/aarch32/libarch__arm__core__aarch32.a(thread.c.obj)
                0x0000000000001de0                arch_new_thread
 .text.arch_switch_to_main_thread
                0x0000000000001e18       0x2c zephyr/arch/arch/arm/core/aarch32/libarch__arm__core__aarch32.a(thread.c.obj)
                0x0000000000001e18                arch_switch_to_main_thread
 .text._isr_wrapper
                0x0000000000001e44       0x28 zephyr/arch/arch/arm/core/aarch32/libarch__arm__core__aarch32.a(isr_wrapper.S.obj)
                0x0000000000001e44                _isr_wrapper
 .text.arch_tls_stack_setup
                0x0000000000001e6c       0x5c zephyr/arch/arch/arm/core/aarch32/libarch__arm__core__aarch32.a(tls.c.obj)
                0x0000000000001e6c                arch_tls_stack_setup
 .text._HandlerModeExit
                0x0000000000001ec8       0x1c zephyr/arch/arch/arm/core/aarch32/cortex_m/libarch__arm__core__aarch32__cortex_m.a(exc_exit.S.obj)
                0x0000000000001ec8                z_arm_int_exit
                0x0000000000001ec8                z_arm_exc_exit
 .text.mem_manage_fault.constprop.0
                0x0000000000001ee4      0x144 zephyr/arch/arch/arm/core/aarch32/cortex_m/libarch__arm__core__aarch32__cortex_m.a(fault.c.obj)
 .text.bus_fault.constprop.0
                0x0000000000002028      0x154 zephyr/arch/arch/arm/core/aarch32/cortex_m/libarch__arm__core__aarch32__cortex_m.a(fault.c.obj)
 .text.usage_fault.constprop.0
                0x000000000000217c      0x104 zephyr/arch/arch/arm/core/aarch32/cortex_m/libarch__arm__core__aarch32__cortex_m.a(fault.c.obj)
 .text.z_arm_fault
                0x0000000000002280      0x224 zephyr/arch/arch/arm/core/aarch32/cortex_m/libarch__arm__core__aarch32__cortex_m.a(fault.c.obj)
                0x0000000000002280                z_arm_fault
 .text.z_arm_fault_init
                0x00000000000024a4       0x10 zephyr/arch/arch/arm/core/aarch32/cortex_m/libarch__arm__core__aarch32__cortex_m.a(fault.c.obj)
                0x00000000000024a4                z_arm_fault_init
 .text.__fault  0x00000000000024b4       0x14 zephyr/arch/arch/arm/core/aarch32/cortex_m/libarch__arm__core__aarch32__cortex_m.a(fault_s.S.obj)
                0x00000000000024b4                z_arm_usage_fault
                0x00000000000024b4                z_arm_mpu_fault
                0x00000000000024b4                z_arm_exc_spurious
                0x00000000000024b4                z_arm_debug_monitor
                0x00000000000024b4                z_arm_hard_fault
                0x00000000000024b4                z_arm_bus_fault
 .text.z_arm_interrupt_init
                0x00000000000024c8       0x18 zephyr/arch/arch/arm/core/aarch32/cortex_m/libarch__arm__core__aarch32__cortex_m.a(irq_init.c.obj)
                0x00000000000024c8                z_arm_interrupt_init
 .text._reset_section
                0x00000000000024e0       0x54 zephyr/arch/arch/arm/core/aarch32/cortex_m/libarch__arm__core__aarch32__cortex_m.a(reset.S.obj)
                0x00000000000024e0                __start
                0x00000000000024e0                z_arm_reset
 .text.sys_arch_reboot
                0x0000000000002534       0x24 zephyr/arch/arch/arm/core/aarch32/cortex_m/libarch__arm__core__aarch32__cortex_m.a(scb.c.obj)
                0x0000000000002534                sys_arch_reboot
 .text.z_arm_clear_arm_mpu_config
                0x0000000000002558       0x24 zephyr/arch/arch/arm/core/aarch32/cortex_m/libarch__arm__core__aarch32__cortex_m.a(scb.c.obj)
                0x0000000000002558                z_arm_clear_arm_mpu_config
 .text.z_arm_init_arch_hw_at_boot
                0x000000000000257c       0x64 zephyr/arch/arch/arm/core/aarch32/cortex_m/libarch__arm__core__aarch32__cortex_m.a(scb.c.obj)
                0x000000000000257c                z_arm_init_arch_hw_at_boot
 .text.z_impl_k_thread_abort
                0x00000000000025e0       0x2c zephyr/arch/arch/arm/core/aarch32/cortex_m/libarch__arm__core__aarch32__cortex_m.a(thread_abort.c.obj)
                0x00000000000025e0                z_impl_k_thread_abort
 .text.z_arm_configure_static_mpu_regions
                0x000000000000260c       0x18 zephyr/arch/arch/arm/core/aarch32/mpu/libarch__arm__core__aarch32__mpu.a(arm_core_mpu.c.obj)
                0x000000000000260c                z_arm_configure_static_mpu_regions
 .text.mpu_configure_regions
                0x0000000000002624       0xcc zephyr/arch/arch/arm/core/aarch32/mpu/libarch__arm__core__aarch32__mpu.a(arm_mpu.c.obj)
 .text.arm_core_mpu_enable
                0x00000000000026f0       0x18 zephyr/arch/arch/arm/core/aarch32/mpu/libarch__arm__core__aarch32__mpu.a(arm_mpu.c.obj)
                0x00000000000026f0                arm_core_mpu_enable
 .text.arm_core_mpu_disable
                0x0000000000002708       0x14 zephyr/arch/arch/arm/core/aarch32/mpu/libarch__arm__core__aarch32__mpu.a(arm_mpu.c.obj)
                0x0000000000002708                arm_core_mpu_disable
 .text.arm_core_mpu_configure_static_mpu_regions
                0x000000000000271c       0x14 zephyr/arch/arch/arm/core/aarch32/mpu/libarch__arm__core__aarch32__mpu.a(arm_mpu.c.obj)
                0x000000000000271c                arm_core_mpu_configure_static_mpu_regions
 .text.z_arm_mpu_init
                0x0000000000002730       0x60 zephyr/arch/arch/arm/core/aarch32/mpu/libarch__arm__core__aarch32__mpu.a(arm_mpu.c.obj)
                0x0000000000002730                z_arm_mpu_init
 .text.z_impl_zephyr_fputc
                0x0000000000002790       0x10 zephyr/lib/libc/picolibc/liblib__libc__picolibc.a(libc-hooks.c.obj)
                0x0000000000002790                z_impl_zephyr_fputc
 .text.__stdout_hook_install
                0x00000000000027a0       0x18 zephyr/lib/libc/picolibc/liblib__libc__picolibc.a(libc-hooks.c.obj)
                0x00000000000027a0                __stdout_hook_install
 .text.cbvprintf
                0x00000000000027b8       0x38 zephyr/lib/libc/picolibc/liblib__libc__picolibc.a(libc-hooks.c.obj)
                0x00000000000027b8                cbvprintf
 .text.malloc_prepare
                0x00000000000027f0       0x24 zephyr/lib/libc/common/liblib__libc__common.a(malloc.c.obj)
 .text.nordicsemi_nrf52_init
                0x0000000000002814       0x18 zephyr/soc/soc/arm/nordic_nrf/nrf52/libsoc__arm__nordic_nrf__nrf52.a(soc.c.obj)
 .text.arch_busy_wait
                0x000000000000282c       0x14 zephyr/soc/soc/arm/nordic_nrf/nrf52/libsoc__arm__nordic_nrf__nrf52.a(soc.c.obj)
                0x000000000000282c                arch_busy_wait
 .text.onoff_stop
                0x0000000000002840       0x30 zephyr/drivers/clock_control/libdrivers__clock_control.a(clock_control_nrf.c.obj)
 .text.onoff_start
                0x0000000000002870       0x44 zephyr/drivers/clock_control/libdrivers__clock_control.a(clock_control_nrf.c.obj)
 .text.generic_hfclk_stop
                0x00000000000028b4       0x34 zephyr/drivers/clock_control/libdrivers__clock_control.a(clock_control_nrf.c.obj)
 .text.clk_init
                0x00000000000028e8       0x58 zephyr/drivers/clock_control/libdrivers__clock_control.a(clock_control_nrf.c.obj)
 .text.clkstarted_handle.constprop.0
                0x0000000000002940       0x34 zephyr/drivers/clock_control/libdrivers__clock_control.a(clock_control_nrf.c.obj)
 .text.clock_event_handler
                0x0000000000002974       0x1c zephyr/drivers/clock_control/libdrivers__clock_control.a(clock_control_nrf.c.obj)
 .text.generic_hfclk_start
                0x0000000000002990       0x64 zephyr/drivers/clock_control/libdrivers__clock_control.a(clock_control_nrf.c.obj)
 .text.api_blocking_start
                0x00000000000029f4       0x34 zephyr/drivers/clock_control/libdrivers__clock_control.a(clock_control_nrf.c.obj)
 .text.lfclk_start
                0x0000000000002a28       0x24 zephyr/drivers/clock_control/libdrivers__clock_control.a(clock_control_nrf.c.obj)
 .text.z_nrf_clock_control_lf_on
                0x0000000000002a4c       0xfc zephyr/drivers/clock_control/libdrivers__clock_control.a(clock_control_nrf.c.obj)
                0x0000000000002a4c                z_nrf_clock_control_lf_on
 .text.rtt_console_init
                0x0000000000002b48       0x18 zephyr/drivers/console/libdrivers__console.a(rtt_console.c.obj)
 .text.rtt_console_out
                0x0000000000002b60       0x54 zephyr/drivers/console/libdrivers__console.a(rtt_console.c.obj)
 .text.uart_console_init
                0x0000000000002bb4       0x28 zephyr/drivers/console/libdrivers__console.a(uart_console.c.obj)
 .text.console_out
                0x0000000000002bdc       0x28 zephyr/drivers/console/libdrivers__console.a(uart_console.c.obj)
 .text.gpio_nrfx_pin_interrupt_configure
                0x0000000000002c04       0xd8 zephyr/drivers/gpio/libdrivers__gpio.a(gpio_nrfx.c.obj)
 .text.gpio_nrfx_init
                0x0000000000002cdc       0x38 zephyr/drivers/gpio/libdrivers__gpio.a(gpio_nrfx.c.obj)
 .text.nrfx_gpio_handler
                0x0000000000002d14       0x3c zephyr/drivers/gpio/libdrivers__gpio.a(gpio_nrfx.c.obj)
 .text.gpio_nrfx_pin_configure
                0x0000000000002d50      0x128 zephyr/drivers/gpio/libdrivers__gpio.a(gpio_nrfx.c.obj)
 .text.pinctrl_configure_pins
                0x0000000000002e78      0x150 zephyr/drivers/pinctrl/libdrivers__pinctrl.a(pinctrl_nrf.c.obj)
                0x0000000000002e78                pinctrl_configure_pins
 .text.uart_nrfx_poll_in
                0x0000000000002fc8       0x24 zephyr/drivers/serial/libdrivers__serial.a(uart_nrfx_uart.c.obj)
 .text.uart_nrfx_err_check
                0x0000000000002fec       0x10 zephyr/drivers/serial/libdrivers__serial.a(uart_nrfx_uart.c.obj)
 .text.uart_nrfx_configure
                0x0000000000002ffc      0x15c zephyr/drivers/serial/libdrivers__serial.a(uart_nrfx_uart.c.obj)
 .text.uart_nrfx_poll_out
                0x0000000000003158       0x7c zephyr/drivers/serial/libdrivers__serial.a(uart_nrfx_uart.c.obj)
 .text.uart_nrfx_init
                0x00000000000031d4       0x54 zephyr/drivers/serial/libdrivers__serial.a(uart_nrfx_uart.c.obj)
 .text.compare_int_lock
                0x0000000000003228       0x48 zephyr/drivers/timer/libdrivers__timer.a(nrf_rtc_timer.c.obj)
 .text.sys_clock_timeout_handler
                0x0000000000003270       0x48 zephyr/drivers/timer/libdrivers__timer.a(nrf_rtc_timer.c.obj)
 .text.compare_int_unlock
                0x00000000000032b8       0x5c zephyr/drivers/timer/libdrivers__timer.a(nrf_rtc_timer.c.obj)
 .text.z_nrf_rtc_timer_read
                0x0000000000003314       0x44 zephyr/drivers/timer/libdrivers__timer.a(nrf_rtc_timer.c.obj)
                0x0000000000003314                z_nrf_rtc_timer_read
 .text.compare_set
                0x0000000000003358      0x130 zephyr/drivers/timer/libdrivers__timer.a(nrf_rtc_timer.c.obj)
 .text.sys_clock_driver_init
                0x0000000000003488       0x90 zephyr/drivers/timer/libdrivers__timer.a(nrf_rtc_timer.c.obj)
 .text.rtc_nrf_isr
                0x0000000000003518       0xd4 zephyr/drivers/timer/libdrivers__timer.a(nrf_rtc_timer.c.obj)
                0x0000000000003518                rtc_nrf_isr
 .text.sys_clock_set_timeout
                0x00000000000035ec       0x68 zephyr/drivers/timer/libdrivers__timer.a(nrf_rtc_timer.c.obj)
                0x00000000000035ec                sys_clock_set_timeout
 .text.sys_clock_elapsed
                0x0000000000003654       0x14 zephyr/drivers/timer/libdrivers__timer.a(nrf_rtc_timer.c.obj)
                0x0000000000003654                sys_clock_elapsed
 .text.k_sys_fatal_error_handler
                0x0000000000003668       0x2c modules/nrf/lib/fatal_error/lib..__nrf__lib__fatal_error.a(fatal_error.c.obj)
                0x0000000000003668                k_sys_fatal_error_handler
 .text.nrf52_errata_16
                0x0000000000003694       0x28 modules/hal_nordic/nrfx/libmodules__hal_nordic__nrfx.a(system_nrf52.c.obj)
 .text.nvmc_wait
                0x00000000000036bc       0x10 modules/hal_nordic/nrfx/libmodules__hal_nordic__nrfx.a(system_nrf52.c.obj)
                0x00000000000036bc                nvmc_wait
 .text.SystemInit
                0x00000000000036cc      0x278 modules/hal_nordic/nrfx/libmodules__hal_nordic__nrfx.a(system_nrf52.c.obj)
                0x00000000000036cc                SystemInit
 .text.nrfx_flag32_alloc
                0x0000000000003944       0x48 modules/hal_nordic/nrfx/libmodules__hal_nordic__nrfx.a(nrfx_flag32_allocator.c.obj)
                0x0000000000003944                nrfx_flag32_alloc
 .text.nrfx_flag32_free
                0x000000000000398c       0x40 modules/hal_nordic/nrfx/libmodules__hal_nordic__nrfx.a(nrfx_flag32_allocator.c.obj)
                0x000000000000398c                nrfx_flag32_free
 .text.clock_stop
                0x00000000000039cc       0xc4 modules/hal_nordic/nrfx/libmodules__hal_nordic__nrfx.a(nrfx_clock.c.obj)
 .text.nrfx_clock_init
                0x0000000000003a90       0x20 modules/hal_nordic/nrfx/libmodules__hal_nordic__nrfx.a(nrfx_clock.c.obj)
                0x0000000000003a90                nrfx_clock_init
 .text.nrfx_clock_start
                0x0000000000003ab0       0xb0 modules/hal_nordic/nrfx/libmodules__hal_nordic__nrfx.a(nrfx_clock.c.obj)
                0x0000000000003ab0                nrfx_clock_start
 .text.nrfx_power_clock_irq_handler
                0x0000000000003b60       0x68 modules/hal_nordic/nrfx/libmodules__hal_nordic__nrfx.a(nrfx_clock.c.obj)
                0x0000000000003b60                nrfx_power_clock_irq_handler
 .text.pin_in_use_by_te
                0x0000000000003bc8       0x14 modules/hal_nordic/nrfx/libmodules__hal_nordic__nrfx.a(nrfx_gpiote.c.obj)
 .text.pin_is_output
                0x0000000000003bdc       0x14 modules/hal_nordic/nrfx/libmodules__hal_nordic__nrfx.a(nrfx_gpiote.c.obj)
 .text.pin_te_get
                0x0000000000003bf0       0x14 modules/hal_nordic/nrfx/libmodules__hal_nordic__nrfx.a(nrfx_gpiote.c.obj)
 .text.call_handler
                0x0000000000003c04       0x3c modules/hal_nordic/nrfx/libmodules__hal_nordic__nrfx.a(nrfx_gpiote.c.obj)
 .text.release_handler
                0x0000000000003c40       0x54 modules/hal_nordic/nrfx/libmodules__hal_nordic__nrfx.a(nrfx_gpiote.c.obj)
 .text.__nrfy_internal_gpiote_events_process.constprop.0
                0x0000000000003c94       0x54 modules/hal_nordic/nrfx/libmodules__hal_nordic__nrfx.a(nrfx_gpiote.c.obj)
 .text.nrfx_gpiote_input_configure
                0x0000000000003ce8      0x160 modules/hal_nordic/nrfx/libmodules__hal_nordic__nrfx.a(nrfx_gpiote.c.obj)
                0x0000000000003ce8                nrfx_gpiote_input_configure
 .text.nrfx_gpiote_output_configure
                0x0000000000003e48       0xec modules/hal_nordic/nrfx/libmodules__hal_nordic__nrfx.a(nrfx_gpiote.c.obj)
                0x0000000000003e48                nrfx_gpiote_output_configure
 .text.nrfx_gpiote_global_callback_set
                0x0000000000003f34        0xc modules/hal_nordic/nrfx/libmodules__hal_nordic__nrfx.a(nrfx_gpiote.c.obj)
                0x0000000000003f34                nrfx_gpiote_global_callback_set
 .text.nrfx_gpiote_channel_get
                0x0000000000003f40       0x2c modules/hal_nordic/nrfx/libmodules__hal_nordic__nrfx.a(nrfx_gpiote.c.obj)
                0x0000000000003f40                nrfx_gpiote_channel_get
 .text.nrfx_gpiote_init
                0x0000000000003f6c       0x50 modules/hal_nordic/nrfx/libmodules__hal_nordic__nrfx.a(nrfx_gpiote.c.obj)
                0x0000000000003f6c                nrfx_gpiote_init
 .text.nrfx_gpiote_is_init
                0x0000000000003fbc       0x14 modules/hal_nordic/nrfx/libmodules__hal_nordic__nrfx.a(nrfx_gpiote.c.obj)
                0x0000000000003fbc                nrfx_gpiote_is_init
 .text.nrfx_gpiote_channel_free
                0x0000000000003fd0        0xc modules/hal_nordic/nrfx/libmodules__hal_nordic__nrfx.a(nrfx_gpiote.c.obj)
                0x0000000000003fd0                nrfx_gpiote_channel_free
 .text.nrfx_gpiote_channel_alloc
                0x0000000000003fdc        0xc modules/hal_nordic/nrfx/libmodules__hal_nordic__nrfx.a(nrfx_gpiote.c.obj)
                0x0000000000003fdc                nrfx_gpiote_channel_alloc
 .text.nrfx_gpiote_trigger_enable
                0x0000000000003fe8       0x98 modules/hal_nordic/nrfx/libmodules__hal_nordic__nrfx.a(nrfx_gpiote.c.obj)
                0x0000000000003fe8                nrfx_gpiote_trigger_enable
 .text.nrfx_gpiote_trigger_disable
                0x0000000000004080       0x4c modules/hal_nordic/nrfx/libmodules__hal_nordic__nrfx.a(nrfx_gpiote.c.obj)
                0x0000000000004080                nrfx_gpiote_trigger_disable
 .text.nrfx_gpiote_pin_uninit
                0x00000000000040cc       0x78 modules/hal_nordic/nrfx/libmodules__hal_nordic__nrfx.a(nrfx_gpiote.c.obj)
                0x00000000000040cc                nrfx_gpiote_pin_uninit
 .text.nrfx_gpiote_irq_handler
                0x0000000000004144      0x15c modules/hal_nordic/nrfx/libmodules__hal_nordic__nrfx.a(nrfx_gpiote.c.obj)
                0x0000000000004144                nrfx_gpiote_irq_handler
 .text._DoInit  0x00000000000042a0       0x60 modules/segger/libmodules__segger.a(SEGGER_RTT.c.obj)
 .text.SEGGER_RTT_WriteSkipNoLock
                0x0000000000004300       0x88 modules/segger/libmodules__segger.a(SEGGER_RTT.c.obj)
                0x0000000000004300                SEGGER_RTT_WriteSkipNoLock
 .text.SEGGER_RTT_WriteNoLock
                0x0000000000004388       0x58 modules/segger/libmodules__segger.a(SEGGER_RTT.c.obj)
                0x0000000000004388                SEGGER_RTT_WriteNoLock
 .text.SEGGER_RTT_HasDataUp
                0x00000000000043e0       0x14 modules/segger/libmodules__segger.a(SEGGER_RTT.c.obj)
                0x00000000000043e0                SEGGER_RTT_HasDataUp
 .text.zephyr_rtt_mutex_lock
                0x00000000000043f4       0x14 modules/segger/libmodules__segger.a(SEGGER_RTT_zephyr.c.obj)
                0x00000000000043f4                zephyr_rtt_mutex_lock
 .text.zephyr_rtt_mutex_unlock
                0x0000000000004408        0xc modules/segger/libmodules__segger.a(SEGGER_RTT_zephyr.c.obj)
                0x0000000000004408                zephyr_rtt_mutex_unlock
 .text.z_fatal_error
                0x0000000000004414      0x100 zephyr/kernel/libkernel.a(fatal.c.obj)
                0x0000000000004414                z_fatal_error
 .text.z_sys_init_run_level
                0x0000000000004514       0x48 zephyr/kernel/libkernel.a(init.c.obj)
 .text.bg_thread_main
                0x000000000000455c       0x34 zephyr/kernel/libkernel.a(init.c.obj)
 .text.z_bss_zero
                0x0000000000004590       0x18 zephyr/kernel/libkernel.a(init.c.obj)
                0x0000000000004590                z_bss_zero
 .text.z_init_cpu
                0x00000000000045a8       0x84 zephyr/kernel/libkernel.a(init.c.obj)
                0x00000000000045a8                z_init_cpu
 .text.z_cstart
                0x000000000000462c       0xe0 zephyr/kernel/libkernel.a(init.c.obj)
                0x000000000000462c                z_cstart
 .text.z_setup_new_thread
                0x000000000000470c       0x7c zephyr/kernel/libkernel.a(thread.c.obj)
                0x000000000000470c                z_setup_new_thread
 .text.z_impl_k_thread_create
                0x0000000000004788       0x58 zephyr/kernel/libkernel.a(thread.c.obj)
                0x0000000000004788                z_impl_k_thread_create
 .text.z_init_static_threads
                0x00000000000047e0       0xb8 zephyr/kernel/libkernel.a(thread.c.obj)
                0x00000000000047e0                z_init_static_threads
 .text.z_impl_k_mutex_lock
                0x0000000000004898       0xf4 zephyr/kernel/libkernel.a(mutex.c.obj)
                0x0000000000004898                z_impl_k_mutex_lock
 .text.z_impl_k_mutex_unlock
                0x000000000000498c       0x78 zephyr/kernel/libkernel.a(mutex.c.obj)
                0x000000000000498c                z_impl_k_mutex_unlock
 .text.z_impl_k_sem_give
                0x0000000000004a04       0x48 zephyr/kernel/libkernel.a(sem.c.obj)
                0x0000000000004a04                z_impl_k_sem_give
 .text.z_impl_k_sem_take
                0x0000000000004a4c       0x50 zephyr/kernel/libkernel.a(sem.c.obj)
                0x0000000000004a4c                z_impl_k_sem_take
 .text.sliceable
                0x0000000000004a9c       0x3c zephyr/kernel/libkernel.a(sched.c.obj)
 .text.slice_timeout
                0x0000000000004ad8       0x20 zephyr/kernel/libkernel.a(sched.c.obj)
 .text.z_reset_time_slice
                0x0000000000004af8       0x50 zephyr/kernel/libkernel.a(sched.c.obj)
                0x0000000000004af8                z_reset_time_slice
 .text.update_cache
                0x0000000000004b48       0x3c zephyr/kernel/libkernel.a(sched.c.obj)
 .text.move_thread_to_end_of_prio_q
                0x0000000000004b84       0x74 zephyr/kernel/libkernel.a(sched.c.obj)
 .text.ready_thread
                0x0000000000004bf8       0x68 zephyr/kernel/libkernel.a(sched.c.obj)
 .text.unready_thread
                0x0000000000004c60       0x30 zephyr/kernel/libkernel.a(sched.c.obj)
 .text.pend_locked
                0x0000000000004c90       0x30 zephyr/kernel/libkernel.a(sched.c.obj)
 .text.z_time_slice
                0x0000000000004cc0       0x60 zephyr/kernel/libkernel.a(sched.c.obj)
                0x0000000000004cc0                z_time_slice
 .text.z_pend_curr
                0x0000000000004d20       0x3c zephyr/kernel/libkernel.a(sched.c.obj)
                0x0000000000004d20                z_pend_curr
 .text.z_set_prio
                0x0000000000004d5c       0x8c zephyr/kernel/libkernel.a(sched.c.obj)
                0x0000000000004d5c                z_set_prio
 .text.z_reschedule
                0x0000000000004de8       0x24 zephyr/kernel/libkernel.a(sched.c.obj)
                0x0000000000004de8                z_reschedule
 .text.z_sched_start
                0x0000000000004e0c       0x3c zephyr/kernel/libkernel.a(sched.c.obj)
                0x0000000000004e0c                z_sched_start
 .text.z_impl_k_thread_suspend
                0x0000000000004e48       0x64 zephyr/kernel/libkernel.a(sched.c.obj)
                0x0000000000004e48                z_impl_k_thread_suspend
 .text.k_sched_lock
                0x0000000000004eac       0x28 zephyr/kernel/libkernel.a(sched.c.obj)
                0x0000000000004eac                k_sched_lock
 .text.k_sched_unlock
                0x0000000000004ed4       0x38 zephyr/kernel/libkernel.a(sched.c.obj)
                0x0000000000004ed4                k_sched_unlock
 .text.z_sched_init
                0x0000000000004f0c       0x10 zephyr/kernel/libkernel.a(sched.c.obj)
                0x0000000000004f0c                z_sched_init
 .text.z_impl_k_yield
                0x0000000000004f1c       0x7c zephyr/kernel/libkernel.a(sched.c.obj)
                0x0000000000004f1c                z_impl_k_yield
 .text.z_tick_sleep
                0x0000000000004f98       0x88 zephyr/kernel/libkernel.a(sched.c.obj)
 .text.z_impl_k_sleep
                0x0000000000005020       0x34 zephyr/kernel/libkernel.a(sched.c.obj)
                0x0000000000005020                z_impl_k_sleep
 .text.z_impl_z_current_get
                0x0000000000005054        0xc zephyr/kernel/libkernel.a(sched.c.obj)
                0x0000000000005054                z_impl_z_current_get
 .text.z_thread_abort
                0x0000000000005060       0xc0 zephyr/kernel/libkernel.a(sched.c.obj)
                0x0000000000005060                z_thread_abort
 .text.z_data_copy
                0x0000000000005120       0x34 zephyr/kernel/libkernel.a(xip.c.obj)
                0x0000000000005120                z_data_copy
 .text.elapsed  0x0000000000005154       0x14 zephyr/kernel/libkernel.a(timeout.c.obj)
 .text.next_timeout
                0x0000000000005168       0x40 zephyr/kernel/libkernel.a(timeout.c.obj)
 .text.remove_timeout
                0x00000000000051a8       0x38 zephyr/kernel/libkernel.a(timeout.c.obj)
 .text.z_add_timeout
                0x00000000000051e0       0xec zephyr/kernel/libkernel.a(timeout.c.obj)
                0x00000000000051e0                z_add_timeout
 .text.sys_clock_announce
                0x00000000000052cc       0xd4 zephyr/kernel/libkernel.a(timeout.c.obj)
                0x00000000000052cc                sys_clock_announce
 .text.sys_clock_tick_get
                0x00000000000053a0       0x34 zephyr/kernel/libkernel.a(timeout.c.obj)
                0x00000000000053a0                sys_clock_tick_get
 .text.z_timer_expiration_handler
                0x00000000000053d4       0xe4 zephyr/kernel/libkernel.a(timer.c.obj)
                0x00000000000053d4                z_timer_expiration_handler
 .text.z_impl_k_timer_start
                0x00000000000054b8       0x60 zephyr/kernel/libkernel.a(timer.c.obj)
                0x00000000000054b8                z_impl_k_timer_start
 .text.boot_banner
                0x0000000000005518        0xc zephyr/kernel/libkernel.a(banner.c.obj)
                0x0000000000005518                boot_banner
 .text.snprintf
                0x0000000000005524       0x58 c:\ncs\toolchains\ce3b5ff664\opt\zephyr-sdk\arm-zephyr-eabi\bin\../lib/gcc/../../picolibc/arm-zephyr-eabi/lib/thumb/v7e-m/nofp\libc.a(libc_tinystdio_snprintf.c.o)
                0x0000000000005524                snprintf
 .text.__i_vfprintf
                0x000000000000557c      0x49c c:\ncs\toolchains\ce3b5ff664\opt\zephyr-sdk\arm-zephyr-eabi\bin\../lib/gcc/../../picolibc/arm-zephyr-eabi/lib/thumb/v7e-m/nofp\libc.a(libc_tinystdio_vfiprintf.c.o)
                0x000000000000557c                __i_vfprintf
 .text._OffsetAbsSyms
                0x0000000000005a18        0x2 zephyr/CMakeFiles/offsets.dir/./arch/arm/core/offsets/offsets.c.obj
                0x0000000000005a18                _OffsetAbsSyms
 .text.gpio_pin_configure_dt
                0x0000000000005a1a       0x3e app/libapp.a(main.c.obj)
 .text.cbpprintf_external
                0x0000000000005a58       0x62 zephyr/libzephyr.a(cbprintf_packaged.c.obj)
                0x0000000000005a58                cbpprintf_external
 .text.is_ptr   0x0000000000005aba       0x4a zephyr/libzephyr.a(cbprintf_packaged.c.obj)
                0x0000000000005aba                is_ptr
 .text.arch_printk_char_out
                0x0000000000005b04        0x4 zephyr/libzephyr.a(printk.c.obj)
                0x0000000000005b04                arch_printk_char_out
 .text.printk   0x0000000000005b08       0x1a zephyr/libzephyr.a(printk.c.obj)
                0x0000000000005b08                printk
 .text.chunk_size
                0x0000000000005b22        0xa zephyr/libzephyr.a(heap.c.obj)
 .text.free_list_add
                0x0000000000005b2c       0x4e zephyr/libzephyr.a(heap.c.obj)
 .text.sys_heap_init
                0x0000000000005b7a       0x7a zephyr/libzephyr.a(heap.c.obj)
                0x0000000000005b7a                sys_heap_init
 .text.process_recheck
                0x0000000000005bf4       0x38 zephyr/libzephyr.a(onoff.c.obj)
 .text.validate_args
                0x0000000000005c2c       0x20 zephyr/libzephyr.a(onoff.c.obj)
 .text.notify_one
                0x0000000000005c4c       0x2c zephyr/libzephyr.a(onoff.c.obj)
 .text.transition_complete
                0x0000000000005c78       0x1c zephyr/libzephyr.a(onoff.c.obj)
 .text.onoff_manager_init
                0x0000000000005c94       0x26 zephyr/libzephyr.a(onoff.c.obj)
                0x0000000000005c94                onoff_manager_init
 .text.onoff_request
                0x0000000000005cba       0xb0 zephyr/libzephyr.a(onoff.c.obj)
                0x0000000000005cba                onoff_request
 .text.sys_notify_validate
                0x0000000000005d6a       0x22 zephyr/libzephyr.a(notify.c.obj)
                0x0000000000005d6a                sys_notify_validate
 .text.sys_notify_finalize
                0x0000000000005d8c       0x1a zephyr/libzephyr.a(notify.c.obj)
                0x0000000000005d8c                sys_notify_finalize
 .text.free_space
                0x0000000000005da6       0x26 zephyr/libzephyr.a(mpsc_pbuf.c.obj)
 .text.get_usage
                0x0000000000005dcc       0x22 zephyr/libzephyr.a(mpsc_pbuf.c.obj)
 .text.idx_inc  0x0000000000005dee       0x1c zephyr/libzephyr.a(mpsc_pbuf.c.obj)
 .text.rd_idx_inc
                0x0000000000005e0a       0x18 zephyr/libzephyr.a(mpsc_pbuf.c.obj)
 .text.add_skip_item
                0x0000000000005e22       0x3a zephyr/libzephyr.a(mpsc_pbuf.c.obj)
 .text.drop_item_locked
                0x0000000000005e5c       0xee zephyr/libzephyr.a(mpsc_pbuf.c.obj)
 .text.post_drop_action
                0x0000000000005f4a       0x36 zephyr/libzephyr.a(mpsc_pbuf.c.obj)
 .text.max_utilization_update
                0x0000000000005f80       0x1a zephyr/libzephyr.a(mpsc_pbuf.c.obj)
 .text.mpsc_pbuf_init
                0x0000000000005f9a       0x42 zephyr/libzephyr.a(mpsc_pbuf.c.obj)
                0x0000000000005f9a                mpsc_pbuf_init
 .text.mpsc_pbuf_alloc
                0x0000000000005fdc       0xfc zephyr/libzephyr.a(mpsc_pbuf.c.obj)
                0x0000000000005fdc                mpsc_pbuf_alloc
 .text.mpsc_pbuf_commit
                0x00000000000060d8       0x40 zephyr/libzephyr.a(mpsc_pbuf.c.obj)
                0x00000000000060d8                mpsc_pbuf_commit
 .text.mpsc_pbuf_claim
                0x0000000000006118       0xa4 zephyr/libzephyr.a(mpsc_pbuf.c.obj)
                0x0000000000006118                mpsc_pbuf_claim
 .text.mpsc_pbuf_free
                0x00000000000061bc       0x78 zephyr/libzephyr.a(mpsc_pbuf.c.obj)
                0x00000000000061bc                mpsc_pbuf_free
 .text.mpsc_pbuf_is_pending
                0x0000000000006234       0x1a zephyr/libzephyr.a(mpsc_pbuf.c.obj)
                0x0000000000006234                mpsc_pbuf_is_pending
 .text._ConfigAbsSyms
                0x000000000000624e        0x2 zephyr/libzephyr.a(configs.c.obj)
                0x000000000000624e                _ConfigAbsSyms
 .text.log_msg_generic_get_wlen
                0x0000000000006250       0x20 zephyr/libzephyr.a(log_core.c.obj)
 .text.dummy_timestamp
                0x0000000000006270        0x4 zephyr/libzephyr.a(log_core.c.obj)
 .text.default_get_timestamp
                0x0000000000006274        0x4 zephyr/libzephyr.a(log_core.c.obj)
 .text.atomic_inc
                0x0000000000006278       0x1a zephyr/libzephyr.a(log_core.c.obj)
 .text.z_log_vprintk
                0x0000000000006292       0x1c zephyr/libzephyr.a(log_core.c.obj)
                0x0000000000006292                z_log_vprintk
 .text.z_log_notify_drop
                0x00000000000062ae        0x6 zephyr/libzephyr.a(log_core.c.obj)
 .text.z_log_get_tag
                0x00000000000062b4        0x4 zephyr/libzephyr.a(log_core.c.obj)
                0x00000000000062b4                z_log_get_tag
 .text.z_cbprintf_cpy
                0x00000000000062b8       0x2c zephyr/libzephyr.a(log_msg.c.obj)
 .text.z_log_msg_finalize
                0x00000000000062e4       0x32 zephyr/libzephyr.a(log_msg.c.obj)
                0x00000000000062e4                z_log_msg_finalize
 .text.buffer_write
                0x0000000000006316       0x1a zephyr/libzephyr.a(log_output.c.obj)
 .text.log_output_flush
                0x0000000000006330       0x1a zephyr/libzephyr.a(log_output.c.obj)
                0x0000000000006330                log_output_flush
 .text.out_func
                0x000000000000634a       0x36 zephyr/libzephyr.a(log_output.c.obj)
 .text.cr_out_func
                0x0000000000006380       0x1c zephyr/libzephyr.a(log_output.c.obj)
 .text.log_backend_uart_init
                0x000000000000639c        0x2 zephyr/libzephyr.a(log_backend_uart.c.obj)
 .text.z_do_kernel_oops
                0x000000000000639e        0x8 zephyr/arch/arch/arm/core/aarch32/libarch__arm__core__aarch32.a(fatal.c.obj)
                0x000000000000639e                z_do_kernel_oops
 .text.z_irq_spurious
                0x00000000000063a6        0x8 zephyr/arch/arch/arm/core/aarch32/libarch__arm__core__aarch32.a(irq_manage.c.obj)
                0x00000000000063a6                z_irq_spurious
 .text.z_arm_nmi
                0x00000000000063ae        0xe zephyr/arch/arch/arm/core/aarch32/libarch__arm__core__aarch32.a(nmi.c.obj)
                0x00000000000063ae                z_arm_nmi
 .text.z_log_msg_static_create.constprop.0
                0x00000000000063bc        0x6 zephyr/arch/arch/arm/core/aarch32/cortex_m/libarch__arm__core__aarch32__cortex_m.a(fault.c.obj)
 .text.cbputc   0x00000000000063c2        0xc zephyr/lib/libc/picolibc/liblib__libc__picolibc.a(libc-hooks.c.obj)
 .text.picolibc_put
                0x00000000000063ce        0xa zephyr/lib/libc/picolibc/liblib__libc__picolibc.a(libc-hooks.c.obj)
 .text.get_status
                0x00000000000063d8       0x12 zephyr/drivers/clock_control/libdrivers__clock_control.a(clock_control_nrf.c.obj)
 .text.set_on_state
                0x00000000000063ea       0x26 zephyr/drivers/clock_control/libdrivers__clock_control.a(clock_control_nrf.c.obj)
 .text.stop     0x0000000000006410       0x52 zephyr/drivers/clock_control/libdrivers__clock_control.a(clock_control_nrf.c.obj)
 .text.api_stop
                0x0000000000006462        0x6 zephyr/drivers/clock_control/libdrivers__clock_control.a(clock_control_nrf.c.obj)
 .text.async_start
                0x0000000000006468       0x5c zephyr/drivers/clock_control/libdrivers__clock_control.a(clock_control_nrf.c.obj)
 .text.api_start
                0x00000000000064c4        0xe zephyr/drivers/clock_control/libdrivers__clock_control.a(clock_control_nrf.c.obj)
 .text.onoff_started_callback
                0x00000000000064d2       0x12 zephyr/drivers/clock_control/libdrivers__clock_control.a(clock_control_nrf.c.obj)
 .text.lfclk_stop
                0x00000000000064e4        0x6 zephyr/drivers/clock_control/libdrivers__clock_control.a(clock_control_nrf.c.obj)
 .text.blocking_start_callback
                0x00000000000064ea        0x6 zephyr/drivers/clock_control/libdrivers__clock_control.a(clock_control_nrf.c.obj)
 .text.gpio_nrfx_port_get_raw
                0x00000000000064f0        0xe zephyr/drivers/gpio/libdrivers__gpio.a(gpio_nrfx.c.obj)
 .text.gpio_nrfx_port_set_masked_raw
                0x00000000000064fe       0x18 zephyr/drivers/gpio/libdrivers__gpio.a(gpio_nrfx.c.obj)
 .text.gpio_nrfx_port_set_bits_raw
                0x0000000000006516        0xc zephyr/drivers/gpio/libdrivers__gpio.a(gpio_nrfx.c.obj)
 .text.gpio_nrfx_port_clear_bits_raw
                0x0000000000006522        0xc zephyr/drivers/gpio/libdrivers__gpio.a(gpio_nrfx.c.obj)
 .text.gpio_nrfx_port_toggle_bits
                0x000000000000652e       0x1a zephyr/drivers/gpio/libdrivers__gpio.a(gpio_nrfx.c.obj)
 .text.gpio_nrfx_manage_callback
                0x0000000000006548       0x52 zephyr/drivers/gpio/libdrivers__gpio.a(gpio_nrfx.c.obj)
 .text.pinctrl_lookup_state
                0x000000000000659a       0x26 zephyr/drivers/pinctrl/libdrivers__pinctrl.a(common.c.obj)
                0x000000000000659a                pinctrl_lookup_state
 .text.uart_nrfx_config_get
                0x00000000000065c0       0x10 zephyr/drivers/serial/libdrivers__serial.a(uart_nrfx_uart.c.obj)
 .text.event_clear
                0x00000000000065d0       0x18 zephyr/drivers/timer/libdrivers__timer.a(nrf_rtc_timer.c.obj)
 .text.sys_clock_cycle_get_32
                0x00000000000065e8        0x8 zephyr/drivers/timer/libdrivers__timer.a(nrf_rtc_timer.c.obj)
                0x00000000000065e8                sys_clock_cycle_get_32
 .text.nrf52_errata_12
                0x00000000000065f0       0x1c modules/hal_nordic/nrfx/libmodules__hal_nordic__nrfx.a(system_nrf52.c.obj)
 .text.nrfx_isr
                0x000000000000660c        0x2 modules/hal_nordic/nrfx/libmodules__hal_nordic__nrfx.a(nrfx_glue.c.obj)
                0x000000000000660c                nrfx_isr
 .text.nrfx_busy_wait
                0x000000000000660e        0x4 modules/hal_nordic/nrfx/libmodules__hal_nordic__nrfx.a(nrfx_glue.c.obj)
                0x000000000000660e                nrfx_busy_wait
 .text.nrfx_clock_enable
                0x0000000000006612       0x1a modules/hal_nordic/nrfx/libmodules__hal_nordic__nrfx.a(nrfx_clock.c.obj)
                0x0000000000006612                nrfx_clock_enable
 .text.nrfx_clock_stop
                0x000000000000662c        0x4 modules/hal_nordic/nrfx/libmodules__hal_nordic__nrfx.a(nrfx_clock.c.obj)
                0x000000000000662c                nrfx_clock_stop
 .text.nrf_gpio_pin_port_decode
                0x0000000000006630       0x14 modules/hal_nordic/nrfx/libmodules__hal_nordic__nrfx.a(nrfx_gpiote.c.obj)
 .text.nrf_gpio_reconfigure
                0x0000000000006644       0x92 modules/hal_nordic/nrfx/libmodules__hal_nordic__nrfx.a(nrfx_gpiote.c.obj)
 .text.nrf_gpio_cfg_sense_set
                0x00000000000066d6       0x1e modules/hal_nordic/nrfx/libmodules__hal_nordic__nrfx.a(nrfx_gpiote.c.obj)
 .text._GetAvailWriteSpace
                0x00000000000066f4       0x12 modules/segger/libmodules__segger.a(SEGGER_RTT.c.obj)
 .text._WriteNoCheck
                0x0000000000006706       0x3a modules/segger/libmodules__segger.a(SEGGER_RTT.c.obj)
 .text._WriteBlocking
                0x0000000000006740       0x54 modules/segger/libmodules__segger.a(SEGGER_RTT.c.obj)
 .text.SEGGER_RTT_Init
                0x0000000000006794        0x4 modules/segger/libmodules__segger.a(SEGGER_RTT.c.obj)
                0x0000000000006794                SEGGER_RTT_Init
 .text.rtt_init
                0x0000000000006798        0xa modules/segger/libmodules__segger.a(SEGGER_RTT_zephyr.c.obj)
 .text.z_impl_k_busy_wait
                0x00000000000067a2        0x8 zephyr/kernel/libkernel.a(busy_wait.c.obj)
                0x00000000000067a2                z_impl_k_busy_wait
 .text.z_device_state_init
                0x00000000000067aa        0x2 zephyr/kernel/libkernel.a(device.c.obj)
                0x00000000000067aa                z_device_state_init
 .text.z_device_is_ready
                0x00000000000067ac       0x16 zephyr/kernel/libkernel.a(device.c.obj)
                0x00000000000067ac                z_device_is_ready
 .text.z_early_memset
                0x00000000000067c2        0x4 zephyr/kernel/libkernel.a(init.c.obj)
                0x00000000000067c2                z_early_memset
 .text.z_early_memcpy
                0x00000000000067c6        0x4 zephyr/kernel/libkernel.a(init.c.obj)
                0x00000000000067c6                z_early_memcpy
 .text.k_is_in_isr
                0x00000000000067ca        0xc zephyr/kernel/libkernel.a(thread.c.obj)
                0x00000000000067ca                k_is_in_isr
 .text.z_impl_k_thread_name_set
                0x00000000000067d6        0x6 zephyr/kernel/libkernel.a(thread.c.obj)
                0x00000000000067d6                z_impl_k_thread_name_set
 .text.k_thread_name_get
                0x00000000000067dc        0x4 zephyr/kernel/libkernel.a(thread.c.obj)
                0x00000000000067dc                k_thread_name_get
 .text.idle     0x00000000000067e0       0x18 zephyr/kernel/libkernel.a(idle.c.obj)
                0x00000000000067e0                idle
 .text.adjust_owner_prio.isra.0
                0x00000000000067f8       0x10 zephyr/kernel/libkernel.a(mutex.c.obj)
 .text.z_impl_k_sem_init
                0x0000000000006808       0x18 zephyr/kernel/libkernel.a(sem.c.obj)
                0x0000000000006808                z_impl_k_sem_init
 .text.sys_dlist_remove
                0x0000000000006820       0x10 zephyr/kernel/libkernel.a(sched.c.obj)
 .text.unpend_thread_no_timeout
                0x0000000000006830       0x14 zephyr/kernel/libkernel.a(sched.c.obj)
 .text.add_to_waitq_locked
                0x0000000000006844       0x50 zephyr/kernel/libkernel.a(sched.c.obj)
 .text.z_ready_thread
                0x0000000000006894       0x20 zephyr/kernel/libkernel.a(sched.c.obj)
                0x0000000000006894                z_ready_thread
 .text.z_unpend_thread_no_timeout
                0x00000000000068b4       0x24 zephyr/kernel/libkernel.a(sched.c.obj)
                0x00000000000068b4                z_unpend_thread_no_timeout
 .text.z_sched_wake_thread
                0x00000000000068d8       0x44 zephyr/kernel/libkernel.a(sched.c.obj)
                0x00000000000068d8                z_sched_wake_thread
 .text.z_thread_timeout
                0x000000000000691c        0x8 zephyr/kernel/libkernel.a(sched.c.obj)
                0x000000000000691c                z_thread_timeout
 .text.z_unpend1_no_timeout
                0x0000000000006924       0x2e zephyr/kernel/libkernel.a(sched.c.obj)
                0x0000000000006924                z_unpend1_no_timeout
 .text.z_unpend_first_thread
                0x0000000000006952       0x38 zephyr/kernel/libkernel.a(sched.c.obj)
                0x0000000000006952                z_unpend_first_thread
 .text.z_reschedule_irqlock
                0x000000000000698a       0x18 zephyr/kernel/libkernel.a(sched.c.obj)
                0x000000000000698a                z_reschedule_irqlock
 .text.z_reschedule_unlocked
                0x00000000000069a2       0x14 zephyr/kernel/libkernel.a(sched.c.obj)
 .text.z_abort_timeout
                0x00000000000069b6       0x2c zephyr/kernel/libkernel.a(timeout.c.obj)
                0x00000000000069b6                z_abort_timeout
 .text.sys_clock_tick_get_32
                0x00000000000069e2        0x8 zephyr/kernel/libkernel.a(timeout.c.obj)
                0x00000000000069e2                sys_clock_tick_get_32
 .text.z_impl_k_uptime_ticks
                0x00000000000069ea        0x4 zephyr/kernel/libkernel.a(timeout.c.obj)
                0x00000000000069ea                z_impl_k_uptime_ticks
 .text.k_timer_init
                0x00000000000069ee       0x18 zephyr/kernel/libkernel.a(timer.c.obj)
                0x00000000000069ee                k_timer_init
 .text.z_impl_k_timer_stop
                0x0000000000006a06       0x3a zephyr/kernel/libkernel.a(timer.c.obj)
                0x0000000000006a06                z_impl_k_timer_stop
 .text.strnlen  0x0000000000006a40       0x18 c:\ncs\toolchains\ce3b5ff664\opt\zephyr-sdk\arm-zephyr-eabi\bin\../lib/gcc/../../picolibc/arm-zephyr-eabi/lib/thumb/v7e-m/nofp\libc.a(libc_string_strnlen.c.o)
                0x0000000000006a40                strnlen
 .text.__ultoa_invert
                0x0000000000006a58       0x34 c:\ncs\toolchains\ce3b5ff664\opt\zephyr-sdk\arm-zephyr-eabi\bin\../lib/gcc/../../picolibc/arm-zephyr-eabi/lib/thumb/v7e-m/nofp\libc.a(libc_tinystdio_vfiprintf.c.o)
 .text.memcpy   0x0000000000006a8c       0x1c c:\ncs\toolchains\ce3b5ff664\opt\zephyr-sdk\arm-zephyr-eabi\bin\../lib/gcc/../../picolibc/arm-zephyr-eabi/lib/thumb/v7e-m/nofp\libc.a(memcpy.c.o)
                0x0000000000006a8c                __aeabi_memcpy
                0x0000000000006a8c                __aeabi_memcpy4
                0x0000000000006a8c                __aeabi_memcpy8
                0x0000000000006a8c                memcpy
 .text.memset   0x0000000000006aa8       0x10 c:\ncs\toolchains\ce3b5ff664\opt\zephyr-sdk\arm-zephyr-eabi\bin\../lib/gcc/../../picolibc/arm-zephyr-eabi/lib/thumb/v7e-m/nofp\libc.a(memset.c.o)
                0x0000000000006aa8                memset
 .text.__file_str_put
                0x0000000000006ab8       0x10 c:\ncs\toolchains\ce3b5ff664\opt\zephyr-sdk\arm-zephyr-eabi\bin\../lib/gcc/../../picolibc/arm-zephyr-eabi/lib/thumb/v7e-m/nofp\libc.a(libc_tinystdio_filestrput.c.o)
                0x0000000000006ab8                __file_str_put
 *(SORT_BY_ALIGNMENT(.TEXT.*))
 .TEXT.__aeabi_read_tp
                0x0000000000006ac8        0xc zephyr/arch/arch/arm/core/aarch32/cortex_m/libarch__arm__core__aarch32__cortex_m.a(__aeabi_read_tp.S.obj)
                0x0000000000006ac8                __aeabi_read_tp
 *(SORT_BY_ALIGNMENT(.gnu.linkonce.t.*))
 *(SORT_BY_ALIGNMENT(.glue_7t))
 .glue_7t       0x0000000000006ad4        0x0 linker stubs
 *(SORT_BY_ALIGNMENT(.glue_7))
 .glue_7        0x0000000000006ad4        0x0 linker stubs
 *(SORT_BY_ALIGNMENT(.vfp11_veneer))
 .vfp11_veneer  0x0000000000006ad4        0x0 linker stubs
 *(SORT_BY_ALIGNMENT(.v4_bx))
 .v4_bx         0x0000000000006ad4        0x0 linker stubs
                0x0000000000006ad4                . = ALIGN (0x4)
                0x0000000000006ad4                __text_region_end = .

.ARM.exidx      0x0000000000006ad4        0x8
                0x0000000000006ad4                __exidx_start = .
 *(SORT_BY_ALIGNMENT(.ARM.exidx*) SORT_BY_ALIGNMENT(gnu.linkonce.armexidx.*))
 .ARM.exidx     0x0000000000006ad4        0x8 c:/ncs/toolchains/ce3b5ff664/opt/zephyr-sdk/arm-zephyr-eabi/bin/../lib/gcc/arm-zephyr-eabi/12.2.0/thumb/v7e-m/nofp\libgcc.a(_udivmoddi4.o)
 .ARM.exidx     0x0000000000006adc        0x0 c:\ncs\toolchains\ce3b5ff664\opt\zephyr-sdk\arm-zephyr-eabi\bin\../lib/gcc/../../picolibc/arm-zephyr-eabi/lib/thumb/v7e-m/nofp\libc.a(strlen.S.o)
                                          0x8 (size before relaxing)
                0x0000000000006adc                __exidx_end = .
                0x0000000000006adc                __rodata_region_start = .

initlevel       0x0000000000006adc       0x50
                0x0000000000006adc                __init_start = .
                0x0000000000006adc                __init_EARLY_start = .
 *(SORT_BY_NAME(SORT_BY_ALIGNMENT(.z_init_EARLY?_*)))
 *(SORT_BY_NAME(SORT_BY_ALIGNMENT(.z_init_EARLY??_*)))
                0x0000000000006adc                __init_PRE_KERNEL_1_start = .
 *(SORT_BY_NAME(SORT_BY_ALIGNMENT(.z_init_PRE_KERNEL_1?_*)))
 .z_init_PRE_KERNEL_10_0_
                0x0000000000006adc        0x8 zephyr/soc/soc/arm/nordic_nrf/nrf52/libsoc__arm__nordic_nrf__nrf52.a(soc.c.obj)
 *(SORT_BY_NAME(SORT_BY_ALIGNMENT(.z_init_PRE_KERNEL_1??_*)))
 .z_init_PRE_KERNEL_130_00046_
                0x0000000000006ae4        0x8 zephyr/drivers/clock_control/libdrivers__clock_control.a(clock_control_nrf.c.obj)
 .z_init_PRE_KERNEL_130_0_
                0x0000000000006aec        0x8 modules/segger/libmodules__segger.a(SEGGER_RTT_zephyr.c.obj)
 .z_init_PRE_KERNEL_140_00009_
                0x0000000000006af4        0x8 zephyr/drivers/gpio/libdrivers__gpio.a(gpio_nrfx.c.obj)
 .z_init_PRE_KERNEL_155_00080_
                0x0000000000006afc        0x8 zephyr/drivers/serial/libdrivers__serial.a(uart_nrfx_uart.c.obj)
 .z_init_PRE_KERNEL_160_0_
                0x0000000000006b04        0x8 zephyr/drivers/console/libdrivers__console.a(rtt_console.c.obj)
 .z_init_PRE_KERNEL_160_0_
                0x0000000000006b0c        0x8 zephyr/drivers/console/libdrivers__console.a(uart_console.c.obj)
                0x0000000000006b14                __init_PRE_KERNEL_2_start = .
 *(SORT_BY_NAME(SORT_BY_ALIGNMENT(.z_init_PRE_KERNEL_2?_*)))
 .z_init_PRE_KERNEL_20_0_
                0x0000000000006b14        0x8 zephyr/drivers/timer/libdrivers__timer.a(nrf_rtc_timer.c.obj)
 *(SORT_BY_NAME(SORT_BY_ALIGNMENT(.z_init_PRE_KERNEL_2??_*)))
                0x0000000000006b1c                __init_POST_KERNEL_start = .
 *(SORT_BY_NAME(SORT_BY_ALIGNMENT(.z_init_POST_KERNEL?_*)))
 .z_init_POST_KERNEL0_0_
                0x0000000000006b1c        0x8 zephyr/libzephyr.a(log_core.c.obj)
 *(SORT_BY_NAME(SORT_BY_ALIGNMENT(.z_init_POST_KERNEL??_*)))
 .z_init_POST_KERNEL40_0_
                0x0000000000006b24        0x8 zephyr/lib/libc/common/liblib__libc__common.a(malloc.c.obj)
                0x0000000000006b2c                __init_APPLICATION_start = .
 *(SORT_BY_NAME(SORT_BY_ALIGNMENT(.z_init_APPLICATION?_*)))
 *(SORT_BY_NAME(SORT_BY_ALIGNMENT(.z_init_APPLICATION??_*)))
                0x0000000000006b2c                __init_SMP_start = .
 *(SORT_BY_NAME(SORT_BY_ALIGNMENT(.z_init_SMP?_*)))
 *(SORT_BY_NAME(SORT_BY_ALIGNMENT(.z_init_SMP??_*)))
                0x0000000000006b2c                __init_end = .

device_area     0x0000000000006b2c       0x3c
                0x0000000000006b2c                _device_list_start = .
 *(SORT_BY_NAME(SORT_BY_ALIGNMENT(._device.static.*_?_*)))
 *(SORT_BY_NAME(SORT_BY_ALIGNMENT(._device.static.*_??_*)))
 ._device.static.1_30_
                0x0000000000006b2c       0x14 zephyr/drivers/clock_control/libdrivers__clock_control.a(clock_control_nrf.c.obj)
                0x0000000000006b2c                __device_dts_ord_46
 ._device.static.1_40_
                0x0000000000006b40       0x14 zephyr/drivers/gpio/libdrivers__gpio.a(gpio_nrfx.c.obj)
                0x0000000000006b40                __device_dts_ord_9
 ._device.static.1_55_
                0x0000000000006b54       0x14 zephyr/drivers/serial/libdrivers__serial.a(uart_nrfx_uart.c.obj)
                0x0000000000006b54                __device_dts_ord_80
                0x0000000000006b68                _device_list_end = .

sw_isr_table    0x0000000000006b68      0x138
                0x0000000000006b68                . = ALIGN (0x4)
 *(SORT_BY_ALIGNMENT(.gnu.linkonce.sw_isr_table*))
 .gnu.linkonce.sw_isr_table
                0x0000000000006b68      0x138 zephyr/CMakeFiles/zephyr_final.dir/isr_tables.c.obj
                0x0000000000006b68                _sw_isr_table

initlevel_error
                0x0000000000006adc        0x0
 *(SORT_BY_NAME(SORT_BY_ALIGNMENT(.z_init_[_A-Z0-9]*)))
                0x0000000000000001                ASSERT ((SIZEOF (initlevel_error) == 0x0), Undefined initialization levels used.)

app_shmem_regions
                0x0000000000006ca0        0x0
                0x0000000000006ca0                __app_shmem_regions_start = .
 *(SORT_BY_NAME(SORT_BY_ALIGNMENT(.app_regions.*)))
                0x0000000000006ca0                __app_shmem_regions_end = .

k_p4wq_initparam_area
                0x0000000000006ca0        0x0
                0x0000000000006ca0                _k_p4wq_initparam_list_start = .
 *(SORT_BY_NAME(SORT_BY_ALIGNMENT(._k_p4wq_initparam.static.*)))
                0x0000000000006ca0                _k_p4wq_initparam_list_end = .

_static_thread_data_area
                0x0000000000006ca0        0x0
                0x0000000000006ca0                __static_thread_data_list_start = .
 *(SORT_BY_NAME(SORT_BY_ALIGNMENT(.__static_thread_data.static.*)))
                0x0000000000006ca0                __static_thread_data_list_end = .

device_deps     0x0000000000006ca0        0x0
                0x0000000000006ca0                __device_deps_start = .
 *(SORT_BY_NAME(SORT_BY_ALIGNMENT(.__device_deps_pass2*)))
                0x0000000000006ca0                __device_deps_end = .

ztest           0x0000000000006ca0        0x0
                0x0000000000006ca0                _ztest_expected_result_entry_list_start = .
 *(SORT_BY_NAME(SORT_BY_ALIGNMENT(._ztest_expected_result_entry.static.*)))
                0x0000000000006ca0                _ztest_expected_result_entry_list_end = .
                0x0000000000006ca0                _ztest_suite_node_list_start = .
 *(SORT_BY_NAME(SORT_BY_ALIGNMENT(._ztest_suite_node.static.*)))
                0x0000000000006ca0                _ztest_suite_node_list_end = .
                0x0000000000006ca0                _ztest_unit_test_list_start = .
 *(SORT_BY_NAME(SORT_BY_ALIGNMENT(._ztest_unit_test.static.*)))
                0x0000000000006ca0                _ztest_unit_test_list_end = .
                0x0000000000006ca0                _ztest_test_rule_list_start = .
 *(SORT_BY_NAME(SORT_BY_ALIGNMENT(._ztest_test_rule.static.*)))
                0x0000000000006ca0                _ztest_test_rule_list_end = .

bt_l2cap_fixed_chan_area
                0x0000000000006ca0        0x0
                0x0000000000006ca0                _bt_l2cap_fixed_chan_list_start = .
 *(SORT_BY_NAME(SORT_BY_ALIGNMENT(._bt_l2cap_fixed_chan.static.*)))
                0x0000000000006ca0                _bt_l2cap_fixed_chan_list_end = .

bt_gatt_service_static_area
                0x0000000000006ca0        0x0
                0x0000000000006ca0                _bt_gatt_service_static_list_start = .
 *(SORT_BY_NAME(SORT_BY_ALIGNMENT(._bt_gatt_service_static.static.*)))
                0x0000000000006ca0                _bt_gatt_service_static_list_end = .

log_strings_area
                0x0000000000006ca0        0x0
                0x0000000000006ca0                _log_strings_list_start = .
 *(SORT_BY_NAME(SORT_BY_ALIGNMENT(._log_strings.static.*)))
                0x0000000000006ca0                _log_strings_list_end = .

log_const_area  0x0000000000006ca0       0x60
                0x0000000000006ca0                _log_const_list_start = .
 *(SORT_BY_NAME(SORT_BY_ALIGNMENT(._log_const.static.*)))
 ._log_const.static.log_const_Less4_Exer2_
                0x0000000000006ca0        0x8 app/libapp.a(main.c.obj)
                0x0000000000006ca0                log_const_Less4_Exer2
 ._log_const.static.log_const_NRFX_CLOCK_
                0x0000000000006ca8        0x8 modules/hal_nordic/nrfx/libmodules__hal_nordic__nrfx.a(nrfx_clock.c.obj)
                0x0000000000006ca8                log_const_NRFX_CLOCK
 ._log_const.static.log_const_NRFX_GPIOTE_
                0x0000000000006cb0        0x8 modules/hal_nordic/nrfx/libmodules__hal_nordic__nrfx.a(nrfx_gpiote.c.obj)
                0x0000000000006cb0                log_const_NRFX_GPIOTE
 ._log_const.static.log_const_cbprintf_package_
                0x0000000000006cb8        0x8 zephyr/libzephyr.a(cbprintf_packaged.c.obj)
                0x0000000000006cb8                log_const_cbprintf_package
 ._log_const.static.log_const_clock_control_
                0x0000000000006cc0        0x8 zephyr/drivers/clock_control/libdrivers__clock_control.a(clock_control_nrf.c.obj)
                0x0000000000006cc0                log_const_clock_control
 ._log_const.static.log_const_fatal_error_
                0x0000000000006cc8        0x8 modules/nrf/lib/fatal_error/lib..__nrf__lib__fatal_error.a(fatal_error.c.obj)
                0x0000000000006cc8                log_const_fatal_error
 ._log_const.static.log_const_log_
                0x0000000000006cd0        0x8 zephyr/libzephyr.a(log_core.c.obj)
                0x0000000000006cd0                log_const_log
 ._log_const.static.log_const_log_mgmt_
                0x0000000000006cd8        0x8 zephyr/libzephyr.a(log_mgmt.c.obj)
                0x0000000000006cd8                log_const_log_mgmt
 ._log_const.static.log_const_log_uart_
                0x0000000000006ce0        0x8 zephyr/libzephyr.a(log_backend_uart.c.obj)
                0x0000000000006ce0                log_const_log_uart
 ._log_const.static.log_const_mpu_
                0x0000000000006ce8        0x8 zephyr/arch/arch/arm/core/aarch32/mpu/libarch__arm__core__aarch32__mpu.a(arm_core_mpu.c.obj)
                0x0000000000006ce8                log_const_mpu
 ._log_const.static.log_const_os_
                0x0000000000006cf0        0x8 zephyr/kernel/libkernel.a(init.c.obj)
                0x0000000000006cf0                log_const_os
 ._log_const.static.log_const_soc_
                0x0000000000006cf8        0x8 zephyr/soc/soc/arm/nordic_nrf/nrf52/libsoc__arm__nordic_nrf__nrf52.a(soc.c.obj)
                0x0000000000006cf8                log_const_soc
                0x0000000000006d00                _log_const_list_end = .

log_backend_area
                0x0000000000006d00       0x20
                0x0000000000006d00                _log_backend_list_start = .
 *(SORT_BY_NAME(SORT_BY_ALIGNMENT(._log_backend.static.*)))
 ._log_backend.static.log_backend_rtt_
                0x0000000000006d00       0x10 zephyr/libzephyr.a(log_backend_rtt.c.obj)
 ._log_backend.static.log_backend_uart_
                0x0000000000006d10       0x10 zephyr/libzephyr.a(log_backend_uart.c.obj)
                0x0000000000006d20                _log_backend_list_end = .

log_link_area   0x0000000000006d20        0x0
                0x0000000000006d20                _log_link_list_start = .
 *(SORT_BY_NAME(SORT_BY_ALIGNMENT(._log_link.static.*)))
                0x0000000000006d20                _log_link_list_end = .

tracing_backend_area
                0x0000000000006d20        0x0
                0x0000000000006d20                _tracing_backend_list_start = .
 *(SORT_BY_NAME(SORT_BY_ALIGNMENT(._tracing_backend.static.*)))
                0x0000000000006d20                _tracing_backend_list_end = .

zephyr_dbg_info
 *(SORT_BY_ALIGNMENT(.dbg_thread_info))

symbol_to_keep  0x0000000000006d20        0x0
                0x0000000000006d20                __symbol_to_keep_start = .
 *(SORT_BY_NAME(SORT_BY_ALIGNMENT(.symbol_to_keep*)))
                0x0000000000006d20                __symbol_to_keep_end = .

shell_area      0x0000000000006d20        0x0
                0x0000000000006d20                _shell_list_start = .
 *(SORT_BY_NAME(SORT_BY_ALIGNMENT(._shell.static.*)))
                0x0000000000006d20                _shell_list_end = .

shell_root_cmds_area
                0x0000000000006d20        0x0
                0x0000000000006d20                _shell_root_cmds_list_start = .
 *(SORT_BY_NAME(SORT_BY_ALIGNMENT(._shell_root_cmds.static.*)))
                0x0000000000006d20                _shell_root_cmds_list_end = .

shell_subcmds_area
                0x0000000000006d20        0x0
                0x0000000000006d20                _shell_subcmds_list_start = .
 *(SORT_BY_NAME(SORT_BY_ALIGNMENT(._shell_subcmds.static.*)))
                0x0000000000006d20                _shell_subcmds_list_end = .

shell_dynamic_subcmds_area
                0x0000000000006d20        0x0
                0x0000000000006d20                _shell_dynamic_subcmds_list_start = .
 *(SORT_BY_NAME(SORT_BY_ALIGNMENT(._shell_dynamic_subcmds.static.*)))
                0x0000000000006d20                _shell_dynamic_subcmds_list_end = .

cfb_font_area   0x0000000000006d20        0x0
                0x0000000000006d20                _cfb_font_list_start = .
 *(SORT_BY_NAME(SORT_BY_ALIGNMENT(._cfb_font.static.*)))
                0x0000000000006d20                _cfb_font_list_end = .

tdata           0x0000000000006d20        0x0
 *(SORT_BY_ALIGNMENT(.tdata) SORT_BY_ALIGNMENT(.tdata.*) SORT_BY_ALIGNMENT(.gnu.linkonce.td.*))

tbss            0x0000000000006d20        0x4
 *(SORT_BY_ALIGNMENT(.tbss) SORT_BY_ALIGNMENT(.tbss.*) SORT_BY_ALIGNMENT(.gnu.linkonce.tb.*) SORT_BY_ALIGNMENT(.tcommon))
 .tbss.z_tls_current
                0x0000000000006d20        0x4 zephyr/libzephyr.a(thread_entry.c.obj)
                0x0000000000006d20                z_tls_current
                0x0000000000006d20                PROVIDE (__tdata_start = LOADADDR (tdata))
                0x0000000000000000                PROVIDE (__tdata_size = SIZEOF (tdata))
                [!provide]                        PROVIDE (__tdata_end = (__tdata_start + __tdata_size))
                0x0000000000000001                PROVIDE (__tdata_align = ALIGNOF (tdata))
                [!provide]                        PROVIDE (__tbss_start = ADDR (tbss))
                0x0000000000000004                PROVIDE (__tbss_size = SIZEOF (tbss))
                [!provide]                        PROVIDE (__tbss_end = (__tbss_start + __tbss_size))
                0x0000000000000004                PROVIDE (__tbss_align = ALIGNOF (tbss))
                [!provide]                        PROVIDE (__tls_start = __tdata_start)
                [!provide]                        PROVIDE (__tls_end = __tbss_end)
                [!provide]                        PROVIDE (__tls_size = (__tbss_end - __tdata_start))

rodata          0x0000000000006d20      0xaac
 *(SORT_BY_ALIGNMENT(.rodata))
 .rodata        0x0000000000006d20        0xd app/libapp.a(main.c.obj)
 *(SORT_BY_ALIGNMENT(.rodata.*))
 *fill*         0x0000000000006d2d        0x3 
 .rodata.delay_machine_code.0
                0x0000000000006d30        0x6 zephyr/soc/soc/arm/nordic_nrf/nrf52/libsoc__arm__nordic_nrf__nrf52.a(soc.c.obj)
 *fill*         0x0000000000006d36        0x2 
 .rodata.led    0x0000000000006d38        0x8 app/libapp.a(main.c.obj)
 .rodata.button
                0x0000000000006d40        0x8 app/libapp.a(main.c.obj)
 .rodata.mpsc_config
                0x0000000000006d48       0x14 zephyr/libzephyr.a(log_core.c.obj)
 .rodata.format_table
                0x0000000000006d5c       0x10 zephyr/libzephyr.a(log_core.c.obj)
 .rodata.colors
                0x0000000000006d6c       0x14 zephyr/libzephyr.a(log_output.c.obj)
 .rodata.severity
                0x0000000000006d80       0x14 zephyr/libzephyr.a(log_output.c.obj)
 .rodata.log_backend_rtt_api
                0x0000000000006d94       0x1c zephyr/libzephyr.a(log_backend_rtt.c.obj)
                0x0000000000006d94                log_backend_rtt_api
 .rodata.log_output_rtt
                0x0000000000006db0       0x10 zephyr/libzephyr.a(log_backend_rtt.c.obj)
 .rodata.log_backend_uart_api
                0x0000000000006dc0       0x1c zephyr/libzephyr.a(log_backend_uart.c.obj)
                0x0000000000006dc0                log_backend_uart_api
 .rodata.log_output_uart
                0x0000000000006ddc       0x10 zephyr/libzephyr.a(log_backend_uart.c.obj)
 .rodata.static_regions
                0x0000000000006dec        0xc zephyr/arch/arch/arm/core/aarch32/mpu/libarch__arm__core__aarch32__mpu.a(arm_core_mpu.c.obj)
 .rodata.mpu_config
                0x0000000000006df8        0x8 zephyr/soc/soc/arm/common/cortex_m/libsoc__arm__common__cortex_m.a(arm_mpu_regions.c.obj)
                0x0000000000006df8                mpu_config
 .rodata.mpu_regions
                0x0000000000006e00       0x18 zephyr/soc/soc/arm/common/cortex_m/libsoc__arm__common__cortex_m.a(arm_mpu_regions.c.obj)
 .rodata.transitions.0
                0x0000000000006e18        0xc zephyr/drivers/clock_control/libdrivers__clock_control.a(clock_control_nrf.c.obj)
 .rodata.config
                0x0000000000006e24       0x18 zephyr/drivers/clock_control/libdrivers__clock_control.a(clock_control_nrf.c.obj)
 .rodata.clock_control_api
                0x0000000000006e3c       0x1c zephyr/drivers/clock_control/libdrivers__clock_control.a(clock_control_nrf.c.obj)
 .rodata.gpio_nrfx_p0_cfg
                0x0000000000006e58       0x10 zephyr/drivers/gpio/libdrivers__gpio.a(gpio_nrfx.c.obj)
 .rodata.gpio_nrfx_drv_api_funcs
                0x0000000000006e68       0x24 zephyr/drivers/gpio/libdrivers__gpio.a(gpio_nrfx.c.obj)
 .rodata.uart_nrfx_uart0_config
                0x0000000000006e8c        0x4 zephyr/drivers/serial/libdrivers__serial.a(uart_nrfx_uart.c.obj)
 .rodata.__pinctrl_dev_config__device_dts_ord_80
                0x0000000000006e90        0xc zephyr/drivers/serial/libdrivers__serial.a(uart_nrfx_uart.c.obj)
 .rodata.__pinctrl_states__device_dts_ord_80
                0x0000000000006e9c        0x8 zephyr/drivers/serial/libdrivers__serial.a(uart_nrfx_uart.c.obj)
 .rodata.__pinctrl_state_pins_0__device_dts_ord_80
                0x0000000000006ea4        0x8 zephyr/drivers/serial/libdrivers__serial.a(uart_nrfx_uart.c.obj)
 .rodata.uart_nrfx_uart_driver_api
                0x0000000000006eac       0x14 zephyr/drivers/serial/libdrivers__serial.a(uart_nrfx_uart.c.obj)
 .rodata._k_neg_eagain
                0x0000000000006ec0        0x4 zephyr/kernel/libkernel.a(errno.c.obj)
                0x0000000000006ec0                _k_neg_eagain
 .rodata.CSWTCH.488
                0x0000000000006ec4       0x14 zephyr/kernel/libkernel.a(fatal.c.obj)
 .rodata.levels.0
                0x0000000000006ed8       0x18 zephyr/kernel/libkernel.a(init.c.obj)
 .rodata.button_pressed.str1.1
                0x0000000000006ef0       0x89 app/libapp.a(main.c.obj)
 .rodata.main.str1.1
                0x0000000000006f79       0x98 app/libapp.a(main.c.obj)
 .rodata.__func__.0
                0x0000000000007011        0x5 app/libapp.a(main.c.obj)
 .rodata.str1.1
                0x0000000000007016        0xc app/libapp.a(main.c.obj)
 .rodata.cbprintf_package_convert.str1.1
                0x0000000000007022       0xa3 zephyr/libzephyr.a(cbprintf_packaged.c.obj)
 .rodata.str1.1
                0x00000000000070c5       0x11 zephyr/libzephyr.a(cbprintf_packaged.c.obj)
 .rodata.enable_logger.str1.1
                0x00000000000070d6        0x8 zephyr/libzephyr.a(log_core.c.obj)
 .rodata.str1.1
                0x00000000000070de        0x4 zephyr/libzephyr.a(log_core.c.obj)
 .rodata.str1.1
                0x00000000000070e2        0x9 zephyr/libzephyr.a(log_mgmt.c.obj)
 .rodata.z_impl_z_log_msg_static_create.str1.1
                0x00000000000070eb       0x3f zephyr/libzephyr.a(log_msg.c.obj)
 .rodata.newline_print.str1.1
                0x000000000000712a        0x3 zephyr/libzephyr.a(log_output.c.obj)
                                          0x5 (size before relaxing)
 .rodata.log_output_process.str1.1
                0x000000000000712d       0x4c zephyr/libzephyr.a(log_output.c.obj)
                                         0x51 (size before relaxing)
 .rodata.log_output_dropped_process.str1.1
                0x0000000000007179       0x4c zephyr/libzephyr.a(log_output.c.obj)
                                          0x3 (size before relaxing)
 .rodata.postfix.0
                0x0000000000007179       0x1c zephyr/libzephyr.a(log_output.c.obj)
 .rodata.prefix.1
                0x0000000000007195        0xc zephyr/libzephyr.a(log_output.c.obj)
 .rodata.str1.1
                0x00000000000071a1       0x20 zephyr/libzephyr.a(log_output.c.obj)
 .rodata.str1.1
                0x00000000000071c1       0x10 zephyr/libzephyr.a(log_backend_rtt.c.obj)
 .rodata.str1.1
                0x00000000000071d1       0x1a zephyr/libzephyr.a(log_backend_uart.c.obj)
 .rodata.z_arm_fatal_error.str1.1
                0x00000000000071eb       0x9b zephyr/arch/arch/arm/core/aarch32/libarch__arm__core__aarch32.a(fatal.c.obj)
 .rodata.mem_manage_fault.constprop.0.str1.1
                0x0000000000007286       0xd8 zephyr/arch/arch/arm/core/aarch32/cortex_m/libarch__arm__core__aarch32__cortex_m.a(fault.c.obj)
 .rodata.bus_fault.constprop.0.str1.1
                0x000000000000735e       0x88 zephyr/arch/arch/arm/core/aarch32/cortex_m/libarch__arm__core__aarch32__cortex_m.a(fault.c.obj)
 .rodata.usage_fault.constprop.0.str1.1
                0x00000000000073e6       0xcd zephyr/arch/arch/arm/core/aarch32/cortex_m/libarch__arm__core__aarch32__cortex_m.a(fault.c.obj)
 .rodata.z_arm_fault.str1.1
                0x00000000000074b3      0x111 zephyr/arch/arch/arm/core/aarch32/cortex_m/libarch__arm__core__aarch32__cortex_m.a(fault.c.obj)
 .rodata.str1.1
                0x00000000000075c4        0x4 zephyr/arch/arch/arm/core/aarch32/mpu/libarch__arm__core__aarch32__mpu.a(arm_core_mpu.c.obj)
 .rodata.mpu_configure_regions.str1.1
                0x00000000000075c8       0x49 zephyr/arch/arch/arm/core/aarch32/mpu/libarch__arm__core__aarch32__mpu.a(arm_mpu.c.obj)
 .rodata.str1.1
                0x0000000000007611        0xf zephyr/soc/soc/arm/common/cortex_m/libsoc__arm__common__cortex_m.a(arm_mpu_regions.c.obj)
 .rodata.str1.1
                0x0000000000007620        0x4 zephyr/soc/soc/arm/nordic_nrf/nrf52/libsoc__arm__nordic_nrf__nrf52.a(soc.c.obj)
 .rodata.str1.1
                0x0000000000007624       0x29 zephyr/drivers/clock_control/libdrivers__clock_control.a(clock_control_nrf.c.obj)
 .rodata.str1.1
                0x000000000000764d        0xe zephyr/drivers/gpio/libdrivers__gpio.a(gpio_nrfx.c.obj)
 .rodata.str1.1
                0x000000000000765b        0xe zephyr/drivers/serial/libdrivers__serial.a(uart_nrfx_uart.c.obj)
 .rodata.k_sys_fatal_error_handler.str1.1
                0x0000000000007669       0x11 modules/nrf/lib/fatal_error/lib..__nrf__lib__fatal_error.a(fatal_error.c.obj)
 .rodata.str1.1
                0x000000000000767a        0xc modules/nrf/lib/fatal_error/lib..__nrf__lib__fatal_error.a(fatal_error.c.obj)
 .rodata.CSWTCH.20
                0x0000000000007686        0x5 modules/hal_nordic/nrfx/libmodules__hal_nordic__nrfx.a(system_nrf52.c.obj)
 .rodata.CSWTCH.18
                0x000000000000768b        0x5 modules/hal_nordic/nrfx/libmodules__hal_nordic__nrfx.a(system_nrf52.c.obj)
 .rodata.CSWTCH.14
                0x0000000000007690        0x5 modules/hal_nordic/nrfx/libmodules__hal_nordic__nrfx.a(system_nrf52.c.obj)
 .rodata.CSWTCH.4
                0x0000000000007695        0x5 modules/hal_nordic/nrfx/libmodules__hal_nordic__nrfx.a(system_nrf52.c.obj)
 .rodata.str1.1
                0x000000000000769a        0xb modules/hal_nordic/nrfx/libmodules__hal_nordic__nrfx.a(nrfx_clock.c.obj)
 .rodata.str1.1
                0x00000000000076a5        0xc modules/hal_nordic/nrfx/libmodules__hal_nordic__nrfx.a(nrfx_gpiote.c.obj)
 .rodata._DoInit.str1.1
                0x00000000000076b1        0x9 modules/segger/libmodules__segger.a(SEGGER_RTT.c.obj)
 .rodata._aInitStr.0
                0x00000000000076ba       0x11 modules/segger/libmodules__segger.a(SEGGER_RTT.c.obj)
 .rodata.z_fatal_error.str1.1
                0x00000000000076cb       0x77 zephyr/kernel/libkernel.a(fatal.c.obj)
 .rodata.str1.1
                0x0000000000007742       0x4a zephyr/kernel/libkernel.a(fatal.c.obj)
 .rodata.z_cstart.str1.1
                0x000000000000778c        0x5 zephyr/kernel/libkernel.a(init.c.obj)
 .rodata.str1.1
                0x0000000000007791        0x3 zephyr/kernel/libkernel.a(init.c.obj)
 .rodata.boot_banner.str1.1
                0x0000000000007794       0x28 zephyr/kernel/libkernel.a(banner.c.obj)
 .rodata.__i_vfprintf.str1.1
                0x00000000000077bc        0xf c:\ncs\toolchains\ce3b5ff664\opt\zephyr-sdk\arm-zephyr-eabi\bin\../lib/gcc/../../picolibc/arm-zephyr-eabi/lib/thumb/v7e-m/nofp\libc.a(libc_tinystdio_vfiprintf.c.o)
 *(SORT_BY_ALIGNMENT(.gnu.linkonce.r.*))
                0x00000000000077cc                . = ALIGN (0x4)
 *fill*         0x00000000000077cb        0x1 
                0x00000000000077cc                __rodata_region_end = .
                0x00000000000077e0                . = ALIGN (_region_min_align)
                0x0000000000008000                . = ALIGN ((0x1 << LOG2CEIL ((__rodata_region_end - ADDR (rom_start)))))
                0x0000000000008000                __rom_region_end = ((__rom_region_start + .) - ADDR (rom_start))

/DISCARD/
 *(SORT_BY_ALIGNMENT(.got.plt))
 *(SORT_BY_ALIGNMENT(.igot.plt))
 *(SORT_BY_ALIGNMENT(.got))
 *(SORT_BY_ALIGNMENT(.igot))
                0x0000000020000000                . = 0x20000000
                0x0000000020000000                . = ALIGN (_region_min_align)
                0x0000000020000000                _image_ram_start = .

.ramfunc        0x0000000020000000        0x0 load address 0x00000000000077cc
                0x0000000020000000                . = ALIGN (_region_min_align)
                0x0000000020000000                . = ALIGN ((0x1 << LOG2CEIL (__ramfunc_size)))
                0x0000000020000000                __ramfunc_start = .
 *(SORT_BY_ALIGNMENT(.ramfunc))
 *(SORT_BY_ALIGNMENT(.ramfunc.*))
                0x0000000020000000                . = ALIGN (_region_min_align)
                0x0000000020000000                . = ALIGN ((0x1 << LOG2CEIL (__ramfunc_size)))
                0x0000000020000000                __ramfunc_end = .
                0x0000000000000000                __ramfunc_size = (__ramfunc_end - __ramfunc_start)
                0x00000000000077cc                __ramfunc_load_start = LOADADDR (.ramfunc)

datas           0x0000000020000000       0x84 load address 0x00000000000077cc
                0x0000000020000000                __data_region_start = .
                0x0000000020000000                __data_start = .
 *(SORT_BY_ALIGNMENT(.data))
 *(SORT_BY_ALIGNMENT(.data.*))
 .data._char_out
                0x0000000020000000        0x4 zephyr/libzephyr.a(printk.c.obj)
                0x0000000020000000                _char_out
 .data.timestamp_func
                0x0000000020000004        0x4 zephyr/libzephyr.a(log_core.c.obj)
 .data.__stdout
                0x0000000020000008       0x10 zephyr/lib/libc/picolibc/liblib__libc__picolibc.a(libc-hooks.c.obj)
 .data.uart_nrfx_uart0_data
                0x0000000020000018        0x8 zephyr/drivers/serial/libdrivers__serial.a(uart_nrfx_uart.c.obj)
 .data.m_cb     0x0000000020000020       0x5c modules/hal_nordic/nrfx/libmodules__hal_nordic__nrfx.a(nrfx_gpiote.c.obj)
 .data.timeout_list
                0x000000002000007c        0x8 zephyr/kernel/libkernel.a(timeout.c.obj)
 *(SORT_BY_ALIGNMENT(.kernel.*))
                0x0000000020000084                __data_end = .
                0x0000000000000084                __data_size = (__data_end - __data_start)
                0x00000000000077cc                __data_load_start = LOADADDR (datas)
                0x00000000000077cc                __data_region_load_start = LOADADDR (datas)

device_states   0x0000000020000084        0x6 load address 0x0000000000007850
                0x0000000020000084                __device_states_start = .
 *(SORT_BY_ALIGNMENT(.z_devstate))
 .z_devstate    0x0000000020000084        0x2 zephyr/drivers/clock_control/libdrivers__clock_control.a(clock_control_nrf.c.obj)
 .z_devstate    0x0000000020000086        0x2 zephyr/drivers/gpio/libdrivers__gpio.a(gpio_nrfx.c.obj)
 .z_devstate    0x0000000020000088        0x2 zephyr/drivers/serial/libdrivers__serial.a(uart_nrfx_uart.c.obj)
 *(SORT_BY_ALIGNMENT(.z_devstate.*))
                0x000000002000008a                __device_states_end = .

log_mpsc_pbuf_area
                0x000000002000008c       0x38 load address 0x0000000000007858
                0x000000002000008c                _log_mpsc_pbuf_list_start = .
 *(SORT_BY_NAME(SORT_BY_ALIGNMENT(._log_mpsc_pbuf.static.*)))
 ._log_mpsc_pbuf.static.log_buffer_
                0x000000002000008c       0x38 zephyr/libzephyr.a(log_core.c.obj)
                0x00000000200000c4                _log_mpsc_pbuf_list_end = .

log_msg_ptr_area
                0x00000000200000c4        0x4 load address 0x0000000000007890
                0x00000000200000c4                _log_msg_ptr_list_start = .
 *(SORT_BY_NAME(SORT_BY_ALIGNMENT(._log_msg_ptr.static.*)))
 ._log_msg_ptr.static.log_msg_ptr_
                0x00000000200000c4        0x4 zephyr/libzephyr.a(log_core.c.obj)
                0x00000000200000c8                _log_msg_ptr_list_end = .

log_dynamic_area
                0x00000000200000c8        0x0 load address 0x0000000000007894
                0x00000000200000c8                _log_dynamic_list_start = .
 *(SORT_BY_NAME(SORT_BY_ALIGNMENT(._log_dynamic.static.*)))
                0x00000000200000c8                _log_dynamic_list_end = .

k_timer_area    0x00000000200000c8        0x0 load address 0x0000000000007894
                0x00000000200000c8                _k_timer_list_start = .
 *(SORT_BY_NAME(SORT_BY_ALIGNMENT(._k_timer.static.*)))
                0x00000000200000c8                _k_timer_list_end = .

k_mem_slab_area
                0x00000000200000c8        0x0 load address 0x0000000000007894
                0x00000000200000c8                _k_mem_slab_list_start = .
 *(SORT_BY_NAME(SORT_BY_ALIGNMENT(._k_mem_slab.static.*)))
                0x00000000200000c8                _k_mem_slab_list_end = .

k_heap_area     0x00000000200000c8        0x0 load address 0x0000000000007894
                0x00000000200000c8                _k_heap_list_start = .
 *(SORT_BY_NAME(SORT_BY_ALIGNMENT(._k_heap.static.*)))
                0x00000000200000c8                _k_heap_list_end = .

k_mutex_area    0x00000000200000c8       0x14 load address 0x0000000000007894
                0x00000000200000c8                _k_mutex_list_start = .
 *(SORT_BY_NAME(SORT_BY_ALIGNMENT(._k_mutex.static.*)))
 ._k_mutex.static.rtt_term_mutex_
                0x00000000200000c8       0x14 modules/segger/libmodules__segger.a(SEGGER_RTT_zephyr.c.obj)
                0x00000000200000c8                rtt_term_mutex
                0x00000000200000dc                _k_mutex_list_end = .

k_stack_area    0x00000000200000dc        0x0 load address 0x00000000000078a8
                0x00000000200000dc                _k_stack_list_start = .
 *(SORT_BY_NAME(SORT_BY_ALIGNMENT(._k_stack.static.*)))
                0x00000000200000dc                _k_stack_list_end = .

k_msgq_area     0x00000000200000dc        0x0 load address 0x00000000000078a8
                0x00000000200000dc                _k_msgq_list_start = .
 *(SORT_BY_NAME(SORT_BY_ALIGNMENT(._k_msgq.static.*)))
                0x00000000200000dc                _k_msgq_list_end = .

k_mbox_area     0x00000000200000dc        0x0 load address 0x00000000000078a8
                0x00000000200000dc                _k_mbox_list_start = .
 *(SORT_BY_NAME(SORT_BY_ALIGNMENT(._k_mbox.static.*)))
                0x00000000200000dc                _k_mbox_list_end = .

k_pipe_area     0x00000000200000dc        0x0 load address 0x00000000000078a8
                0x00000000200000dc                _k_pipe_list_start = .
 *(SORT_BY_NAME(SORT_BY_ALIGNMENT(._k_pipe.static.*)))
                0x00000000200000dc                _k_pipe_list_end = .

k_sem_area      0x00000000200000dc       0x10 load address 0x00000000000078a8
                0x00000000200000dc                _k_sem_list_start = .
 *(SORT_BY_NAME(SORT_BY_ALIGNMENT(._k_sem.static.*)))
 ._k_sem.static.log_process_thread_sem_
                0x00000000200000dc       0x10 zephyr/libzephyr.a(log_core.c.obj)
                0x00000000200000dc                log_process_thread_sem
                0x00000000200000ec                _k_sem_list_end = .

k_event_area    0x00000000200000ec        0x0 load address 0x00000000000078b8
                0x00000000200000ec                _k_event_list_start = .
 *(SORT_BY_NAME(SORT_BY_ALIGNMENT(._k_event.static.*)))
                0x00000000200000ec                _k_event_list_end = .

k_queue_area    0x00000000200000ec        0x0 load address 0x00000000000078b8
                0x00000000200000ec                _k_queue_list_start = .
 *(SORT_BY_NAME(SORT_BY_ALIGNMENT(._k_queue.static.*)))
                0x00000000200000ec                _k_queue_list_end = .

k_condvar_area  0x00000000200000ec        0x0 load address 0x00000000000078b8
                0x00000000200000ec                _k_condvar_list_start = .
 *(SORT_BY_NAME(SORT_BY_ALIGNMENT(._k_condvar.static.*)))
                0x00000000200000ec                _k_condvar_list_end = .

net_buf_pool_area
                0x00000000200000ec        0x0 load address 0x00000000000078b8
                0x00000000200000ec                _net_buf_pool_list_start = .