Archive member included to satisfy reference by file (symbol)

app/libapp.a(main.c.obj)      (--whole-archive)
zephyr/libzephyr.a(cbprintf_packaged.c.obj)
                              (--whole-archive)
zephyr/libzephyr.a(dec.c.obj)
                              (--whole-archive)
zephyr/libzephyr.a(fdtable.c.obj)
                              (--whole-archive)
zephyr/libzephyr.a(hex.c.obj)
                              (--whole-archive)
zephyr/libzephyr.a(printk.c.obj)
                              (--whole-archive)
zephyr/libzephyr.a(rb.c.obj)  (--whole-archive)
zephyr/libzephyr.a(sem.c.obj)
                              (--whole-archive)
zephyr/libzephyr.a(thread_entry.c.obj)
                              (--whole-archive)
zephyr/libzephyr.a(timeutil.c.obj)
                              (--whole-archive)
zephyr/libzephyr.a(heap.c.obj)
                              (--whole-archive)
zephyr/libzephyr.a(heap-validate.c.obj)
                              (--whole-archive)
zephyr/libzephyr.a(bitarray.c.obj)
                              (--whole-archive)
zephyr/libzephyr.a(multi_heap.c.obj)
                              (--whole-archive)
zephyr/libzephyr.a(onoff.c.obj)
                              (--whole-archive)
zephyr/libzephyr.a(notify.c.obj)
                              (--whole-archive)
zephyr/libzephyr.a(cbprintf_complete.c.obj)
                              (--whole-archive)
zephyr/libzephyr.a(assert.c.obj)
                              (--whole-archive)
zephyr/libzephyr.a(reboot.c.obj)
                              (--whole-archive)
zephyr/libzephyr.a(configs.c.obj)
                              (--whole-archive)
zephyr/libzephyr.a(soc_nrf_common.S.obj)
                              (--whole-archive)
zephyr/libzephyr.a(validate_base_addresses.c.obj)
                              (--whole-archive)
zephyr/libzephyr.a(validate_enabled_instances.c.obj)
                              (--whole-archive)
zephyr/libzephyr.a(log_minimal.c.obj)
                              (--whole-archive)
zephyr/libzephyr.a(tracing_none.c.obj)
                              (--whole-archive)
zephyr/arch/common/libarch__common.a(sw_isr_common.c.obj)
                              (--whole-archive)
zephyr/arch/arch/arm/core/aarch32/libarch__arm__core__aarch32.a(cpu_idle.S.obj)
                              (--whole-archive)
zephyr/arch/arch/arm/core/aarch32/libarch__arm__core__aarch32.a(fatal.c.obj)
                              (--whole-archive)
zephyr/arch/arch/arm/core/aarch32/libarch__arm__core__aarch32.a(irq_manage.c.obj)
                              (--whole-archive)
zephyr/arch/arch/arm/core/aarch32/libarch__arm__core__aarch32.a(nmi.c.obj)
                              (--whole-archive)
zephyr/arch/arch/arm/core/aarch32/libarch__arm__core__aarch32.a(nmi_on_reset.S.obj)
                              (--whole-archive)
zephyr/arch/arch/arm/core/aarch32/libarch__arm__core__aarch32.a(prep_c.c.obj)
                              (--whole-archive)
zephyr/arch/arch/arm/core/aarch32/libarch__arm__core__aarch32.a(swap.c.obj)
                              (--whole-archive)
zephyr/arch/arch/arm/core/aarch32/libarch__arm__core__aarch32.a(swap_helper.S.obj)
                              (--whole-archive)
zephyr/arch/arch/arm/core/aarch32/libarch__arm__core__aarch32.a(thread.c.obj)
                              (--whole-archive)
zephyr/arch/arch/arm/core/aarch32/libarch__arm__core__aarch32.a(isr_wrapper.S.obj)
                              (--whole-archive)
zephyr/arch/arch/arm/core/aarch32/libarch__arm__core__aarch32.a(tls.c.obj)
                              (--whole-archive)
zephyr/arch/arch/arm/core/aarch32/cortex_m/libarch__arm__core__aarch32__cortex_m.a(exc_exit.S.obj)
                              (--whole-archive)
zephyr/arch/arch/arm/core/aarch32/cortex_m/libarch__arm__core__aarch32__cortex_m.a(fault.c.obj)
                              (--whole-archive)
zephyr/arch/arch/arm/core/aarch32/cortex_m/libarch__arm__core__aarch32__cortex_m.a(fault_s.S.obj)
                              (--whole-archive)
zephyr/arch/arch/arm/core/aarch32/cortex_m/libarch__arm__core__aarch32__cortex_m.a(fpu.c.obj)
                              (--whole-archive)
zephyr/arch/arch/arm/core/aarch32/cortex_m/libarch__arm__core__aarch32__cortex_m.a(irq_init.c.obj)
                              (--whole-archive)
zephyr/arch/arch/arm/core/aarch32/cortex_m/libarch__arm__core__aarch32__cortex_m.a(reset.S.obj)
                              (--whole-archive)
zephyr/arch/arch/arm/core/aarch32/cortex_m/libarch__arm__core__aarch32__cortex_m.a(scb.c.obj)
                              (--whole-archive)
zephyr/arch/arch/arm/core/aarch32/cortex_m/libarch__arm__core__aarch32__cortex_m.a(thread_abort.c.obj)
                              (--whole-archive)
zephyr/arch/arch/arm/core/aarch32/cortex_m/libarch__arm__core__aarch32__cortex_m.a(vector_table.S.obj)
                              (--whole-archive)
[...]
Memory Configuration

Name             Origin             Length             Attributes
FLASH            0x0000000000000000 0x0000000000080000 xr
RAM              0x0000000020000000 0x0000000000010000 xw
IDT_LIST         0x00000000fffff7ff 0x0000000000000800 xw
*default*        0x0000000000000000 0xffffffffffffffff

Linker script and memory map

                0x0000000000003a7c                vfprintf = __i_vfprintf
                0x0000000000000000                vfscanf = __i_vfscanf
LOAD zephyr/CMakeFiles/zephyr_pre0.dir/misc/empty_file.c.obj
LOAD zephyr/CMakeFiles/offsets.dir/./arch/arm/core/offsets/offsets.c.obj
LOAD app/libapp.a
LOAD zephyr/libzephyr.a
LOAD zephyr/arch/common/libarch__common.a
LOAD zephyr/arch/arch/arm/core/aarch32/libarch__arm__core__aarch32.a
LOAD zephyr/arch/arch/arm/core/aarch32/cortex_m/libarch__arm__core__aarch32__cortex_m.a
LOAD zephyr/arch/arch/arm/core/aarch32/mpu/libarch__arm__core__aarch32__mpu.a
LOAD zephyr/lib/libc/picolibc/liblib__libc__picolibc.a
LOAD zephyr/lib/libc/common/liblib__libc__common.a
LOAD zephyr/soc/soc/arm/common/cortex_m/libsoc__arm__common__cortex_m.a
LOAD zephyr/soc/soc/arm/nordic_nrf/nrf52/libsoc__arm__nordic_nrf__nrf52.a
LOAD zephyr/drivers/clock_control/libdrivers__clock_control.a
LOAD zephyr/drivers/console/libdrivers__console.a
LOAD zephyr/drivers/gpio/libdrivers__gpio.a
LOAD zephyr/drivers/pinctrl/libdrivers__pinctrl.a
LOAD zephyr/drivers/serial/libdrivers__serial.a
LOAD zephyr/drivers/timer/libdrivers__timer.a
LOAD modules/nrf/lib/fatal_error/lib..__nrf__lib__fatal_error.a
LOAD modules/hal_nordic/nrfx/libmodules__hal_nordic__nrfx.a
LOAD modules/segger/libmodules__segger.a
LOAD zephyr/kernel/libkernel.a
LOAD c:/ncs/toolchains/ce3b5ff664/opt/zephyr-sdk/arm-zephyr-eabi/bin/../lib/gcc/arm-zephyr-eabi/12.2.0/thumb/v7e-m/nofp\libgcc.a
LOAD zephyr/arch/common/libisr_tables.a
LOAD c:\ncs\toolchains\ce3b5ff664\opt\zephyr-sdk\arm-zephyr-eabi\bin\../lib/gcc/../../picolibc/arm-zephyr-eabi/lib/thumb/v7e-m/nofp\libc.a
LOAD c:/ncs/toolchains/ce3b5ff664/opt/zephyr-sdk/arm-zephyr-eabi/bin/../lib/gcc/arm-zephyr-eabi/12.2.0/thumb/v7e-m/nofp\libgcc.a
                0x0000000000000020                _region_min_align = 0x20

.rel.plt        0x0000000000000000        0x0
 *(SORT_BY_ALIGNMENT(.rel.plt))
                [!provide]                        PROVIDE (__rel_iplt_start = .)
 *(SORT_BY_ALIGNMENT(.rel.iplt))
 .rel.iplt      0x0000000000000000        0x0 app/libapp.a(main.c.obj)
                [!provide]                        PROVIDE (__rel_iplt_end = .)

.rela.plt       0x0000000000000000        0x0
 *(SORT_BY_ALIGNMENT(.rela.plt))
                [!provide]                        PROVIDE (__rela_iplt_start = .)
 *(SORT_BY_ALIGNMENT(.rela.iplt))
                [!provide]                        PROVIDE (__rela_iplt_end = .)

.rel.dyn
 *(SORT_BY_ALIGNMENT(.rel.*))

.rela.dyn
 *(SORT_BY_ALIGNMENT(.rela.*))

/DISCARD/
 *(SORT_BY_ALIGNMENT(.plt))

/DISCARD/
 *(SORT_BY_ALIGNMENT(.iplt))
                0x0000000000000000                __rom_region_start = 0x0

rom_start       0x0000000000000000       0xdc
                0x0000000000000000                __rom_start_address = .
                0x0000000000000000                . = (. + (0x0 - (. - __rom_start_address)))
                0x0000000000000000                . = ALIGN (0x4)
                0x0000000000000000                . = ALIGN (0x80)
                0x0000000000000000                . = ALIGN (0x100)
                0x0000000000000000                _vector_start = .
 *(SORT_BY_ALIGNMENT(.exc_vector_table))
 *(SORT_BY_ALIGNMENT(.exc_vector_table.*))
 .exc_vector_table._vector_table_section
                0x0000000000000000       0x40 zephyr/arch/arch/arm/core/aarch32/cortex_m/libarch__arm__core__aarch32__cortex_m.a(vector_table.S.obj)
                0x0000000000000000                _vector_table
 *(SORT_BY_ALIGNMENT(.vectors))
                0x00000000000000dc                _vector_end = .
                0x0000000000000040                . = ALIGN (0x4)
 *(SORT_BY_ALIGNMENT(.gnu.linkonce.irq_vector_table*))
 .gnu.linkonce.irq_vector_table
                0x0000000000000040       0x9c zephyr/arch/common/libisr_tables.a(isr_tables.c.obj)
                0x0000000000000040                _irq_vector_table
                0x00000000000000dc                _vector_end = .

text            0x00000000000000dc     0x477c
                0x00000000000000dc                __text_region_start = .
 *(SORT_BY_ALIGNMENT(.text))
 .text          0x00000000000000dc       0x30 c:/ncs/toolchains/ce3b5ff664/opt/zephyr-sdk/arm-zephyr-eabi/bin/../lib/gcc/arm-zephyr-eabi/12.2.0/thumb/v7e-m/nofp\libgcc.a(_aeabi_uldivmod.o)
                0x00000000000000dc                __aeabi_uldivmod
 .text          0x000000000000010c        0x4 c:/ncs/toolchains/ce3b5ff664/opt/zephyr-sdk/arm-zephyr-eabi/bin/../lib/gcc/arm-zephyr-eabi/12.2.0/thumb/v7e-m/nofp\libgcc.a(_dvmd_tls.o)
                0x000000000000010c                __aeabi_idiv0
                0x000000000000010c                __aeabi_ldiv0
 .text          0x0000000000000110      0x2a0 c:/ncs/toolchains/ce3b5ff664/opt/zephyr-sdk/arm-zephyr-eabi/bin/../lib/gcc/arm-zephyr-eabi/12.2.0/thumb/v7e-m/nofp\libgcc.a(_udivmoddi4.o)
                0x0000000000000110                __udivmoddi4
 *(SORT_BY_ALIGNMENT(.text.*))
 .text.button_pressed
                0x00000000000003b0       0x38 app/libapp.a(main.c.obj)
                0x00000000000003b0                button_pressed
 .text.main     0x00000000000003e8      0x104 app/libapp.a(main.c.obj)
                0x00000000000003e8                main
 .text.char_out
                0x00000000000004ec        0xc zephyr/libzephyr.a(printk.c.obj)
 .text.__printk_hook_install
                0x00000000000004f8        0xc zephyr/libzephyr.a(printk.c.obj)
                0x00000000000004f8                __printk_hook_install
 .text.vprintk  0x0000000000000504       0x30 zephyr/libzephyr.a(printk.c.obj)
                0x0000000000000504                vprintk
 .text.z_thread_entry
                0x0000000000000534       0x34 zephyr/libzephyr.a(thread_entry.c.obj)
                0x0000000000000534                z_thread_entry
 .text.process_event
                0x0000000000000568      0x21c zephyr/libzephyr.a(onoff.c.obj)
 .text.z_arm_platform_init
                0x0000000000000784        0x4 zephyr/libzephyr.a(soc_nrf_common.S.obj)
                0x0000000000000784                z_arm_platform_init
 .text.z_log_minimal_hexdump_print
                0x0000000000000788       0xc0 zephyr/libzephyr.a(log_minimal.c.obj)
                0x0000000000000788                z_log_minimal_hexdump_print
 .text.z_arm_cpu_idle_init
                0x0000000000000848        0xc zephyr/arch/arch/arm/core/aarch32/libarch__arm__core__aarch32.a(cpu_idle.S.obj)
                0x0000000000000848                z_arm_cpu_idle_init
 .text.arch_cpu_idle
                0x0000000000000854       0x1c zephyr/arch/arch/arm/core/aarch32/libarch__arm__core__aarch32.a(cpu_idle.S.obj)
                0x0000000000000854                arch_cpu_idle
 .text.arch_cpu_atomic_idle
                0x0000000000000870       0x18 zephyr/arch/arch/arm/core/aarch32/libarch__arm__core__aarch32.a(cpu_idle.S.obj)
                0x0000000000000870                arch_cpu_atomic_idle
 .text.z_arm_fatal_error
                0x0000000000000888       0x5c zephyr/arch/arch/arm/core/aarch32/libarch__arm__core__aarch32.a(fatal.c.obj)
                0x0000000000000888                z_arm_fatal_error
 .text.arch_irq_enable
                0x00000000000008e4       0x1c zephyr/arch/arch/arm/core/aarch32/libarch__arm__core__aarch32.a(irq_manage.c.obj)
                0x00000000000008e4                arch_irq_enable
 .text.arch_irq_is_enabled
                0x0000000000000900       0x1c zephyr/arch/arch/arm/core/aarch32/libarch__arm__core__aarch32.a(irq_manage.c.obj)
                0x0000000000000900                arch_irq_is_enabled
 .text.z_arm_irq_priority_set
                0x000000000000091c       0x30 zephyr/arch/arch/arm/core/aarch32/libarch__arm__core__aarch32.a(irq_manage.c.obj)
                0x000000000000091c                z_arm_irq_priority_set
 .text.z_SysNmiOnReset
                0x000000000000094c        0x8 zephyr/arch/arch/arm/core/aarch32/libarch__arm__core__aarch32.a(nmi_on_reset.S.obj)
                0x000000000000094c                z_SysNmiOnReset
 .text.z_arm_prep_c
                0x0000000000000954       0x38 zephyr/arch/arch/arm/core/aarch32/libarch__arm__core__aarch32.a(prep_c.c.obj)
                0x0000000000000954                z_arm_prep_c
 .text.arch_swap
                0x000000000000098c       0x34 zephyr/arch/arch/arm/core/aarch32/libarch__arm__core__aarch32.a(swap.c.obj)
                0x000000000000098c                arch_swap
 .text.z_arm_pendsv
                0x00000000000009c0       0x58 zephyr/arch/arch/arm/core/aarch32/libarch__arm__core__aarch32.a(swap_helper.S.obj)
                0x00000000000009c0                z_arm_pendsv
 .text.z_arm_svc
                0x0000000000000a18       0x20 zephyr/arch/arch/arm/core/aarch32/libarch__arm__core__aarch32.a(swap_helper.S.obj)
                0x0000000000000a18                z_arm_svc
 .text.arch_new_thread
                0x0000000000000a38       0x38 zephyr/arch/arch/arm/core/aarch32/libarch__arm__core__aarch32.a(thread.c.obj)
                0x0000000000000a38                arch_new_thread
 .text.arch_switch_to_main_thread
                0x0000000000000a70       0x2c zephyr/arch/arch/arm/core/aarch32/libarch__arm__core__aarch32.a(thread.c.obj)
                0x0000000000000a70                arch_switch_to_main_thread
 .text._isr_wrapper
                0x0000000000000a9c       0x28 zephyr/arch/arch/arm/core/aarch32/libarch__arm__core__aarch32.a(isr_wrapper.S.obj)
                0x0000000000000a9c                _isr_wrapper
 .text.arch_tls_stack_setup
                0x0000000000000ac4       0x5c zephyr/arch/arch/arm/core/aarch32/libarch__arm__core__aarch32.a(tls.c.obj)
                0x0000000000000ac4                arch_tls_stack_setup
 .text._HandlerModeExit
                0x0000000000000b20       0x1c zephyr/arch/arch/arm/core/aarch32/cortex_m/libarch__arm__core__aarch32__cortex_m.a(exc_exit.S.obj)
                0x0000000000000b20                z_arm_int_exit
                0x0000000000000b20                z_arm_exc_exit
 .text.usage_fault.constprop.0
                0x0000000000000b3c       0xa4 zephyr/arch/arch/arm/core/aarch32/cortex_m/libarch__arm__core__aarch32__cortex_m.a(fault.c.obj)
 .text.bus_fault.constprop.0
                0x0000000000000be0       0xc8 zephyr/arch/arch/arm/core/aarch32/cortex_m/libarch__arm__core__aarch32__cortex_m.a(fault.c.obj)
 .text.mem_manage_fault.constprop.0
                0x0000000000000ca8       0xc8 zephyr/arch/arch/arm/core/aarch32/cortex_m/libarch__arm__core__aarch32__cortex_m.a(fault.c.obj)
 .text.z_arm_fault
                0x0000000000000d70      0x1b0 zephyr/arch/arch/arm/core/aarch32/cortex_m/libarch__arm__core__aarch32__cortex_m.a(fault.c.obj)
                0x0000000000000d70                z_arm_fault
 .text.z_arm_fault_init
                0x0000000000000f20       0x10 zephyr/arch/arch/arm/core/aarch32/cortex_m/libarch__arm__core__aarch32__cortex_m.a(fault.c.obj)
                0x0000000000000f20                z_arm_fault_init
 .text.__fault  0x0000000000000f30       0x14 zephyr/arch/arch/arm/core/aarch32/cortex_m/libarch__arm__core__aarch32__cortex_m.a(fault_s.S.obj)
                0x0000000000000f30                z_arm_usage_fault
                0x0000000000000f30                z_arm_mpu_fault
                0x0000000000000f30                z_arm_exc_spurious
                0x0000000000000f30                z_arm_debug_monitor
                0x0000000000000f30                z_arm_hard_fault
                0x0000000000000f30                z_arm_bus_fault
 .text.z_arm_interrupt_init
                0x0000000000000f44       0x18 zephyr/arch/arch/arm/core/aarch32/cortex_m/libarch__arm__core__aarch32__cortex_m.a(irq_init.c.obj)
                0x0000000000000f44                z_arm_interrupt_init
 .text._reset_section
                0x0000000000000f5c       0x54 zephyr/arch/arch/arm/core/aarch32/cortex_m/libarch__arm__core__aarch32__cortex_m.a(reset.S.obj)
                0x0000000000000f5c                __start
                0x0000000000000f5c                z_arm_reset
 .text.sys_arch_reboot
                0x0000000000000fb0       0x24 zephyr/arch/arch/arm/core/aarch32/cortex_m/libarch__arm__core__aarch32__cortex_m.a(scb.c.obj)
                0x0000000000000fb0                sys_arch_reboot
 .text.z_arm_clear_arm_mpu_config
                0x0000000000000fd4       0x24 zephyr/arch/arch/arm/core/aarch32/cortex_m/libarch__arm__core__aarch32__cortex_m.a(scb.c.obj)
                0x0000000000000fd4                z_arm_clear_arm_mpu_config
 .text.z_arm_init_arch_hw_at_boot
                0x0000000000000ff8       0x64 zephyr/arch/arch/arm/core/aarch32/cortex_m/libarch__arm__core__aarch32__cortex_m.a(scb.c.obj)
                0x0000000000000ff8                z_arm_init_arch_hw_at_boot
 .text.z_impl_k_thread_abort
                0x000000000000105c       0x2c zephyr/arch/arch/arm/core/aarch32/cortex_m/libarch__arm__core__aarch32__cortex_m.a(thread_abort.c.obj)
                0x000000000000105c                z_impl_k_thread_abort
 .text.z_arm_configure_static_mpu_regions
                0x0000000000001088       0x18 zephyr/arch/arch/arm/core/aarch32/mpu/libarch__arm__core__aarch32__mpu.a(arm_core_mpu.c.obj)
                0x0000000000001088                z_arm_configure_static_mpu_regions
 .text.mpu_configure_regions
                0x00000000000010a0       0xa0 zephyr/arch/arch/arm/core/aarch32/mpu/libarch__arm__core__aarch32__mpu.a(arm_mpu.c.obj)
 .text.arm_core_mpu_enable
                0x0000000000001140       0x18 zephyr/arch/arch/arm/core/aarch32/mpu/libarch__arm__core__aarch32__mpu.a(arm_mpu.c.obj)
                0x0000000000001140                arm_core_mpu_enable
 .text.arm_core_mpu_disable
                0x0000000000001158       0x14 zephyr/arch/arch/arm/core/aarch32/mpu/libarch__arm__core__aarch32__mpu.a(arm_mpu.c.obj)
                0x0000000000001158                arm_core_mpu_disable
 .text.arm_core_mpu_configure_static_mpu_regions
                0x000000000000116c       0x14 zephyr/arch/arch/arm/core/aarch32/mpu/libarch__arm__core__aarch32__mpu.a(arm_mpu.c.obj)
                0x000000000000116c                arm_core_mpu_configure_static_mpu_regions
 .text.z_arm_mpu_init
                0x0000000000001180       0x60 zephyr/arch/arch/arm/core/aarch32/mpu/libarch__arm__core__aarch32__mpu.a(arm_mpu.c.obj)
                0x0000000000001180                z_arm_mpu_init
 .text.z_impl_zephyr_fputc
                0x00000000000011e0       0x10 zephyr/lib/libc/picolibc/liblib__libc__picolibc.a(libc-hooks.c.obj)
                0x00000000000011e0                z_impl_zephyr_fputc
 .text.__stdout_hook_install
                0x00000000000011f0       0x18 zephyr/lib/libc/picolibc/liblib__libc__picolibc.a(libc-hooks.c.obj)
                0x00000000000011f0                __stdout_hook_install
 .text.malloc_prepare
                0x0000000000001208       0x24 zephyr/lib/libc/common/liblib__libc__common.a(malloc.c.obj)
 .text.nordicsemi_nrf52_init
                0x000000000000122c       0x18 zephyr/soc/soc/arm/nordic_nrf/nrf52/libsoc__arm__nordic_nrf__nrf52.a(soc.c.obj)
 .text.arch_busy_wait
                0x0000000000001244       0x14 zephyr/soc/soc/arm/nordic_nrf/nrf52/libsoc__arm__nordic_nrf__nrf52.a(soc.c.obj)
                0x0000000000001244                arch_busy_wait
 .text.onoff_stop
                0x0000000000001258       0x30 zephyr/drivers/clock_control/libdrivers__clock_control.a(clock_control_nrf.c.obj)
 .text.onoff_start
                0x0000000000001288       0x44 zephyr/drivers/clock_control/libdrivers__clock_control.a(clock_control_nrf.c.obj)
 .text.generic_hfclk_stop
                0x00000000000012cc       0x34 zephyr/drivers/clock_control/libdrivers__clock_control.a(clock_control_nrf.c.obj)
 .text.clk_init
                0x0000000000001300       0x58 zephyr/drivers/clock_control/libdrivers__clock_control.a(clock_control_nrf.c.obj)
 .text.clkstarted_handle.constprop.0
                0x0000000000001358       0x34 zephyr/drivers/clock_control/libdrivers__clock_control.a(clock_control_nrf.c.obj)
 .text.clock_event_handler
                0x000000000000138c       0x1c zephyr/drivers/clock_control/libdrivers__clock_control.a(clock_control_nrf.c.obj)
 .text.generic_hfclk_start
                0x00000000000013a8       0x64 zephyr/drivers/clock_control/libdrivers__clock_control.a(clock_control_nrf.c.obj)
 .text.api_blocking_start
                0x000000000000140c       0x34 zephyr/drivers/clock_control/libdrivers__clock_control.a(clock_control_nrf.c.obj)
 .text.lfclk_start
                0x0000000000001440       0x24 zephyr/drivers/clock_control/libdrivers__clock_control.a(clock_control_nrf.c.obj)
 .text.z_nrf_clock_control_lf_on
                0x0000000000001464       0xfc zephyr/drivers/clock_control/libdrivers__clock_control.a(clock_control_nrf.c.obj)
                0x0000000000001464                z_nrf_clock_control_lf_on
 .text.rtt_console_init
                0x0000000000001560       0x18 zephyr/drivers/console/libdrivers__console.a(rtt_console.c.obj)
 .text.rtt_console_out
                0x0000000000001578       0x58 zephyr/drivers/console/libdrivers__console.a(rtt_console.c.obj)
 .text.uart_console_init
                0x00000000000015d0       0x28 zephyr/drivers/console/libdrivers__console.a(uart_console.c.obj)
 .text.console_out
                0x00000000000015f8       0x28 zephyr/drivers/console/libdrivers__console.a(uart_console.c.obj)
 .text.gpio_nrfx_pin_interrupt_configure
                0x0000000000001620       0xd8 zephyr/drivers/gpio/libdrivers__gpio.a(gpio_nrfx.c.obj)
 .text.gpio_nrfx_init
                0x00000000000016f8       0x38 zephyr/drivers/gpio/libdrivers__gpio.a(gpio_nrfx.c.obj)
 .text.nrfx_gpio_handler
                0x0000000000001730       0x3c zephyr/drivers/gpio/libdrivers__gpio.a(gpio_nrfx.c.obj)
 .text.gpio_nrfx_pin_configure
                0x000000000000176c      0x128 zephyr/drivers/gpio/libdrivers__gpio.a(gpio_nrfx.c.obj)
 .text.pinctrl_configure_pins
                0x0000000000001894      0x150 zephyr/drivers/pinctrl/libdrivers__pinctrl.a(pinctrl_nrf.c.obj)
                0x0000000000001894                pinctrl_configure_pins
 .text.uart_nrfx_poll_in
                0x00000000000019e4       0x24 zephyr/drivers/serial/libdrivers__serial.a(uart_nrfx_uart.c.obj)
 .text.uart_nrfx_err_check
                0x0000000000001a08       0x10 zephyr/drivers/serial/libdrivers__serial.a(uart_nrfx_uart.c.obj)
 .text.uart_nrfx_configure
                0x0000000000001a18      0x15c zephyr/drivers/serial/libdrivers__serial.a(uart_nrfx_uart.c.obj)
 .text.uart_nrfx_poll_out
                0x0000000000001b74       0x7c zephyr/drivers/serial/libdrivers__serial.a(uart_nrfx_uart.c.obj)
 .text.uart_nrfx_init
                0x0000000000001bf0       0x54 zephyr/drivers/serial/libdrivers__serial.a(uart_nrfx_uart.c.obj)
 .text.compare_int_lock
                0x0000000000001c44       0x48 zephyr/drivers/timer/libdrivers__timer.a(nrf_rtc_timer.c.obj)
 .text.sys_clock_timeout_handler
                0x0000000000001c8c       0x48 zephyr/drivers/timer/libdrivers__timer.a(nrf_rtc_timer.c.obj)
 .text.compare_int_unlock
                0x0000000000001cd4       0x5c zephyr/drivers/timer/libdrivers__timer.a(nrf_rtc_timer.c.obj)
 .text.z_nrf_rtc_timer_read
                0x0000000000001d30       0x44 zephyr/drivers/timer/libdrivers__timer.a(nrf_rtc_timer.c.obj)
                0x0000000000001d30                z_nrf_rtc_timer_read
 .text.compare_set
                0x0000000000001d74      0x130 zephyr/drivers/timer/libdrivers__timer.a(nrf_rtc_timer.c.obj)
 .text.sys_clock_driver_init
                0x0000000000001ea4       0x90 zephyr/drivers/timer/libdrivers__timer.a(nrf_rtc_timer.c.obj)
 .text.rtc_nrf_isr
                0x0000000000001f34       0xd4 zephyr/drivers/timer/libdrivers__timer.a(nrf_rtc_timer.c.obj)
                0x0000000000001f34                rtc_nrf_isr
 .text.sys_clock_set_timeout
                0x0000000000002008       0x68 zephyr/drivers/timer/libdrivers__timer.a(nrf_rtc_timer.c.obj)
                0x0000000000002008                sys_clock_set_timeout
 .text.sys_clock_elapsed
                0x0000000000002070       0x14 zephyr/drivers/timer/libdrivers__timer.a(nrf_rtc_timer.c.obj)
                0x0000000000002070                sys_clock_elapsed
 .text.k_sys_fatal_error_handler
                0x0000000000002084       0x14 modules/nrf/lib/fatal_error/lib..__nrf__lib__fatal_error.a(fatal_error.c.obj)
                0x0000000000002084                k_sys_fatal_error_handler
 .text.nrf52_errata_16
                0x0000000000002098       0x28 modules/hal_nordic/nrfx/libmodules__hal_nordic__nrfx.a(system_nrf52.c.obj)
 .text.nvmc_wait
                0x00000000000020c0       0x10 modules/hal_nordic/nrfx/libmodules__hal_nordic__nrfx.a(system_nrf52.c.obj)
                0x00000000000020c0                nvmc_wait
 .text.SystemInit
                0x00000000000020d0      0x278 modules/hal_nordic/nrfx/libmodules__hal_nordic__nrfx.a(system_nrf52.c.obj)
                0x00000000000020d0                SystemInit
 .text.nrfx_flag32_alloc
                0x0000000000002348       0x48 modules/hal_nordic/nrfx/libmodules__hal_nordic__nrfx.a(nrfx_flag32_allocator.c.obj)
                0x0000000000002348                nrfx_flag32_alloc
 .text.nrfx_flag32_free
                0x0000000000002390       0x40 modules/hal_nordic/nrfx/libmodules__hal_nordic__nrfx.a(nrfx_flag32_allocator.c.obj)
                0x0000000000002390                nrfx_flag32_free
 .text.clock_stop
                0x00000000000023d0       0xc4 modules/hal_nordic/nrfx/libmodules__hal_nordic__nrfx.a(nrfx_clock.c.obj)
 .text.nrfx_clock_init
                0x0000000000002494       0x20 modules/hal_nordic/nrfx/libmodules__hal_nordic__nrfx.a(nrfx_clock.c.obj)
                0x0000000000002494                nrfx_clock_init
 .text.nrfx_clock_start
                0x00000000000024b4       0xb0 modules/hal_nordic/nrfx/libmodules__hal_nordic__nrfx.a(nrfx_clock.c.obj)
                0x00000000000024b4                nrfx_clock_start
 .text.nrfx_power_clock_irq_handler
                0x0000000000002564       0x68 modules/hal_nordic/nrfx/libmodules__hal_nordic__nrfx.a(nrfx_clock.c.obj)
                0x0000000000002564                nrfx_power_clock_irq_handler
 .text.pin_in_use_by_te
                0x00000000000025cc       0x14 modules/hal_nordic/nrfx/libmodules__hal_nordic__nrfx.a(nrfx_gpiote.c.obj)
 .text.pin_is_output
                0x00000000000025e0       0x14 modules/hal_nordic/nrfx/libmodules__hal_nordic__nrfx.a(nrfx_gpiote.c.obj)
 .text.pin_te_get
                0x00000000000025f4       0x14 modules/hal_nordic/nrfx/libmodules__hal_nordic__nrfx.a(nrfx_gpiote.c.obj)
 .text.call_handler
                0x0000000000002608       0x3c modules/hal_nordic/nrfx/libmodules__hal_nordic__nrfx.a(nrfx_gpiote.c.obj)
 .text.release_handler
                0x0000000000002644       0x54 modules/hal_nordic/nrfx/libmodules__hal_nordic__nrfx.a(nrfx_gpiote.c.obj)
 .text.__nrfy_internal_gpiote_events_process.constprop.0
                0x0000000000002698       0x54 modules/hal_nordic/nrfx/libmodules__hal_nordic__nrfx.a(nrfx_gpiote.c.obj)
 .text.nrfx_gpiote_input_configure
                0x00000000000026ec      0x160 modules/hal_nordic/nrfx/libmodules__hal_nordic__nrfx.a(nrfx_gpiote.c.obj)
                0x00000000000026ec                nrfx_gpiote_input_configure
 .text.nrfx_gpiote_output_configure
                0x000000000000284c       0xec modules/hal_nordic/nrfx/libmodules__hal_nordic__nrfx.a(nrfx_gpiote.c.obj)
                0x000000000000284c                nrfx_gpiote_output_configure
 .text.nrfx_gpiote_global_callback_set
                0x0000000000002938        0xc modules/hal_nordic/nrfx/libmodules__hal_nordic__nrfx.a(nrfx_gpiote.c.obj)
                0x0000000000002938                nrfx_gpiote_global_callback_set
 .text.nrfx_gpiote_channel_get
                0x0000000000002944       0x2c modules/hal_nordic/nrfx/libmodules__hal_nordic__nrfx.a(nrfx_gpiote.c.obj)
                0x0000000000002944                nrfx_gpiote_channel_get
 .text.nrfx_gpiote_init
                0x0000000000002970       0x50 modules/hal_nordic/nrfx/libmodules__hal_nordic__nrfx.a(nrfx_gpiote.c.obj)
                0x0000000000002970                nrfx_gpiote_init
 .text.nrfx_gpiote_is_init
                0x00000000000029c0       0x14 modules/hal_nordic/nrfx/libmodules__hal_nordic__nrfx.a(nrfx_gpiote.c.obj)
                0x00000000000029c0                nrfx_gpiote_is_init
 .text.nrfx_gpiote_channel_free
                0x00000000000029d4        0xc modules/hal_nordic/nrfx/libmodules__hal_nordic__nrfx.a(nrfx_gpiote.c.obj)
                0x00000000000029d4                nrfx_gpiote_channel_free
 .text.nrfx_gpiote_channel_alloc
                0x00000000000029e0        0xc modules/hal_nordic/nrfx/libmodules__hal_nordic__nrfx.a(nrfx_gpiote.c.obj)
                0x00000000000029e0                nrfx_gpiote_channel_alloc
 .text.nrfx_gpiote_trigger_enable
                0x00000000000029ec       0x98 modules/hal_nordic/nrfx/libmodules__hal_nordic__nrfx.a(nrfx_gpiote.c.obj)
                0x00000000000029ec                nrfx_gpiote_trigger_enable
 .text.nrfx_gpiote_trigger_disable
                0x0000000000002a84       0x4c modules/hal_nordic/nrfx/libmodules__hal_nordic__nrfx.a(nrfx_gpiote.c.obj)
                0x0000000000002a84                nrfx_gpiote_trigger_disable
 .text.nrfx_gpiote_pin_uninit
                0x0000000000002ad0       0x78 modules/hal_nordic/nrfx/libmodules__hal_nordic__nrfx.a(nrfx_gpiote.c.obj)
                0x0000000000002ad0                nrfx_gpiote_pin_uninit
 .text.nrfx_gpiote_irq_handler
                0x0000000000002b48      0x15c modules/hal_nordic/nrfx/libmodules__hal_nordic__nrfx.a(nrfx_gpiote.c.obj)
                0x0000000000002b48                nrfx_gpiote_irq_handler
 .text._DoInit  0x0000000000002ca4       0x68 modules/segger/libmodules__segger.a(SEGGER_RTT.c.obj)
 .text.SEGGER_RTT_WriteNoLock
                0x0000000000002d0c       0x58 modules/segger/libmodules__segger.a(SEGGER_RTT.c.obj)
                0x0000000000002d0c                SEGGER_RTT_WriteNoLock
 .text.z_fatal_error
                0x0000000000002d64       0xa0 zephyr/kernel/libkernel.a(fatal.c.obj)
                0x0000000000002d64                z_fatal_error
 .text.z_sys_init_run_level
                0x0000000000002e04       0x48 zephyr/kernel/libkernel.a(init.c.obj)
 .text.bg_thread_main
                0x0000000000002e4c       0x34 zephyr/kernel/libkernel.a(init.c.obj)
 .text.z_bss_zero
                0x0000000000002e80       0x18 zephyr/kernel/libkernel.a(init.c.obj)
                0x0000000000002e80                z_bss_zero
 .text.z_init_cpu
                0x0000000000002e98       0x84 zephyr/kernel/libkernel.a(init.c.obj)
                0x0000000000002e98                z_init_cpu
 .text.z_cstart
                0x0000000000002f1c       0xdc zephyr/kernel/libkernel.a(init.c.obj)
                0x0000000000002f1c                z_cstart
 .text.z_setup_new_thread
                0x0000000000002ff8       0x7c zephyr/kernel/libkernel.a(thread.c.obj)
                0x0000000000002ff8                z_setup_new_thread
 .text.z_init_static_threads
                0x0000000000003074       0xb8 zephyr/kernel/libkernel.a(thread.c.obj)
                0x0000000000003074                z_init_static_threads
 .text.z_impl_k_sem_give
                0x000000000000312c       0x48 zephyr/kernel/libkernel.a(sem.c.obj)
                0x000000000000312c                z_impl_k_sem_give
 .text.z_impl_k_sem_take
                0x0000000000003174       0x50 zephyr/kernel/libkernel.a(sem.c.obj)
                0x0000000000003174                z_impl_k_sem_take
 .text.sliceable
                0x00000000000031c4       0x3c zephyr/kernel/libkernel.a(sched.c.obj)
 .text.slice_timeout
                0x0000000000003200       0x20 zephyr/kernel/libkernel.a(sched.c.obj)
 .text.z_reset_time_slice
                0x0000000000003220       0x50 zephyr/kernel/libkernel.a(sched.c.obj)
                0x0000000000003220                z_reset_time_slice
 .text.update_cache
                0x0000000000003270       0x3c zephyr/kernel/libkernel.a(sched.c.obj)
 .text.move_thread_to_end_of_prio_q
                0x00000000000032ac       0x74 zephyr/kernel/libkernel.a(sched.c.obj)
 .text.ready_thread
                0x0000000000003320       0x68 zephyr/kernel/libkernel.a(sched.c.obj)
 .text.unready_thread
                0x0000000000003388       0x30 zephyr/kernel/libkernel.a(sched.c.obj)
 .text.pend_locked
                0x00000000000033b8       0x30 zephyr/kernel/libkernel.a(sched.c.obj)
 .text.z_time_slice
                0x00000000000033e8       0x60 zephyr/kernel/libkernel.a(sched.c.obj)
                0x00000000000033e8                z_time_slice
 .text.z_pend_curr
                0x0000000000003448       0x3c zephyr/kernel/libkernel.a(sched.c.obj)
                0x0000000000003448                z_pend_curr
 .text.z_reschedule
                0x0000000000003484       0x24 zephyr/kernel/libkernel.a(sched.c.obj)
                0x0000000000003484                z_reschedule
 .text.z_sched_start
                0x00000000000034a8       0x3c zephyr/kernel/libkernel.a(sched.c.obj)
                0x00000000000034a8                z_sched_start
 .text.z_impl_k_thread_suspend
                0x00000000000034e4       0x64 zephyr/kernel/libkernel.a(sched.c.obj)
                0x00000000000034e4                z_impl_k_thread_suspend
 .text.k_sched_lock
                0x0000000000003548       0x28 zephyr/kernel/libkernel.a(sched.c.obj)
                0x0000000000003548                k_sched_lock
 .text.k_sched_unlock
                0x0000000000003570       0x38 zephyr/kernel/libkernel.a(sched.c.obj)
                0x0000000000003570                k_sched_unlock
 .text.z_sched_init
                0x00000000000035a8       0x10 zephyr/kernel/libkernel.a(sched.c.obj)
                0x00000000000035a8                z_sched_init
 .text.z_impl_k_yield
                0x00000000000035b8       0x7c zephyr/kernel/libkernel.a(sched.c.obj)
                0x00000000000035b8                z_impl_k_yield
 .text.z_tick_sleep
                0x0000000000003634       0x88 zephyr/kernel/libkernel.a(sched.c.obj)
 .text.z_impl_k_sleep
                0x00000000000036bc       0x34 zephyr/kernel/libkernel.a(sched.c.obj)
                0x00000000000036bc                z_impl_k_sleep
 .text.z_impl_z_current_get
                0x00000000000036f0        0xc zephyr/kernel/libkernel.a(sched.c.obj)
                0x00000000000036f0                z_impl_z_current_get
 .text.z_thread_abort
                0x00000000000036fc       0xc0 zephyr/kernel/libkernel.a(sched.c.obj)
                0x00000000000036fc                z_thread_abort
 .text.z_data_copy
                0x00000000000037bc       0x34 zephyr/kernel/libkernel.a(xip.c.obj)
                0x00000000000037bc                z_data_copy
 .text.elapsed  0x00000000000037f0       0x14 zephyr/kernel/libkernel.a(timeout.c.obj)
 .text.next_timeout
                0x0000000000003804       0x40 zephyr/kernel/libkernel.a(timeout.c.obj)
 .text.remove_timeout
                0x0000000000003844       0x38 zephyr/kernel/libkernel.a(timeout.c.obj)
 .text.z_add_timeout
                0x000000000000387c       0xec zephyr/kernel/libkernel.a(timeout.c.obj)
                0x000000000000387c                z_add_timeout
 .text.sys_clock_announce
                0x0000000000003968       0xd4 zephyr/kernel/libkernel.a(timeout.c.obj)
                0x0000000000003968                sys_clock_announce
 .text.sys_clock_tick_get
                0x0000000000003a3c       0x34 zephyr/kernel/libkernel.a(timeout.c.obj)
                0x0000000000003a3c                sys_clock_tick_get
 .text.boot_banner
                0x0000000000003a70        0xc zephyr/kernel/libkernel.a(banner.c.obj)
                0x0000000000003a70                boot_banner
 .text.__i_vfprintf
                0x0000000000003a7c      0x49c c:\ncs\toolchains\ce3b5ff664\opt\zephyr-sdk\arm-zephyr-eabi\bin\../lib/gcc/../../picolibc/arm-zephyr-eabi/lib/thumb/v7e-m/nofp\libc.a(libc_tinystdio_vfiprintf.c.o)
                0x0000000000003a7c                __i_vfprintf
 .text._OffsetAbsSyms
                0x0000000000003f18        0x2 zephyr/CMakeFiles/offsets.dir/./arch/arm/core/offsets/offsets.c.obj
                0x0000000000003f18                _OffsetAbsSyms
 .text.gpio_pin_configure_dt
                0x0000000000003f1a       0x3e app/libapp.a(main.c.obj)
 .text.arch_printk_char_out
                0x0000000000003f58        0x4 zephyr/libzephyr.a(printk.c.obj)
                0x0000000000003f58                arch_printk_char_out
 .text.printk   0x0000000000003f5c       0x1a zephyr/libzephyr.a(printk.c.obj)
                0x0000000000003f5c                printk
 .text.chunk_size
                0x0000000000003f76        0xa zephyr/libzephyr.a(heap.c.obj)
 .text.free_list_add
                0x0000000000003f80       0x4e zephyr/libzephyr.a(heap.c.obj)
 .text.sys_heap_init
                0x0000000000003fce       0x7a zephyr/libzephyr.a(heap.c.obj)
                0x0000000000003fce                sys_heap_init
 .text.process_recheck
                0x0000000000004048       0x38 zephyr/libzephyr.a(onoff.c.obj)
 .text.validate_args
                0x0000000000004080       0x20 zephyr/libzephyr.a(onoff.c.obj)
 .text.notify_one
                0x00000000000040a0       0x2c zephyr/libzephyr.a(onoff.c.obj)
 .text.transition_complete
                0x00000000000040cc       0x1c zephyr/libzephyr.a(onoff.c.obj)
 .text.onoff_manager_init
                0x00000000000040e8       0x26 zephyr/libzephyr.a(onoff.c.obj)
                0x00000000000040e8                onoff_manager_init
 .text.onoff_request
                0x000000000000410e       0xb0 zephyr/libzephyr.a(onoff.c.obj)
                0x000000000000410e                onoff_request
 .text.sys_notify_validate
                0x00000000000041be       0x22 zephyr/libzephyr.a(notify.c.obj)
                0x00000000000041be                sys_notify_validate
 .text.sys_notify_finalize
                0x00000000000041e0       0x1a zephyr/libzephyr.a(notify.c.obj)
                0x00000000000041e0                sys_notify_finalize
 .text._ConfigAbsSyms
                0x00000000000041fa        0x2 zephyr/libzephyr.a(configs.c.obj)
                0x00000000000041fa                _ConfigAbsSyms
 .text.z_log_minimal_printk
                0x00000000000041fc       0x1a zephyr/libzephyr.a(log_minimal.c.obj)
                0x00000000000041fc                z_log_minimal_printk
 .text.z_do_kernel_oops
                0x0000000000004216        0x8 zephyr/arch/arch/arm/core/aarch32/libarch__arm__core__aarch32.a(fatal.c.obj)
                0x0000000000004216                z_do_kernel_oops
 .text.z_irq_spurious
                0x000000000000421e        0x8 zephyr/arch/arch/arm/core/aarch32/libarch__arm__core__aarch32.a(irq_manage.c.obj)
                0x000000000000421e                z_irq_spurious
 .text.z_arm_nmi
                0x0000000000004226        0xe zephyr/arch/arch/arm/core/aarch32/libarch__arm__core__aarch32.a(nmi.c.obj)
                0x0000000000004226                z_arm_nmi
 .text.picolibc_put
                0x0000000000004234        0xa zephyr/lib/libc/picolibc/liblib__libc__picolibc.a(libc-hooks.c.obj)
 .text.get_status
                0x000000000000423e       0x12 zephyr/drivers/clock_control/libdrivers__clock_control.a(clock_control_nrf.c.obj)
 .text.set_on_state
                0x0000000000004250       0x26 zephyr/drivers/clock_control/libdrivers__clock_control.a(clock_control_nrf.c.obj)
 .text.stop     0x0000000000004276       0x52 zephyr/drivers/clock_control/libdrivers__clock_control.a(clock_control_nrf.c.obj)
 .text.api_stop
                0x00000000000042c8        0x6 zephyr/drivers/clock_control/libdrivers__clock_control.a(clock_control_nrf.c.obj)
 .text.async_start
                0x00000000000042ce       0x5c zephyr/drivers/clock_control/libdrivers__clock_control.a(clock_control_nrf.c.obj)
 .text.api_start
                0x000000000000432a        0xe zephyr/drivers/clock_control/libdrivers__clock_control.a(clock_control_nrf.c.obj)
 .text.onoff_started_callback
                0x0000000000004338       0x12 zephyr/drivers/clock_control/libdrivers__clock_control.a(clock_control_nrf.c.obj)
 .text.lfclk_stop
                0x000000000000434a        0x6 zephyr/drivers/clock_control/libdrivers__clock_control.a(clock_control_nrf.c.obj)
 .text.blocking_start_callback
                0x0000000000004350        0x6 zephyr/drivers/clock_control/libdrivers__clock_control.a(clock_control_nrf.c.obj)
 .text.gpio_nrfx_port_get_raw
                0x0000000000004356        0xe zephyr/drivers/gpio/libdrivers__gpio.a(gpio_nrfx.c.obj)
 .text.gpio_nrfx_port_set_masked_raw
                0x0000000000004364       0x18 zephyr/drivers/gpio/libdrivers__gpio.a(gpio_nrfx.c.obj)
 .text.gpio_nrfx_port_set_bits_raw
                0x000000000000437c        0xc zephyr/drivers/gpio/libdrivers__gpio.a(gpio_nrfx.c.obj)
 .text.gpio_nrfx_port_clear_bits_raw
                0x0000000000004388        0xc zephyr/drivers/gpio/libdrivers__gpio.a(gpio_nrfx.c.obj)
 .text.gpio_nrfx_port_toggle_bits
                0x0000000000004394       0x1a zephyr/drivers/gpio/libdrivers__gpio.a(gpio_nrfx.c.obj)
 .text.gpio_nrfx_manage_callback
                0x00000000000043ae       0x52 zephyr/drivers/gpio/libdrivers__gpio.a(gpio_nrfx.c.obj)
 .text.pinctrl_lookup_state
                0x0000000000004400       0x26 zephyr/drivers/pinctrl/libdrivers__pinctrl.a(common.c.obj)
                0x0000000000004400                pinctrl_lookup_state
 .text.uart_nrfx_config_get
                0x0000000000004426       0x10 zephyr/drivers/serial/libdrivers__serial.a(uart_nrfx_uart.c.obj)
 .text.event_clear
                0x0000000000004436       0x18 zephyr/drivers/timer/libdrivers__timer.a(nrf_rtc_timer.c.obj)
 .text.nrf52_errata_12
                0x000000000000444e       0x1c modules/hal_nordic/nrfx/libmodules__hal_nordic__nrfx.a(system_nrf52.c.obj)
 .text.nrfx_isr
                0x000000000000446a        0x2 modules/hal_nordic/nrfx/libmodules__hal_nordic__nrfx.a(nrfx_glue.c.obj)
                0x000000000000446a                nrfx_isr
 .text.nrfx_busy_wait
                0x000000000000446c        0x4 modules/hal_nordic/nrfx/libmodules__hal_nordic__nrfx.a(nrfx_glue.c.obj)
                0x000000000000446c                nrfx_busy_wait
 .text.nrfx_clock_enable
                0x0000000000004470       0x1a modules/hal_nordic/nrfx/libmodules__hal_nordic__nrfx.a(nrfx_clock.c.obj)
                0x0000000000004470                nrfx_clock_enable
 .text.nrfx_clock_stop
                0x000000000000448a        0x4 modules/hal_nordic/nrfx/libmodules__hal_nordic__nrfx.a(nrfx_clock.c.obj)
                0x000000000000448a                nrfx_clock_stop
 .text.nrf_gpio_pin_port_decode
                0x000000000000448e       0x14 modules/hal_nordic/nrfx/libmodules__hal_nordic__nrfx.a(nrfx_gpiote.c.obj)
 .text.nrf_gpio_reconfigure
                0x00000000000044a2       0x92 modules/hal_nordic/nrfx/libmodules__hal_nordic__nrfx.a(nrfx_gpiote.c.obj)
 .text.nrf_gpio_cfg_sense_set
                0x0000000000004534       0x1e modules/hal_nordic/nrfx/libmodules__hal_nordic__nrfx.a(nrfx_gpiote.c.obj)
 .text._GetAvailWriteSpace
                0x0000000000004552       0x12 modules/segger/libmodules__segger.a(SEGGER_RTT.c.obj)
 .text._WriteNoCheck
                0x0000000000004564       0x3e modules/segger/libmodules__segger.a(SEGGER_RTT.c.obj)
 .text._WriteBlocking
                0x00000000000045a2       0x5a modules/segger/libmodules__segger.a(SEGGER_RTT.c.obj)
 .text.SEGGER_RTT_Init
                0x00000000000045fc        0x4 modules/segger/libmodules__segger.a(SEGGER_RTT.c.obj)
                0x00000000000045fc                SEGGER_RTT_Init
 .text.rtt_init
                0x0000000000004600        0xa modules/segger/libmodules__segger.a(SEGGER_RTT_zephyr.c.obj)
 .text.z_impl_k_busy_wait
                0x000000000000460a        0x8 zephyr/kernel/libkernel.a(busy_wait.c.obj)
                0x000000000000460a                z_impl_k_busy_wait
 .text.z_device_state_init
                0x0000000000004612        0x2 zephyr/kernel/libkernel.a(device.c.obj)
                0x0000000000004612                z_device_state_init
 .text.z_device_is_ready
                0x0000000000004614       0x16 zephyr/kernel/libkernel.a(device.c.obj)
                0x0000000000004614                z_device_is_ready
 .text.z_early_memset
                0x000000000000462a        0x4 zephyr/kernel/libkernel.a(init.c.obj)
                0x000000000000462a                z_early_memset
 .text.z_early_memcpy
                0x000000000000462e        0x4 zephyr/kernel/libkernel.a(init.c.obj)
                0x000000000000462e                z_early_memcpy
 .text.k_is_in_isr
                0x0000000000004632        0xc zephyr/kernel/libkernel.a(thread.c.obj)
                0x0000000000004632                k_is_in_isr
 .text.k_thread_name_get
                0x000000000000463e        0x4 zephyr/kernel/libkernel.a(thread.c.obj)
                0x000000000000463e                k_thread_name_get
 .text.idle     0x0000000000004642       0x18 zephyr/kernel/libkernel.a(idle.c.obj)
                0x0000000000004642                idle
 .text.sys_dlist_remove
                0x000000000000465a       0x10 zephyr/kernel/libkernel.a(sched.c.obj)
 .text.unpend_thread_no_timeout
                0x000000000000466a       0x14 zephyr/kernel/libkernel.a(sched.c.obj)
 .text.add_to_waitq_locked
                0x000000000000467e       0x50 zephyr/kernel/libkernel.a(sched.c.obj)
 .text.z_ready_thread
                0x00000000000046ce       0x20 zephyr/kernel/libkernel.a(sched.c.obj)
                0x00000000000046ce                z_ready_thread
 .text.z_sched_wake_thread
                0x00000000000046ee       0x44 zephyr/kernel/libkernel.a(sched.c.obj)
                0x00000000000046ee                z_sched_wake_thread
 .text.z_thread_timeout
                0x0000000000004732        0x8 zephyr/kernel/libkernel.a(sched.c.obj)
                0x0000000000004732                z_thread_timeout
 .text.z_unpend_first_thread
                0x000000000000473a       0x38 zephyr/kernel/libkernel.a(sched.c.obj)
                0x000000000000473a                z_unpend_first_thread
 .text.z_reschedule_irqlock
                0x0000000000004772       0x18 zephyr/kernel/libkernel.a(sched.c.obj)
                0x0000000000004772                z_reschedule_irqlock
 .text.z_reschedule_unlocked
                0x000000000000478a       0x14 zephyr/kernel/libkernel.a(sched.c.obj)
 .text.z_abort_timeout
                0x000000000000479e       0x2c zephyr/kernel/libkernel.a(timeout.c.obj)
                0x000000000000479e                z_abort_timeout
 .text.sys_clock_tick_get_32
                0x00000000000047ca        0x8 zephyr/kernel/libkernel.a(timeout.c.obj)
                0x00000000000047ca                sys_clock_tick_get_32
 .text.strnlen  0x00000000000047d2       0x18 c:\ncs\toolchains\ce3b5ff664\opt\zephyr-sdk\arm-zephyr-eabi\bin\../lib/gcc/../../picolibc/arm-zephyr-eabi/lib/thumb/v7e-m/nofp\libc.a(libc_string_strnlen.c.o)
                0x00000000000047d2                strnlen
 .text.__ultoa_invert
                0x00000000000047ea       0x34 c:\ncs\toolchains\ce3b5ff664\opt\zephyr-sdk\arm-zephyr-eabi\bin\../lib/gcc/../../picolibc/arm-zephyr-eabi/lib/thumb/v7e-m/nofp\libc.a(libc_tinystdio_vfiprintf.c.o)
 .text.memcpy   0x000000000000481e       0x1c c:\ncs\toolchains\ce3b5ff664\opt\zephyr-sdk\arm-zephyr-eabi\bin\../lib/gcc/../../picolibc/arm-zephyr-eabi/lib/thumb/v7e-m/nofp\libc.a(memcpy.c.o)
                0x000000000000481e                __aeabi_memcpy
                0x000000000000481e                __aeabi_memcpy4
                0x000000000000481e                __aeabi_memcpy8
                0x000000000000481e                memcpy
 .text.memset   0x000000000000483a       0x10 c:\ncs\toolchains\ce3b5ff664\opt\zephyr-sdk\arm-zephyr-eabi\bin\../lib/gcc/../../picolibc/arm-zephyr-eabi/lib/thumb/v7e-m/nofp\libc.a(memset.c.o)
                0x000000000000483a                memset
 *(SORT_BY_ALIGNMENT(.TEXT.*))
 *fill*         0x000000000000484a        0x2 
 .TEXT.__aeabi_read_tp
                0x000000000000484c        0xc zephyr/arch/arch/arm/core/aarch32/cortex_m/libarch__arm__core__aarch32__cortex_m.a(__aeabi_read_tp.S.obj)
                0x000000000000484c                __aeabi_read_tp
 *(SORT_BY_ALIGNMENT(.gnu.linkonce.t.*))
 *(SORT_BY_ALIGNMENT(.glue_7t))
 .glue_7t       0x0000000000004858        0x0 linker stubs
 *(SORT_BY_ALIGNMENT(.glue_7))
 .glue_7        0x0000000000004858        0x0 linker stubs
 *(SORT_BY_ALIGNMENT(.vfp11_veneer))
 .vfp11_veneer  0x0000000000004858        0x0 linker stubs
 *(SORT_BY_ALIGNMENT(.v4_bx))
 .v4_bx         0x0000000000004858        0x0 linker stubs
                0x0000000000004858                . = ALIGN (0x4)
                0x0000000000004858                __text_region_end = .

.ARM.exidx      0x0000000000004858        0x8
                0x0000000000004858                __exidx_start = .
 *(SORT_BY_ALIGNMENT(.ARM.exidx*) SORT_BY_ALIGNMENT(gnu.linkonce.armexidx.*))
 .ARM.exidx     0x0000000000004858        0x8 c:/ncs/toolchains/ce3b5ff664/opt/zephyr-sdk/arm-zephyr-eabi/bin/../lib/gcc/arm-zephyr-eabi/12.2.0/thumb/v7e-m/nofp\libgcc.a(_udivmoddi4.o)
                0x0000000000004860                __exidx_end = .
                0x0000000000004860                __rodata_region_start = .

initlevel       0x0000000000004860       0x48
                0x0000000000004860                __init_start = .
                0x0000000000004860                __init_EARLY_start = .
 *(SORT_BY_NAME(SORT_BY_ALIGNMENT(.z_init_EARLY?_*)))
 *(SORT_BY_NAME(SORT_BY_ALIGNMENT(.z_init_EARLY??_*)))
                0x0000000000004860                __init_PRE_KERNEL_1_start = .
 *(SORT_BY_NAME(SORT_BY_ALIGNMENT(.z_init_PRE_KERNEL_1?_*)))
 .z_init_PRE_KERNEL_10_0_
                0x0000000000004860        0x8 zephyr/soc/soc/arm/nordic_nrf/nrf52/libsoc__arm__nordic_nrf__nrf52.a(soc.c.obj)
 *(SORT_BY_NAME(SORT_BY_ALIGNMENT(.z_init_PRE_KERNEL_1??_*)))
 .z_init_PRE_KERNEL_130_00046_
                0x0000000000004868        0x8 zephyr/drivers/clock_control/libdrivers__clock_control.a(clock_control_nrf.c.obj)
 .z_init_PRE_KERNEL_130_0_
                0x0000000000004870        0x8 modules/segger/libmodules__segger.a(SEGGER_RTT_zephyr.c.obj)
 .z_init_PRE_KERNEL_140_00009_
                0x0000000000004878        0x8 zephyr/drivers/gpio/libdrivers__gpio.a(gpio_nrfx.c.obj)
 .z_init_PRE_KERNEL_155_00080_
                0x0000000000004880        0x8 zephyr/drivers/serial/libdrivers__serial.a(uart_nrfx_uart.c.obj)
 .z_init_PRE_KERNEL_160_0_
                0x0000000000004888        0x8 zephyr/drivers/console/libdrivers__console.a(rtt_console.c.obj)
 .z_init_PRE_KERNEL_160_0_
                0x0000000000004890        0x8 zephyr/drivers/console/libdrivers__console.a(uart_console.c.obj)
                0x0000000000004898                __init_PRE_KERNEL_2_start = .
 *(SORT_BY_NAME(SORT_BY_ALIGNMENT(.z_init_PRE_KERNEL_2?_*)))
 .z_init_PRE_KERNEL_20_0_
                0x0000000000004898        0x8 zephyr/drivers/timer/libdrivers__timer.a(nrf_rtc_timer.c.obj)
 *(SORT_BY_NAME(SORT_BY_ALIGNMENT(.z_init_PRE_KERNEL_2??_*)))
                0x00000000000048a0                __init_POST_KERNEL_start = .
 *(SORT_BY_NAME(SORT_BY_ALIGNMENT(.z_init_POST_KERNEL?_*)))
 *(SORT_BY_NAME(SORT_BY_ALIGNMENT(.z_init_POST_KERNEL??_*)))
 .z_init_POST_KERNEL40_0_
                0x00000000000048a0        0x8 zephyr/lib/libc/common/liblib__libc__common.a(malloc.c.obj)
                0x00000000000048a8                __init_APPLICATION_start = .
 *(SORT_BY_NAME(SORT_BY_ALIGNMENT(.z_init_APPLICATION?_*)))
 *(SORT_BY_NAME(SORT_BY_ALIGNMENT(.z_init_APPLICATION??_*)))
                0x00000000000048a8                __init_SMP_start = .
 *(SORT_BY_NAME(SORT_BY_ALIGNMENT(.z_init_SMP?_*)))
 *(SORT_BY_NAME(SORT_BY_ALIGNMENT(.z_init_SMP??_*)))
                0x00000000000048a8                __init_end = .

device_area     0x00000000000048a8       0x3c
                0x00000000000048a8                _device_list_start = .
 *(SORT_BY_NAME(SORT_BY_ALIGNMENT(._device.static.*_?_*)))
 *(SORT_BY_NAME(SORT_BY_ALIGNMENT(._device.static.*_??_*)))
 ._device.static.1_30_
                0x00000000000048a8       0x14 zephyr/drivers/clock_control/libdrivers__clock_control.a(clock_control_nrf.c.obj)
                0x00000000000048a8                __device_dts_ord_46
 ._device.static.1_40_
                0x00000000000048bc       0x14 zephyr/drivers/gpio/libdrivers__gpio.a(gpio_nrfx.c.obj)
                0x00000000000048bc                __device_dts_ord_9
 ._device.static.1_55_
                0x00000000000048d0       0x14 zephyr/drivers/serial/libdrivers__serial.a(uart_nrfx_uart.c.obj)
                0x00000000000048d0                __device_dts_ord_80
                0x00000000000048e4                _device_list_end = .

sw_isr_table    0x00000000000048e4      0x138
                0x00000000000048e4                . = ALIGN (0x4)
 *(SORT_BY_ALIGNMENT(.gnu.linkonce.sw_isr_table*))
 .gnu.linkonce.sw_isr_table
                0x00000000000048e4      0x138 zephyr/arch/common/libisr_tables.a(isr_tables.c.obj)
                0x00000000000048e4                _sw_isr_table

initlevel_error
                0x0000000000004860        0x0
 *(SORT_BY_NAME(SORT_BY_ALIGNMENT(.z_init_[_A-Z0-9]*)))
                0x0000000000000001                ASSERT ((SIZEOF (initlevel_error) == 0x0), Undefined initialization levels used.)

app_shmem_regions
                0x0000000000004a1c        0x0
                0x0000000000004a1c                __app_shmem_regions_start = .
 *(SORT_BY_NAME(SORT_BY_ALIGNMENT(.app_regions.*)))
                0x0000000000004a1c                __app_shmem_regions_end = .

k_p4wq_initparam_area
                0x0000000000004a1c        0x0
                0x0000000000004a1c                _k_p4wq_initparam_list_start = .
 *(SORT_BY_NAME(SORT_BY_ALIGNMENT(._k_p4wq_initparam.static.*)))
                0x0000000000004a1c                _k_p4wq_initparam_list_end = .

_static_thread_data_area
                0x0000000000004a1c        0x0
                0x0000000000004a1c                __static_thread_data_list_start = .
 *(SORT_BY_NAME(SORT_BY_ALIGNMENT(.__static_thread_data.static.*)))
                0x0000000000004a1c                __static_thread_data_list_end = .

device_deps     0x0000000000004a1c        0x0
                0x0000000000004a1c                __device_deps_start = .
 *(SORT_BY_NAME(SORT_BY_ALIGNMENT(.__device_deps_pass2*)))
                0x0000000000004a1c                __device_deps_end = .

ztest           0x0000000000004a1c        0x0
                0x0000000000004a1c                _ztest_expected_result_entry_list_start = .
 *(SORT_BY_NAME(SORT_BY_ALIGNMENT(._ztest_expected_result_entry.static.*)))
                0x0000000000004a1c                _ztest_expected_result_entry_list_end = .
                0x0000000000004a1c                _ztest_suite_node_list_start = .
 *(SORT_BY_NAME(SORT_BY_ALIGNMENT(._ztest_suite_node.static.*)))
                0x0000000000004a1c                _ztest_suite_node_list_end = .
                0x0000000000004a1c                _ztest_unit_test_list_start = .
 *(SORT_BY_NAME(SORT_BY_ALIGNMENT(._ztest_unit_test.static.*)))
                0x0000000000004a1c                _ztest_unit_test_list_end = .
                0x0000000000004a1c                _ztest_test_rule_list_start = .
 *(SORT_BY_NAME(SORT_BY_ALIGNMENT(._ztest_test_rule.static.*)))
                0x0000000000004a1c                _ztest_test_rule_list_end = .

bt_l2cap_fixed_chan_area
                0x0000000000004a1c        0x0
                0x0000000000004a1c                _bt_l2cap_fixed_chan_list_start = .
 *(SORT_BY_NAME(SORT_BY_ALIGNMENT(._bt_l2cap_fixed_chan.static.*)))
                0x0000000000004a1c                _bt_l2cap_fixed_chan_list_end = .

bt_gatt_service_static_area
                0x0000000000004a1c        0x0
                0x0000000000004a1c                _bt_gatt_service_static_list_start = .
 *(SORT_BY_NAME(SORT_BY_ALIGNMENT(._bt_gatt_service_static.static.*)))
                0x0000000000004a1c                _bt_gatt_service_static_list_end = .

log_strings_area
                0x0000000000004a1c        0x0
                0x0000000000004a1c                _log_strings_list_start = .
 *(SORT_BY_NAME(SORT_BY_ALIGNMENT(._log_strings.static.*)))
                0x0000000000004a1c                _log_strings_list_end = .

log_const_area  0x0000000000004a1c       0x48
                0x0000000000004a1c                _log_const_list_start = .
 *(SORT_BY_NAME(SORT_BY_ALIGNMENT(._log_const.static.*)))
 ._log_const.static.log_const_Less4_Exer3_
                0x0000000000004a1c        0x8 app/libapp.a(main.c.obj)
                0x0000000000004a1c                log_const_Less4_Exer3
 ._log_const.static.log_const_NRFX_CLOCK_
                0x0000000000004a24        0x8 modules/hal_nordic/nrfx/libmodules__hal_nordic__nrfx.a(nrfx_clock.c.obj)
                0x0000000000004a24                log_const_NRFX_CLOCK
 ._log_const.static.log_const_NRFX_GPIOTE_
                0x0000000000004a2c        0x8 modules/hal_nordic/nrfx/libmodules__hal_nordic__nrfx.a(nrfx_gpiote.c.obj)
                0x0000000000004a2c                log_const_NRFX_GPIOTE
 ._log_const.static.log_const_cbprintf_package_
                0x0000000000004a34        0x8 zephyr/libzephyr.a(cbprintf_packaged.c.obj)
                0x0000000000004a34                log_const_cbprintf_package
 ._log_const.static.log_const_clock_control_
                0x0000000000004a3c        0x8 zephyr/drivers/clock_control/libdrivers__clock_control.a(clock_control_nrf.c.obj)
                0x0000000000004a3c                log_const_clock_control
 ._log_const.static.log_const_fatal_error_
                0x0000000000004a44        0x8 modules/nrf/lib/fatal_error/lib..__nrf__lib__fatal_error.a(fatal_error.c.obj)
                0x0000000000004a44                log_const_fatal_error
 ._log_const.static.log_const_mpu_
                0x0000000000004a4c        0x8 zephyr/arch/arch/arm/core/aarch32/mpu/libarch__arm__core__aarch32__mpu.a(arm_core_mpu.c.obj)
                0x0000000000004a4c                log_const_mpu
 ._log_const.static.log_const_os_
                0x0000000000004a54        0x8 zephyr/kernel/libkernel.a(init.c.obj)
                0x0000000000004a54                log_const_os
 ._log_const.static.log_const_soc_
                0x0000000000004a5c        0x8 zephyr/soc/soc/arm/nordic_nrf/nrf52/libsoc__arm__nordic_nrf__nrf52.a(soc.c.obj)
                0x0000000000004a5c                log_const_soc
                0x0000000000004a64                _log_const_list_end = .

log_backend_area
                0x0000000000004a64        0x0
                0x0000000000004a64                _log_backend_list_start = .
 *(SORT_BY_NAME(SORT_BY_ALIGNMENT(._log_backend.static.*)))
                0x0000000000004a64                _log_backend_list_end = .

log_link_area   0x0000000000004a64        0x0
                0x0000000000004a64                _log_link_list_start = .
 *(SORT_BY_NAME(SORT_BY_ALIGNMENT(._log_link.static.*)))
                0x0000000000004a64                _log_link_list_end = .

tracing_backend_area
                0x0000000000004a64        0x0
                0x0000000000004a64                _tracing_backend_list_start = .
 *(SORT_BY_NAME(SORT_BY_ALIGNMENT(._tracing_backend.static.*)))
                0x0000000000004a64                _tracing_backend_list_end = .

zephyr_dbg_info
 *(SORT_BY_ALIGNMENT(.dbg_thread_info))

symbol_to_keep  0x0000000000004a64        0x0
                0x0000000000004a64                __symbol_to_keep_start = .
 *(SORT_BY_NAME(SORT_BY_ALIGNMENT(.symbol_to_keep*)))
                0x0000000000004a64                __symbol_to_keep_end = .

shell_area      0x0000000000004a64        0x0
                0x0000000000004a64                _shell_list_start = .
 *(SORT_BY_NAME(SORT_BY_ALIGNMENT(._shell.static.*)))
                0x0000000000004a64                _shell_list_end = .

shell_root_cmds_area
                0x0000000000004a64        0x0
                0x0000000000004a64                _shell_root_cmds_list_start = .
 *(SORT_BY_NAME(SORT_BY_ALIGNMENT(._shell_root_cmds.static.*)))
                0x0000000000004a64                _shell_root_cmds_list_end = .

shell_subcmds_area
                0x0000000000004a64        0x0
                0x0000000000004a64                _shell_subcmds_list_start = .
 *(SORT_BY_NAME(SORT_BY_ALIGNMENT(._shell_subcmds.static.*)))
                0x0000000000004a64                _shell_subcmds_list_end = .

shell_dynamic_subcmds_area
                0x0000000000004a64        0x0
                0x0000000000004a64                _shell_dynamic_subcmds_list_start = .
 *(SORT_BY_NAME(SORT_BY_ALIGNMENT(._shell_dynamic_subcmds.static.*)))
                0x0000000000004a64                _shell_dynamic_subcmds_list_end = .

cfb_font_area   0x0000000000004a64        0x0
                0x0000000000004a64                _cfb_font_list_start = .
 *(SORT_BY_NAME(SORT_BY_ALIGNMENT(._cfb_font.static.*)))
                0x0000000000004a64                _cfb_font_list_end = .

tdata           0x0000000000004a64        0x0
 *(SORT_BY_ALIGNMENT(.tdata) SORT_BY_ALIGNMENT(.tdata.*) SORT_BY_ALIGNMENT(.gnu.linkonce.td.*))

tbss            0x0000000000004a64        0x4
 *(SORT_BY_ALIGNMENT(.tbss) SORT_BY_ALIGNMENT(.tbss.*) SORT_BY_ALIGNMENT(.gnu.linkonce.tb.*) SORT_BY_ALIGNMENT(.tcommon))
 .tbss.z_tls_current
                0x0000000000004a64        0x4 zephyr/libzephyr.a(thread_entry.c.obj)
                0x0000000000004a64                z_tls_current
                0x0000000000004a64                PROVIDE (__tdata_start = LOADADDR (tdata))
                0x0000000000000000                PROVIDE (__tdata_size = SIZEOF (tdata))
                [!provide]                        PROVIDE (__tdata_end = (__tdata_start + __tdata_size))
                0x0000000000000001                PROVIDE (__tdata_align = ALIGNOF (tdata))
                [!provide]                        PROVIDE (__tbss_start = ADDR (tbss))
                0x0000000000000004                PROVIDE (__tbss_size = SIZEOF (tbss))
                [!provide]                        PROVIDE (__tbss_end = (__tbss_start + __tbss_size))
                0x0000000000000004                PROVIDE (__tbss_align = ALIGNOF (tbss))
                [!provide]                        PROVIDE (__tls_start = __tdata_start)
                [!provide]                        PROVIDE (__tls_end = __tbss_end)
                [!provide]                        PROVIDE (__tls_size = (__tbss_end - __tdata_start))

rodata          0x0000000000004a70      0x908
 *(SORT_BY_ALIGNMENT(.rodata))
 .rodata        0x0000000000004a70        0xd app/libapp.a(main.c.obj)
 *(SORT_BY_ALIGNMENT(.rodata.*))
 *fill*         0x0000000000004a7d        0x3 
 .rodata.delay_machine_code.0
                0x0000000000004a80        0x6 zephyr/soc/soc/arm/nordic_nrf/nrf52/libsoc__arm__nordic_nrf__nrf52.a(soc.c.obj)
 *fill*         0x0000000000004a86        0x2 
 .rodata.led    0x0000000000004a88        0x8 app/libapp.a(main.c.obj)
 .rodata.button
                0x0000000000004a90        0x8 app/libapp.a(main.c.obj)
 .rodata.static_regions
                0x0000000000004a98        0xc zephyr/arch/arch/arm/core/aarch32/mpu/libarch__arm__core__aarch32__mpu.a(arm_core_mpu.c.obj)
 .rodata.mpu_config
                0x0000000000004aa4        0x8 zephyr/soc/soc/arm/common/cortex_m/libsoc__arm__common__cortex_m.a(arm_mpu_regions.c.obj)
                0x0000000000004aa4                mpu_config
 .rodata.mpu_regions
                0x0000000000004aac       0x18 zephyr/soc/soc/arm/common/cortex_m/libsoc__arm__common__cortex_m.a(arm_mpu_regions.c.obj)
 .rodata.transitions.0
                0x0000000000004ac4        0xc zephyr/drivers/clock_control/libdrivers__clock_control.a(clock_control_nrf.c.obj)
 .rodata.config
                0x0000000000004ad0       0x18 zephyr/drivers/clock_control/libdrivers__clock_control.a(clock_control_nrf.c.obj)
 .rodata.clock_control_api
                0x0000000000004ae8       0x1c zephyr/drivers/clock_control/libdrivers__clock_control.a(clock_control_nrf.c.obj)
 .rodata.gpio_nrfx_p0_cfg
                0x0000000000004b04       0x10 zephyr/drivers/gpio/libdrivers__gpio.a(gpio_nrfx.c.obj)
 .rodata.gpio_nrfx_drv_api_funcs
                0x0000000000004b14       0x24 zephyr/drivers/gpio/libdrivers__gpio.a(gpio_nrfx.c.obj)
 .rodata.uart_nrfx_uart0_config
                0x0000000000004b38        0x4 zephyr/drivers/serial/libdrivers__serial.a(uart_nrfx_uart.c.obj)
 .rodata.__pinctrl_dev_config__device_dts_ord_80
                0x0000000000004b3c        0xc zephyr/drivers/serial/libdrivers__serial.a(uart_nrfx_uart.c.obj)
 .rodata.__pinctrl_states__device_dts_ord_80
                0x0000000000004b48        0x8 zephyr/drivers/serial/libdrivers__serial.a(uart_nrfx_uart.c.obj)
 .rodata.__pinctrl_state_pins_0__device_dts_ord_80
                0x0000000000004b50        0x8 zephyr/drivers/serial/libdrivers__serial.a(uart_nrfx_uart.c.obj)
 .rodata.uart_nrfx_uart_driver_api
                0x0000000000004b58       0x14 zephyr/drivers/serial/libdrivers__serial.a(uart_nrfx_uart.c.obj)
 .rodata._k_neg_eagain
                0x0000000000004b6c        0x4 zephyr/kernel/libkernel.a(errno.c.obj)
                0x0000000000004b6c                _k_neg_eagain
 .rodata.CSWTCH.488
                0x0000000000004b70       0x14 zephyr/kernel/libkernel.a(fatal.c.obj)
 .rodata.levels.0
                0x0000000000004b84       0x18 zephyr/kernel/libkernel.a(init.c.obj)
 .rodata.button_pressed.str1.1
                0x0000000000004b9c       0x54 app/libapp.a(main.c.obj)
 .rodata.main.str1.1
                0x0000000000004bf0       0xb2 app/libapp.a(main.c.obj)
 .rodata.str1.1
                0x0000000000004ca2        0xc app/libapp.a(main.c.obj)
 .rodata.str1.1
                0x0000000000004cae       0x11 zephyr/libzephyr.a(cbprintf_packaged.c.obj)
 .rodata.z_log_minimal_hexdump_print.str1.1
                0x0000000000004cbf       0x14 zephyr/libzephyr.a(log_minimal.c.obj)
                                         0x18 (size before relaxing)
 .rodata.CSWTCH.4
                0x0000000000004cd3        0x4 zephyr/libzephyr.a(log_minimal.c.obj)
 .rodata.z_arm_fatal_error.str1.1
                0x0000000000004cd7       0xaf zephyr/arch/arch/arm/core/aarch32/libarch__arm__core__aarch32.a(fatal.c.obj)
 .rodata.usage_fault.constprop.0.str1.1
                0x0000000000004d86       0xf0 zephyr/arch/arch/arm/core/aarch32/cortex_m/libarch__arm__core__aarch32__cortex_m.a(fault.c.obj)
 .rodata.bus_fault.constprop.0.str1.1
                0x0000000000004e76       0xf2 zephyr/arch/arch/arm/core/aarch32/cortex_m/libarch__arm__core__aarch32__cortex_m.a(fault.c.obj)
 .rodata.mem_manage_fault.constprop.0.str1.1
                0x0000000000004f68       0xaf zephyr/arch/arch/arm/core/aarch32/cortex_m/libarch__arm__core__aarch32__cortex_m.a(fault.c.obj)
 .rodata.z_arm_fault.str1.1
                0x0000000000005017      0x139 zephyr/arch/arch/arm/core/aarch32/cortex_m/libarch__arm__core__aarch32__cortex_m.a(fault.c.obj)
 .rodata.str1.1
                0x0000000000005150        0x4 zephyr/arch/arch/arm/core/aarch32/mpu/libarch__arm__core__aarch32__mpu.a(arm_core_mpu.c.obj)
 .rodata.mpu_configure_regions.str1.1
                0x0000000000005154       0x53 zephyr/arch/arch/arm/core/aarch32/mpu/libarch__arm__core__aarch32__mpu.a(arm_mpu.c.obj)
 .rodata.str1.1
                0x00000000000051a7        0xf zephyr/soc/soc/arm/common/cortex_m/libsoc__arm__common__cortex_m.a(arm_mpu_regions.c.obj)
 .rodata.str1.1
                0x00000000000051b6        0x4 zephyr/soc/soc/arm/nordic_nrf/nrf52/libsoc__arm__nordic_nrf__nrf52.a(soc.c.obj)
 .rodata.str1.1
                0x00000000000051ba       0x29 zephyr/drivers/clock_control/libdrivers__clock_control.a(clock_control_nrf.c.obj)
 .rodata.str1.1
                0x00000000000051e3        0xe zephyr/drivers/gpio/libdrivers__gpio.a(gpio_nrfx.c.obj)
 .rodata.str1.1
                0x00000000000051f1        0xe zephyr/drivers/serial/libdrivers__serial.a(uart_nrfx_uart.c.obj)
 .rodata.k_sys_fatal_error_handler.str1.1
                0x00000000000051ff       0x16 modules/nrf/lib/fatal_error/lib..__nrf__lib__fatal_error.a(fatal_error.c.obj)
 .rodata.str1.1
                0x0000000000005215        0xc modules/nrf/lib/fatal_error/lib..__nrf__lib__fatal_error.a(fatal_error.c.obj)
 .rodata.CSWTCH.20
                0x0000000000005221        0x5 modules/hal_nordic/nrfx/libmodules__hal_nordic__nrfx.a(system_nrf52.c.obj)
 .rodata.CSWTCH.18
                0x0000000000005226        0x5 modules/hal_nordic/nrfx/libmodules__hal_nordic__nrfx.a(system_nrf52.c.obj)
 .rodata.CSWTCH.14
                0x000000000000522b        0x5 modules/hal_nordic/nrfx/libmodules__hal_nordic__nrfx.a(system_nrf52.c.obj)
 .rodata.CSWTCH.4
                0x0000000000005230        0x5 modules/hal_nordic/nrfx/libmodules__hal_nordic__nrfx.a(system_nrf52.c.obj)
 .rodata.str1.1
                0x0000000000005235        0xb modules/hal_nordic/nrfx/libmodules__hal_nordic__nrfx.a(nrfx_clock.c.obj)
 .rodata.str1.1
                0x0000000000005240        0xc modules/hal_nordic/nrfx/libmodules__hal_nordic__nrfx.a(nrfx_gpiote.c.obj)
 .rodata._DoInit.str1.1
                0x000000000000524c        0x9 modules/segger/libmodules__segger.a(SEGGER_RTT.c.obj)
 .rodata._aInitStr.0
                0x0000000000005255       0x11 modules/segger/libmodules__segger.a(SEGGER_RTT.c.obj)
 .rodata.z_fatal_error.str1.1
                0x0000000000005266       0x86 zephyr/kernel/libkernel.a(fatal.c.obj)
 .rodata.str1.1
                0x00000000000052ec       0x4a zephyr/kernel/libkernel.a(fatal.c.obj)
 .rodata.z_cstart.str1.1
                0x0000000000005336        0x5 zephyr/kernel/libkernel.a(init.c.obj)
 .rodata.str1.1
                0x000000000000533b        0x3 zephyr/kernel/libkernel.a(init.c.obj)
 .rodata.boot_banner.str1.1
                0x000000000000533e       0x28 zephyr/kernel/libkernel.a(banner.c.obj)
 .rodata.__i_vfprintf.str1.1
                0x0000000000005366        0xf c:\ncs\toolchains\ce3b5ff664\opt\zephyr-sdk\arm-zephyr-eabi\bin\../lib/gcc/../../picolibc/arm-zephyr-eabi/lib/thumb/v7e-m/nofp\libc.a(libc_tinystdio_vfiprintf.c.o)
 *(SORT_BY_ALIGNMENT(.gnu.linkonce.r.*))
                0x0000000000005378                . = ALIGN (0x4)
 *fill*         0x0000000000005375        0x3 
                0x0000000000005378                __rodata_region_end = .
                0x0000000000005380                . = ALIGN (_region_min_align)
                0x0000000000008000                . = ALIGN ((0x1 << LOG2CEIL ((__rodata_region_end - ADDR (rom_start)))))
                0x0000000000008000                __rom_region_end = ((__rom_region_start + .) - ADDR (rom_start))

/DISCARD/
 *(SORT_BY_ALIGNMENT(.got.plt))
 *(SORT_BY_ALIGNMENT(.igot.plt))
 *(SORT_BY_ALIGNMENT(.got))
 *(SORT_BY_ALIGNMENT(.igot))
                0x0000000020000000                . = 0x20000000
                0x0000000020000000                . = ALIGN (_region_min_align)
                0x0000000020000000                _image_ram_start = .

.ramfunc        0x0000000020000000        0x0 load address 0x0000000000005378
                0x0000000020000000                . = ALIGN (_region_min_align)
                0x0000000020000000                . = ALIGN ((0x1 << LOG2CEIL (__ramfunc_size)))
                0x0000000020000000                __ramfunc_start = .
 *(SORT_BY_ALIGNMENT(.ramfunc))
 *(SORT_BY_ALIGNMENT(.ramfunc.*))
                0x0000000020000000                . = ALIGN (_region_min_align)
                0x0000000020000000                . = ALIGN ((0x1 << LOG2CEIL (__ramfunc_size)))
                0x0000000020000000                __ramfunc_end = .
                0x0000000000000000                __ramfunc_size = (__ramfunc_end - __ramfunc_start)
                0x0000000000005378                __ramfunc_load_start = LOADADDR (.ramfunc)

datas           0x0000000020000000       0x80 load address 0x0000000000005378
                0x0000000020000000                __data_region_start = .
                0x0000000020000000                __data_start = .
 *(SORT_BY_ALIGNMENT(.data))
 *(SORT_BY_ALIGNMENT(.data.*))
 .data._char_out
                0x0000000020000000        0x4 zephyr/libzephyr.a(printk.c.obj)
                0x0000000020000000                _char_out
 .data.__stdout
                0x0000000020000004       0x10 zephyr/lib/libc/picolibc/liblib__libc__picolibc.a(libc-hooks.c.obj)
 .data.uart_nrfx_uart0_data
                0x0000000020000014        0x8 zephyr/drivers/serial/libdrivers__serial.a(uart_nrfx_uart.c.obj)
 .data.m_cb     0x000000002000001c       0x5c modules/hal_nordic/nrfx/libmodules__hal_nordic__nrfx.a(nrfx_gpiote.c.obj)
 .data.timeout_list
                0x0000000020000078        0x8 zephyr/kernel/libkernel.a(timeout.c.obj)
 *(SORT_BY_ALIGNMENT(.kernel.*))
                0x0000000020000080                __data_end = .
                0x0000000000000080                __data_size = (__data_end - __data_start)
                0x0000000000005378                __data_load_start = LOADADDR (datas)
                0x0000000000005378                __data_region_load_start = LOADADDR (datas)

device_states   0x0000000020000080        0x6 load address 0x00000000000053f8
                0x0000000020000080                __device_states_start = .
 *(SORT_BY_ALIGNMENT(.z_devstate))
 .z_devstate    0x0000000020000080        0x2 zephyr/drivers/clock_control/libdrivers__clock_control.a(clock_control_nrf.c.obj)
 .z_devstate    0x0000000020000082        0x2 zephyr/drivers/gpio/libdrivers__gpio.a(gpio_nrfx.c.obj)
 .z_devstate    0x0000000020000084        0x2 zephyr/drivers/serial/libdrivers__serial.a(uart_nrfx_uart.c.obj)
 *(SORT_BY_ALIGNMENT(.z_devstate.*))
                0x0000000020000086                __device_states_end = .

log_mpsc_pbuf_area
                0x0000000020000086        0x0 load address 0x00000000000053fe
                0x0000000020000086                _log_mpsc_pbuf_list_start = .
 *(SORT_BY_NAME(SORT_BY_ALIGNMENT(._log_mpsc_pbuf.static.*)))
                0x0000000020000086                _log_mpsc_pbuf_list_end = .

log_msg_ptr_area
                0x0000000020000086        0x0 load address 0x00000000000053fe
                0x0000000020000086                _log_msg_ptr_list_start = .
 *(SORT_BY_NAME(SORT_BY_ALIGNMENT(._log_msg_ptr.static.*)))
                0x0000000020000086                _log_msg_ptr_list_end = .

log_dynamic_area
                0x0000000020000086        0x0 load address 0x00000000000053fe
                0x0000000020000086                _log_dynamic_list_start = .
 *(SORT_BY_NAME(SORT_BY_ALIGNMENT(._log_dynamic.static.*)))
                0x0000000020000086                _log_dynamic_list_end = .

k_timer_area    0x0000000020000086        0x0 load address 0x00000000000053fe
                0x0000000020000086                _k_timer_list_start = .
 *(SORT_BY_NAME(SORT_BY_ALIGNMENT(._k_timer.static.*)))
                0x0000000020000086                _k_timer_list_end = .

k_mem_slab_area
                0x0000000020000086        0x0 load address 0x00000000000053fe
                0x0000000020000086                _k_mem_slab_list_start = .
 *(SORT_BY_NAME(SORT_BY_ALIGNMENT(._k_mem_slab.static.*)))
                0x0000000020000086                _k_mem_slab_list_end = .

k_heap_area     0x0000000020000086        0x0 load address 0x00000000000053fe
                0x0000000020000086                _k_heap_list_start = .
 *(SORT_BY_NAME(SORT_BY_ALIGNMENT(._k_heap.static.*)))
                0x0000000020000086                _k_heap_list_end = .

k_mutex_area    0x0000000020000086        0x0 load address 0x00000000000053fe
                0x0000000020000086                _k_mutex_list_start = .
 *(SORT_BY_NAME(SORT_BY_ALIGNMENT(._k_mutex.static.*)))
                0x0000000020000086                _k_mutex_list_end = .

k_stack_area    0x0000000020000086        0x0 load address 0x00000000000053fe
                0x0000000020000086                _k_stack_list_start = .
 *(SORT_BY_NAME(SORT_BY_ALIGNMENT(._k_stack.static.*)))
                0x0000000020000086                _k_stack_list_end = .

k_msgq_area     0x0000000020000086        0x0 load address 0x00000000000053fe
                0x0000000020000086                _k_msgq_list_start = .
 *(SORT_BY_NAME(SORT_BY_ALIGNMENT(._k_msgq.static.*)))
                0x0000000020000086                _k_msgq_list_end = .

k_mbox_area     0x0000000020000086        0x0 load address 0x00000000000053fe
                0x0000000020000086                _k_mbox_list_start = .
 *(SORT_BY_NAME(SORT_BY_ALIGNMENT(._k_mbox.static.*)))
                0x0000000020000086                _k_mbox_list_end = .

k_pipe_area     0x0000000020000086        0x0 load address 0x00000000000053fe
                0x0000000020000086                _k_pipe_list_start = .
 *(SORT_BY_NAME(SORT_BY_ALIGNMENT(._k_pipe.static.*)))
                0x0000000020000086                _k_pipe_list_end = .

k_sem_area      0x0000000020000086        0x0 load address 0x00000000000053fe
                0x0000000020000086                _k_sem_list_start = .
 *(SORT_BY_NAME(SORT_BY_ALIGNMENT(._k_sem.static.*)))
                0x0000000020000086                _k_sem_list_end = .

k_event_area    0x0000000020000086        0x0 load address 0x00000000000053fe
                0x0000000020000086                _k_event_list_start = .
 *(SORT_BY_NAME(SORT_BY_ALIGNMENT(._k_event.static.*)))
                0x0000000020000086                _k_event_list_end = .

k_queue_area    0x0000000020000086        0x0 load address 0x00000000000053fe
                0x0000000020000086                _k_queue_list_start = .
 *(SORT_BY_NAME(SORT_BY_ALIGNMENT(._k_queue.static.*)))
                0x0000000020000086                _k_queue_list_end = .

k_condvar_area  0x0000000020000086        0x0 load address 0x00000000000053fe
                0x0000000020000086                _k_condvar_list_start = .
 *(SORT_BY_NAME(SORT_BY_ALIGNMENT(._k_condvar.static.*)))
                0x0000000020000086                _k_condvar_list_end = .

net_buf_pool_area
                0x0000000020000086        0x0 load address 0x00000000000053fe
                0x0000000020000086                _net_buf_pool_list_start = .
 *(SORT_BY_NAME(SORT_BY_ALIGNMENT(._net_buf_pool.static.*)))
                0x0000000020000086                _net_buf_pool_list_end = .
                0x0000000020000086                __data_region_end = .

bss             0x0000000020000088      0x6d1
                0x0000000020000088                . = ALIGN (0x4)
                0x0000000020000088                __bss_start = .
                0x0000000020000088                __kernel_ram_start = .
 *(SORT_BY_ALIGNMENT(.bss))
 *(SORT_BY_ALIGNMENT(.bss.*))
 .bss.cc_data   0x0000000020000088       0x10 zephyr/drivers/timer/libdrivers__timer.a(nrf_rtc_timer.c.obj)
 .bss.last_count
                0x0000000020000098        0x8 zephyr/drivers/timer/libdrivers__timer.a(nrf_rtc_timer.c.obj)
 .bss.anchor    0x00000000200000a0        0x8 zephyr/drivers/timer/libdrivers__timer.a(nrf_rtc_timer.c.obj)
 .bss.z_idle_threads
                0x00000000200000a8       0x80 zephyr/kernel/libkernel.a(init.c.obj)
                0x00000000200000a8                z_idle_threads
 .bss.z_main_thread
                0x0000000020000128       0x80 zephyr/kernel/libkernel.a(init.c.obj)
                0x0000000020000128                z_main_thread
 .bss.slice_timeouts
                0x00000000200001a8       0x18 zephyr/kernel/libkernel.a(sched.c.obj)
 .bss.curr_tick
                0x00000000200001c0        0x8 zephyr/kernel/libkernel.a(timeout.c.obj)
 .bss.button_cb_data
                0x00000000200001c8        0xc app/libapp.a(main.c.obj)
 .bss.z_arm_tls_ptr
                0x00000000200001d4        0x4 zephyr/arch/arch/arm/core/aarch32/libarch__arm__core__aarch32.a(tls.c.obj)
                0x00000000200001d4                z_arm_tls_ptr
 .bss._stdout_hook
                0x00000000200001d8        0x4 zephyr/lib/libc/picolibc/liblib__libc__picolibc.a(libc-hooks.c.obj)
 .bss.cli.2     0x00000000200001dc       0x10 zephyr/drivers/clock_control/libdrivers__clock_control.a(clock_control_nrf.c.obj)
 .bss.on.3      0x00000000200001ec        0x4 zephyr/drivers/clock_control/libdrivers__clock_control.a(clock_control_nrf.c.obj)
 .bss.data      0x00000000200001f0       0x50 zephyr/drivers/clock_control/libdrivers__clock_control.a(clock_control_nrf.c.obj)
 .bss.hfclk_users
                0x0000000020000240        0x4 zephyr/drivers/clock_control/libdrivers__clock_control.a(clock_control_nrf.c.obj)
 .bss.gpio_nrfx_p0_data
                0x0000000020000244        0xc zephyr/drivers/gpio/libdrivers__gpio.a(gpio_nrfx.c.obj)
 .bss.poll_out_lock.0
                0x0000000020000250        0x4 zephyr/drivers/serial/libdrivers__serial.a(uart_nrfx_uart.c.obj)
 .bss.force_isr_mask
                0x0000000020000254        0x4 zephyr/drivers/timer/libdrivers__timer.a(nrf_rtc_timer.c.obj)
 .bss.int_mask  0x0000000020000258        0x4 zephyr/drivers/timer/libdrivers__timer.a(nrf_rtc_timer.c.obj)
 .bss.overflow_cnt
                0x000000002000025c        0x4 zephyr/drivers/timer/libdrivers__timer.a(nrf_rtc_timer.c.obj)
 .bss.m_clock_cb
                0x0000000020000260        0x8 modules/hal_nordic/nrfx/libmodules__hal_nordic__nrfx.a(nrfx_clock.c.obj)
 .bss._SEGGER_RTT
                0x0000000020000268       0xa8 modules/segger/libmodules__segger.a(SEGGER_RTT.c.obj)
                0x0000000020000268                _SEGGER_RTT
 .bss._cpus_active
                0x0000000020000310        0x4 zephyr/kernel/libkernel.a(init.c.obj)
                0x0000000020000310                _cpus_active
 .bss._kernel   0x0000000020000314       0x20 zephyr/kernel/libkernel.a(init.c.obj)
                0x0000000020000314                _kernel
 .bss.pending_current
                0x0000000020000334        0x4 zephyr/kernel/libkernel.a(sched.c.obj)
 .bss.slice_max_prio
                0x0000000020000338        0x4 zephyr/kernel/libkernel.a(sched.c.obj)
 .bss.slice_ticks
                0x000000002000033c        0x4 zephyr/kernel/libkernel.a(sched.c.obj)
 .bss.announce_remaining
                0x0000000020000340        0x4 zephyr/kernel/libkernel.a(timeout.c.obj)
 .bss.static_regions_num
                0x0000000020000344        0x1 zephyr/arch/arch/arm/core/aarch32/mpu/libarch__arm__core__aarch32__mpu.a(arm_mpu.c.obj)
 .bss.once.1    0x0000000020000345        0x1 zephyr/drivers/clock_control/libdrivers__clock_control.a(clock_control_nrf.c.obj)
 .bss.host_present
                0x0000000020000346        0x1 zephyr/drivers/console/libdrivers__console.a(rtt_console.c.obj)
 .bss._acDownBuffer
                0x0000000020000347       0x10 modules/segger/libmodules__segger.a(SEGGER_RTT.c.obj)
 .bss._acUpBuffer
                0x0000000020000357      0x400 modules/segger/libmodules__segger.a(SEGGER_RTT.c.obj)
 .bss.z_sys_post_kernel
                0x0000000020000757        0x1 zephyr/kernel/libkernel.a(init.c.obj)
                0x0000000020000757                z_sys_post_kernel
 .bss.lock      0x0000000020000758        0x0 zephyr/kernel/libkernel.a(sem.c.obj)
 .bss.slice_expired
                0x0000000020000758        0x1 zephyr/kernel/libkernel.a(sched.c.obj)
 .bss.sched_spinlock
                0x0000000020000759        0x0 zephyr/kernel/libkernel.a(sched.c.obj)
                0x0000000020000759                sched_spinlock
 *(SORT_BY_ALIGNMENT(COMMON))
 *(SORT_BY_ALIGNMENT(.kernel_bss.*))
                0x000000002000075c                __bss_end = ALIGN (0x4)

noinit          0x0000000020000760      0xd4c
 *(SORT_BY_ALIGNMENT(.noinit))
 *(SORT_BY_ALIGNMENT(.noinit.*))
 .noinit."WEST_TOPDIR/zephyr/kernel/init.c".2
                0x0000000020000760      0x800 zephyr/kernel/libkernel.a(init.c.obj)
                0x0000000020000760                z_interrupt_stacks
 .noinit."WEST_TOPDIR/zephyr/kernel/init.c".1
                0x0000000020000f60      0x140 zephyr/kernel/libkernel.a(init.c.obj)
 .noinit."WEST_TOPDIR/zephyr/kernel/init.c".0
                0x00000000200010a0      0x400 zephyr/kernel/libkernel.a(init.c.obj)
                0x00000000200010a0                z_main_stack
 .noinit."WEST_TOPDIR/zephyr/lib/libc/common/source/stdlib/malloc.c".0
                0x00000000200014a0        0xc zephyr/lib/libc/common/liblib__libc__common.a(malloc.c.obj)
 *(SORT_BY_ALIGNMENT(.kernel_noinit.*))
                0x0000000020010000                __kernel_ram_end = 0x20010000
                0x000000000000ff78                __kernel_ram_size = (__kernel_ram_end - __kernel_ram_start)

.intList        0x00000000fffff800       0x38
 *(SORT_BY_ALIGNMENT(.irq_info*))
 .irq_info      0x00000000fffff800        0x8 zephyr/arch/common/libisr_tables.a(isr_tables.c.obj)
                0x00000000fffff800                _iheader
 *(SORT_BY_ALIGNMENT(.intList*))
 .intList       0x00000000fffff808       0x10 zephyr/drivers/clock_control/libdrivers__clock_control.a(clock_control_nrf.c.obj)
 .intList       0x00000000fffff818       0x10 zephyr/drivers/gpio/libdrivers__gpio.a(gpio_nrfx.c.obj)
 .intList       0x00000000fffff828       0x10 zephyr/drivers/timer/libdrivers__timer.a(nrf_rtc_timer.c.obj)

.last_ram_section
                0x00000000200014ac        0x0
                0x00000000200014ac                _image_ram_end = .
                0x00000000000014ac                _image_ram_size = (_image_ram_end - _image_ram_start)
                0x00000000200014ac                _end = .
                0x00000000200014ac                z_mapped_end = .

.stab
 *(SORT_BY_ALIGNMENT(.stab))

.stabstr
 *(SORT_BY_ALIGNMENT(.stabstr))

.stab.excl
 *(SORT_BY_ALIGNMENT(.stab.excl))

.stab.exclstr
 *(SORT_BY_ALIGNMENT(.stab.exclstr))

.stab.index
 *(SORT_BY_ALIGNMENT(.stab.index))

.stab.indexstr
 *(SORT_BY_ALIGNMENT(.stab.indexstr))

.gnu.build.attributes
 *(SORT_BY_ALIGNMENT(.gnu.build.attributes) SORT_BY_ALIGNMENT(.gnu.build.attributes.*))

.comment        0x0000000000000000       0x22
 *(SORT_BY_ALIGNMENT(.comment))
 .comment       0x0000000000000000       0x22 zephyr/CMakeFiles/offsets.dir/./arch/arm/core/offsets/offsets.c.obj
                                         0x23 (size before relaxing)
 .comment       0x0000000000000022       0x23 app/libapp.a(main.c.obj)
 .comment       0x0000000000000022       0x23 zephyr/libzephyr.a(cbprintf_packaged.c.obj)
 .comment       0x0000000000000022       0x23 zephyr/libzephyr.a(printk.c.obj)
 .comment       0x0000000000000022       0x23 zephyr/libzephyr.a(thread_entry.c.obj)
 .comment       0x0000000000000022       0x23 zephyr/libzephyr.a(heap.c.obj)
 .comment       0x0000000000000022       0x23 zephyr/libzephyr.a(onoff.c.obj)
 .comment       0x0000000000000022       0x23 zephyr/libzephyr.a(notify.c.obj)
 .comment       0x0000000000000022       0x23 zephyr/libzephyr.a(configs.c.obj)
 .comment       0x0000000000000022       0x23 zephyr/libzephyr.a(log_minimal.c.obj)
 .comment       0x0000000000000022       0x23 zephyr/arch/arch/arm/core/aarch32/libarch__arm__core__aarch32.a(fatal.c.obj)
 .comment       0x0000000000000022       0x23 zephyr/arch/arch/arm/core/aarch32/libarch__arm__core__aarch32.a(irq_manage.c.obj)
 .comment       0x0000000000000022       0x23 zephyr/arch/arch/arm/core/aarch32/libarch__arm__core__aarch32.a(nmi.c.obj)
 .comment       0x0000000000000022       0x23 zephyr/arch/arch/arm/core/aarch32/libarch__arm__core__aarch32.a(prep_c.c.obj)
 .comment       0x0000000000000022       0x23 zephyr/arch/arch/arm/core/aarch32/libarch__arm__core__aarch32.a(swap.c.obj)
 .comment       0x0000000000000022       0x23 zephyr/arch/arch/arm/core/aarch32/libarch__arm__core__aarch32.a(thread.c.obj)
 .comment       0x0000000000000022       0x23 zephyr/arch/arch/arm/core/aarch32/libarch__arm__core__aarch32.a(tls.c.obj)
 .comment       0x0000000000000022       0x23 zephyr/arch/arch/arm/core/aarch32/cortex_m/libarch__arm__core__aarch32__cortex_m.a(fault.c.obj)
 .comment       0x0000000000000022       0x23 zephyr/arch/arch/arm/core/aarch32/cortex_m/libarch__arm__core__aarch32__cortex_m.a(irq_init.c.obj)
 .comment       0x0000000000000022       0x23 zephyr/arch/arch/arm/core/aarch32/cortex_m/libarch__arm__core__aarch32__cortex_m.a(scb.c.obj)
 .comment       0x0000000000000022       0x23 zephyr/arch/arch/arm/core/aarch32/cortex_m/libarch__arm__core__aarch32__cortex_m.a(thread_abort.c.obj)
 .comment       0x0000000000000022       0x23 zephyr/arch/arch/arm/core/aarch32/mpu/libarch__arm__core__aarch32__mpu.a(arm_core_mpu.c.obj)
 .comment       0x0000000000000022       0x23 zephyr/arch/arch/arm/core/aarch32/mpu/libarch__arm__core__aarch32__mpu.a(arm_mpu.c.obj)
 .comment       0x0000000000000022       0x23 zephyr/lib/libc/picolibc/liblib__libc__picolibc.a(libc-hooks.c.obj)
 .comment       0x0000000000000022       0x23 zephyr/lib/libc/common/liblib__libc__common.a(malloc.c.obj)
 .comment       0x0000000000000022       0x23 zephyr/soc/soc/arm/common/cortex_m/libsoc__arm__common__cortex_m.a(arm_mpu_regions.c.obj)
 .comment       0x0000000000000022       0x23 zephyr/soc/soc/arm/nordic_nrf/nrf52/libsoc__arm__nordic_nrf__nrf52.a(soc.c.obj)
 .comment       0x0000000000000022       0x23 zephyr/drivers/clock_control/libdrivers__clock_control.a(clock_control_nrf.c.obj)
 .comment       0x0000000000000022       0x23 zephyr/drivers/console/libdrivers__console.a(rtt_console.c.obj)
 .comment       0x0000000000000022       0x23 zephyr/drivers/console/libdrivers__console.a(uart_console.c.obj)
 .comment       0x0000000000000022       0x23 zephyr/drivers/gpio/libdrivers__gpio.a(gpio_nrfx.c.obj)
 .comment       0x0000000000000022       0x23 zephyr/drivers/pinctrl/libdrivers__pinctrl.a(common.c.obj)
 .comment       0x0000000000000022       0x23 zephyr/drivers/pinctrl/libdrivers__pinctrl.a(pinctrl_nrf.c.obj)
 .comment       0x0000000000000022       0x23 zephyr/drivers/serial/libdrivers__serial.a(uart_nrfx_uart.c.obj)
 .comment       0x0000000000000022       0x23 zephyr/drivers/timer/libdrivers__timer.a(nrf_rtc_timer.c.obj)
 .comment       0x0000000000000022       0x23 modules/nrf/lib/fatal_error/lib..__nrf__lib__fatal_error.a(fatal_error.c.obj)
 .comment       0x0000000000000022       0x23 modules/hal_nordic/nrfx/libmodules__hal_nordic__nrfx.a(system_nrf52.c.obj)
 .comment       0x0000000000000022       0x23 modules/hal_nordic/nrfx/libmodules__hal_nordic__nrfx.a(nrfx_glue.c.obj)
 .comment       0x0000000000000022       0x23 modules/hal_nordic/nrfx/libmodules__hal_nordic__nrfx.a(nrfx_flag32_allocator.c.obj)
 .comment       0x0000000000000022       0x23 modules/hal_nordic/nrfx/libmodules__hal_nordic__nrfx.a(nrfx_clock.c.obj)
 .comment       0x0000000000000022       0x23 modules/hal_nordic/nrfx/libmodules__hal_nordic__nrfx.a(nrfx_gpiote.c.obj)
 .comment       0x0000000000000022       0x23 modules/segger/libmodules__segger.a(SEGGER_RTT.c.obj)
 .comment       0x0000000000000022       0x23 modules/segger/libmodules__segger.a(SEGGER_RTT_zephyr.c.obj)
 .comment       0x0000000000000022       0x23 zephyr/kernel/libkernel.a(busy_wait.c.obj)
 .comment       0x0000000000000022       0x23 zephyr/kernel/libkernel.a(device.c.obj)
 .comment       0x0000000000000022       0x23 zephyr/kernel/libkernel.a(errno.c.obj)
 .comment       0x0000000000000022       0x23 zephyr/kernel/libkernel.a(fatal.c.obj)
 .comment       0x0000000000000022       0x23 zephyr/kernel/libkernel.a(init.c.obj)
 .comment       0x0000000000000022       0x23 zephyr/kernel/libkernel.a(thread.c.obj)
 .comment       0x0000000000000022       0x23 zephyr/kernel/libkernel.a(idle.c.obj)
 .comment       0x0000000000000022       0x23 zephyr/kernel/libkernel.a(sem.c.obj)
 .comment       0x0000000000000022       0x23 zephyr/kernel/libkernel.a(sched.c.obj)
 .comment       0x0000000000000022       0x23 zephyr/kernel/libkernel.a(xip.c.obj)
 .comment       0x0000000000000022       0x23 zephyr/kernel/libkernel.a(timeout.c.obj)
 .comment       0x0000000000000022       0x23 zephyr/kernel/libkernel.a(banner.c.obj)
 .comment       0x0000000000000022       0x23 zephyr/arch/common/libisr_tables.a(isr_tables.c.obj)

.debug
 *(SORT_BY_ALIGNMENT(.debug))

.line
 *(SORT_BY_ALIGNMENT(.line))

.debug_srcinfo
 *(SORT_BY_ALIGNMENT(.debug_srcinfo))

.debug_sfnames
 *(SORT_BY_ALIGNMENT(.debug_sfnames))

.debug_aranges  0x0000000000000000     0x1360
 *(SORT_BY_ALIGNMENT(.debug_aranges))
 .debug_aranges
                0x0000000000000000       0x20 zephyr/libzephyr.a(soc_nrf_common.S.obj)
 .debug_aranges
                0x0000000000000020       0x30 zephyr/arch/arch/arm/core/aarch32/libarch__arm__core__aarch32.a(cpu_idle.S.obj)
 .debug_aranges
                0x0000000000000050       0x20 zephyr/arch/arch/arm/core/aarch32/libarch__arm__core__aarch32.a(nmi_on_reset.S.obj)
 .debug_aranges
                0x0000000000000070       0x28 zephyr/arch/arch/arm/core/aarch32/libarch__arm__core__aarch32.a(swap_helper.S.obj)
 .debug_aranges
                0x0000000000000098       0x20 zephyr/arch/arch/arm/core/aarch32/libarch__arm__core__aarch32.a(isr_wrapper.S.obj)
 .debug_aranges
                0x00000000000000b8       0x20 zephyr/arch/arch/arm/core/aarch32/cortex_m/libarch__arm__core__aarch32__cortex_m.a(exc_exit.S.obj)
 .debug_aranges
                0x00000000000000d8       0x20 zephyr/arch/arch/arm/core/aarch32/cortex_m/libarch__arm__core__aarch32__cortex_m.a(fault_s.S.obj)
 .debug_aranges
                0x00000000000000f8       0x20 zephyr/arch/arch/arm/core/aarch32/cortex_m/libarch__arm__core__aarch32__cortex_m.a(reset.S.obj)
 .debug_aranges
                0x0000000000000118       0x20 zephyr/arch/arch/arm/core/aarch32/cortex_m/libarch__arm__core__aarch32__cortex_m.a(__aeabi_read_tp.S.obj)
 .debug_aranges
                0x0000000000000138       0x20 zephyr/CMakeFiles/offsets.dir/./arch/arm/core/offsets/offsets.c.obj
 .debug_aranges
                0x0000000000000158       0x30 app/libapp.a(main.c.obj)
 .debug_aranges
                0x0000000000000188       0x40 zephyr/libzephyr.a(cbprintf_packaged.c.obj)
 .debug_aranges
                0x00000000000001c8       0x50 zephyr/libzephyr.a(printk.c.obj)
 .debug_aranges
                0x0000000000000218       0x20 zephyr/libzephyr.a(thread_entry.c.obj)
 .debug_aranges
                0x0000000000000238       0x88 zephyr/libzephyr.a(heap.c.obj)
 .debug_aranges
                0x00000000000002c0       0x90 zephyr/libzephyr.a(onoff.c.obj)
 .debug_aranges
                0x0000000000000350       0x28 zephyr/libzephyr.a(notify.c.obj)
 .debug_aranges
                0x0000000000000378       0x20 zephyr/libzephyr.a(configs.c.obj)
 .debug_aranges
                0x0000000000000398       0x30 zephyr/libzephyr.a(log_minimal.c.obj)
 .debug_aranges
                0x00000000000003c8       0x30 zephyr/arch/arch/arm/core/aarch32/libarch__arm__core__aarch32.a(fatal.c.obj)
 .debug_aranges
                0x00000000000003f8       0x40 zephyr/arch/arch/arm/core/aarch32/libarch__arm__core__aarch32.a(irq_manage.c.obj)
 .debug_aranges
                0x0000000000000438       0x20 zephyr/arch/arch/arm/core/aarch32/libarch__arm__core__aarch32.a(nmi.c.obj)
 .debug_aranges
                0x0000000000000458       0x20 zephyr/arch/arch/arm/core/aarch32/libarch__arm__core__aarch32.a(prep_c.c.obj)
 .debug_aranges
                0x0000000000000478       0x20 zephyr/arch/arch/arm/core/aarch32/libarch__arm__core__aarch32.a(swap.c.obj)
 .debug_aranges
                0x0000000000000498       0x28 zephyr/arch/arch/arm/core/aarch32/libarch__arm__core__aarch32.a(thread.c.obj)
 .debug_aranges
                0x00000000000004c0       0x20 zephyr/arch/arch/arm/core/aarch32/libarch__arm__core__aarch32.a(tls.c.obj)
 .debug_aranges
                0x00000000000004e0       0x40 zephyr/arch/arch/arm/core/aarch32/cortex_m/libarch__arm__core__aarch32__cortex_m.a(fault.c.obj)
 .debug_aranges
                0x0000000000000520       0x20 zephyr/arch/arch/arm/core/aarch32/cortex_m/libarch__arm__core__aarch32__cortex_m.a(irq_init.c.obj)
 .debug_aranges
                0x0000000000000540       0x30 zephyr/arch/arch/arm/core/aarch32/cortex_m/libarch__arm__core__aarch32__cortex_m.a(scb.c.obj)
 .debug_aranges
                0x0000000000000570       0x20 zephyr/arch/arch/arm/core/aarch32/cortex_m/libarch__arm__core__aarch32__cortex_m.a(thread_abort.c.obj)
 .debug_aranges
                0x0000000000000590       0x28 zephyr/arch/arch/arm/core/aarch32/mpu/libarch__arm__core__aarch32__mpu.a(arm_core_mpu.c.obj)
 .debug_aranges
                0x00000000000005b8       0x48 zephyr/arch/arch/arm/core/aarch32/mpu/libarch__arm__core__aarch32__mpu.a(arm_mpu.c.obj)
 .debug_aranges
                0x0000000000000600       0xa8 zephyr/lib/libc/picolibc/liblib__libc__picolibc.a(libc-hooks.c.obj)
 .debug_aranges
                0x00000000000006a8       0x58 zephyr/lib/libc/common/liblib__libc__common.a(malloc.c.obj)
 .debug_aranges
                0x0000000000000700       0x18 zephyr/soc/soc/arm/common/cortex_m/libsoc__arm__common__cortex_m.a(arm_mpu_regions.c.obj)
 .debug_aranges
                0x0000000000000718       0x28 zephyr/soc/soc/arm/nordic_nrf/nrf52/libsoc__arm__nordic_nrf__nrf52.a(soc.c.obj)
 .debug_aranges
                0x0000000000000740       0xc8 zephyr/drivers/clock_control/libdrivers__clock_control.a(clock_control_nrf.c.obj)
 .debug_aranges